#
# There is insufficient memory for the Java Runtime Environment to continue.
# Native memory allocation (malloc) failed to allocate 602096 bytes for Chunk::new
# Possible reasons:
#   The system is out of physical RAM or swap space
#   The process is running with CompressedOops enabled, and the Java Heap may be blocking the growth of the native heap
# Possible solutions:
#   Reduce memory load on the system
#   Increase physical memory or swap space
#   Check if swap backing store is full
#   Decrease Java heap size (-Xmx/-Xms)
#   Decrease number of Java threads
#   Decrease Java thread stack sizes (-Xss)
#   Set larger code cache with -XX:ReservedCodeCacheSize=
#   JVM is running with Unscaled Compressed Oops mode in which the Java heap is
#     placed in the first 4GB address space. The Java Heap base address is the
#     maximum limit for the native heap growth. Please use -XX:HeapBaseMinAddress
#     to set the Java Heap base and to place the Java Heap above 4GB virtual address.
# This output file may be truncated or incomplete.
#
#  Out of Memory Error (arena.cpp:168), pid=28584, tid=27896
#
# JRE version: Java(TM) SE Runtime Environment (21.0.7+8) (build 21.0.7+8-LTS-245)
# Java VM: Java HotSpot(TM) 64-Bit Server VM (21.0.7+8-LTS-245, mixed mode, sharing, tiered, compressed oops, compressed class ptrs, g1 gc, windows-amd64)
# No core dump will be written. Minidumps are not enabled by default on client versions of Windows
#

---------------  S U M M A R Y ------------

Command Line: --add-opens=java.base/java.util=ALL-UNNAMED --add-opens=java.base/java.lang=ALL-UNNAMED --add-opens=java.base/java.lang.invoke=ALL-UNNAMED --add-opens=java.prefs/java.util.prefs=ALL-UNNAMED --add-exports=jdk.compiler/com.sun.tools.javac.api=ALL-UNNAMED --add-exports=jdk.compiler/com.sun.tools.javac.util=ALL-UNNAMED --add-opens=java.base/java.nio.charset=ALL-UNNAMED --add-opens=java.base/java.net=ALL-UNNAMED --add-opens=java.base/java.util.concurrent.atomic=ALL-UNNAMED -XX:MaxMetaspaceSize=384m -XX:+HeapDumpOnOutOfMemoryError -Xms256m -Xmx512m -Dfile.encoding=UTF-8 -Duser.country=MX -Duser.language=es -Duser.variant -javaagent:C:\Users\Alienware 17-R5 Dell\.gradle\wrapper\dists\gradle-8.10-bin\deqhafrv1ntovfmgh0nh3npr9\gradle-8.10\lib\agents\gradle-instrumentation-agent-8.10.jar org.gradle.launcher.daemon.bootstrap.GradleDaemon 8.10

Host: Intel(R) Core(TM) i7-8750H CPU @ 2.20GHz, 12 cores, 15G,  Windows 10 , 64 bit Build 19041 (10.0.19041.5915)
Time: Tue Jun 10 17:04:09 2025 Hora estándar del Este elapsed time: 13.833654 seconds (0d 0h 0m 13s)

---------------  T H R E A D  ---------------

Current thread (0x0000023fe918b720):  JavaThread "C2 CompilerThread1" daemon [_thread_in_native, id=27896, stack(0x000000b979200000,0x000000b979300000) (1024K)]


Current CompileTask:
C2:  13833 6816       4       java.lang.invoke.MethodType::makeImpl (109 bytes)

Stack: [0x000000b979200000,0x000000b979300000]
Native frames: (J=compiled Java code, j=interpreted, Vv=VM code, C=native code)
V  [jvm.dll+0x6cae19]
V  [jvm.dll+0x855741]
V  [jvm.dll+0x857c6e]
V  [jvm.dll+0x858343]
V  [jvm.dll+0x27e0b6]
V  [jvm.dll+0xc4ecd]
V  [jvm.dll+0xc5403]
V  [jvm.dll+0x2f145d]
V  [jvm.dll+0x5f5a8a]
V  [jvm.dll+0x24fbc2]
V  [jvm.dll+0x248244]
V  [jvm.dll+0x246004]
V  [jvm.dll+0x1c6efe]
V  [jvm.dll+0x255819]
V  [jvm.dll+0x253daa]
V  [jvm.dll+0x3eebb6]
V  [jvm.dll+0x7ffa1b]
V  [jvm.dll+0x6c94fd]
C  [ucrtbase.dll+0x21bb2]
C  [KERNEL32.DLL+0x17374]
C  [ntdll.dll+0x4cc91]


---------------  P R O C E S S  ---------------

Threads class SMR info:
_java_thread_list=0x0000023fcec21d40, length=93, elements={
0x0000023fb1bb5700, 0x0000023fcede9390, 0x0000023fcede9f40, 0x0000023fcedeac50,
0x0000023fcedee6c0, 0x0000023fcedef520, 0x0000023fcedf01f0, 0x0000023fcedfaf90,
0x0000023fcedfe780, 0x0000023fe80c05e0, 0x0000023fe82439d0, 0x0000023fe918b720,
0x0000023fe9e832c0, 0x0000023fe9736170, 0x0000023fe9d49cb0, 0x0000023fe99ae130,
0x0000023fe93d74f0, 0x0000023fe9d454e0, 0x0000023fe943c7d0, 0x0000023fe9187f30,
0x0000023fe9e5c640, 0x0000023fe9e5ccd0, 0x0000023fe9e5b920, 0x0000023fe9e5bfb0,
0x0000023fea3c1530, 0x0000023fea3c1bc0, 0x0000023fea3c4320, 0x0000023fea3c2250,
0x0000023fea3bfaf0, 0x0000023fea3c28e0, 0x0000023fea3c63f0, 0x0000023fea3c2f70,
0x0000023fea3c3c90, 0x0000023fea3c3600, 0x0000023fea3c5040, 0x0000023fea3c6a80,
0x0000023fea3c0180, 0x0000023fea3c0810, 0x0000023fea3c0ea0, 0x0000023febf06460,
0x0000023febf02950, 0x0000023febf03d00, 0x0000023febf07810, 0x0000023febf04390,
0x0000023febf05740, 0x0000023febf08bc0, 0x0000023febf05dd0, 0x0000023febf09f70,
0x0000023febf07ea0, 0x0000023febf06af0, 0x0000023febf098e0, 0x0000023febf02fe0,
0x0000023febf08530, 0x0000023febf03670, 0x0000023febf07180, 0x0000023febf09250,
0x0000023fef5eda20, 0x0000023fef5eb2c0, 0x0000023fef5eedd0, 0x0000023fef5e9f10,
0x0000023fef5ee0b0, 0x0000023fef5ec670, 0x0000023fef5ecd00, 0x0000023fef5eb950,
0x0000023fef5ee740, 0x0000023fef5ed390, 0x0000023fef5ef460, 0x0000023fef5e84d0,
0x0000023fef5e9880, 0x0000023fef5efaf0, 0x0000023fef5eac30, 0x0000023fef5e8b60,
0x0000023fef5e91f0, 0x0000023fef5ea5a0, 0x0000023fef5ebfe0, 0x0000023fee1145b0,
0x0000023fee1124e0, 0x0000023fee114c40, 0x0000023fee1173a0, 0x0000023fea823a70,
0x0000023fee116680, 0x0000023fee115960, 0x0000023fee110aa0, 0x0000023fee1117c0,
0x0000023fee115ff0, 0x0000023fee116d10, 0x0000023fee111e50, 0x0000023fee111130,
0x0000023fee117a30, 0x0000023fee1180c0, 0x0000023fee112b70, 0x0000023fee113200,
0x0000023fee113890
}

Java Threads: ( => current thread )
  0x0000023fb1bb5700 JavaThread "main"                              [_thread_blocked, id=16180, stack(0x000000b978000000,0x000000b978100000) (1024K)]
  0x0000023fcede9390 JavaThread "Reference Handler"          daemon [_thread_blocked, id=27168, stack(0x000000b978800000,0x000000b978900000) (1024K)]
  0x0000023fcede9f40 JavaThread "Finalizer"                  daemon [_thread_blocked, id=28612, stack(0x000000b978900000,0x000000b978a00000) (1024K)]
  0x0000023fcedeac50 JavaThread "Signal Dispatcher"          daemon [_thread_blocked, id=26928, stack(0x000000b978a00000,0x000000b978b00000) (1024K)]
  0x0000023fcedee6c0 JavaThread "Attach Listener"            daemon [_thread_blocked, id=26644, stack(0x000000b978b00000,0x000000b978c00000) (1024K)]
  0x0000023fcedef520 JavaThread "Service Thread"             daemon [_thread_blocked, id=28352, stack(0x000000b978c00000,0x000000b978d00000) (1024K)]
  0x0000023fcedf01f0 JavaThread "Monitor Deflation Thread"   daemon [_thread_blocked, id=26820, stack(0x000000b978d00000,0x000000b978e00000) (1024K)]
  0x0000023fcedfaf90 JavaThread "C2 CompilerThread0"         daemon [_thread_in_native, id=28288, stack(0x000000b978e00000,0x000000b978f00000) (1024K)]
  0x0000023fcedfe780 JavaThread "C1 CompilerThread0"         daemon [_thread_blocked, id=28080, stack(0x000000b978f00000,0x000000b979000000) (1024K)]
  0x0000023fe80c05e0 JavaThread "Common-Cleaner"             daemon [_thread_blocked, id=28072, stack(0x000000b979000000,0x000000b979100000) (1024K)]
  0x0000023fe82439d0 JavaThread "Notification Thread"        daemon [_thread_blocked, id=26764, stack(0x000000b979100000,0x000000b979200000) (1024K)]
=>0x0000023fe918b720 JavaThread "C2 CompilerThread1"         daemon [_thread_in_native, id=27896, stack(0x000000b979200000,0x000000b979300000) (1024K)]
  0x0000023fe9e832c0 JavaThread "Daemon health stats"               [_thread_blocked, id=27948, stack(0x000000b979300000,0x000000b979400000) (1024K)]
  0x0000023fe9736170 JavaThread "Incoming local TCP Connector on port 53378"        [_thread_in_native, id=20668, stack(0x000000b979900000,0x000000b979a00000) (1024K)]
  0x0000023fe9d49cb0 JavaThread "Daemon periodic checks"            [_thread_blocked, id=27984, stack(0x000000b979a00000,0x000000b979b00000) (1024K)]
  0x0000023fe99ae130 JavaThread "Daemon"                            [_thread_blocked, id=20024, stack(0x000000b979b00000,0x000000b979c00000) (1024K)]
  0x0000023fe93d74f0 JavaThread "Handler for socket connection from /127.0.0.1:53378 to /127.0.0.1:53379"        [_thread_in_native, id=9280, stack(0x000000b979c00000,0x000000b979d00000) (1024K)]
  0x0000023fe9d454e0 JavaThread "Cancel handler"                    [_thread_blocked, id=28240, stack(0x000000b979d00000,0x000000b979e00000) (1024K)]
  0x0000023fe943c7d0 JavaThread "Daemon worker"                     [_thread_in_vm, id=25608, stack(0x000000b979e00000,0x000000b979f00000) (1024K)]
  0x0000023fe9187f30 JavaThread "Asynchronous log dispatcher for DefaultDaemonConnection: socket connection from /127.0.0.1:53378 to /127.0.0.1:53379"        [_thread_blocked, id=28224, stack(0x000000b979f00000,0x000000b97a000000) (1024K)]
  0x0000023fe9e5c640 JavaThread "Stdin handler"                     [_thread_blocked, id=25892, stack(0x000000b97a000000,0x000000b97a100000) (1024K)]
  0x0000023fe9e5ccd0 JavaThread "Daemon client event forwarder"        [_thread_blocked, id=27668, stack(0x000000b97a100000,0x000000b97a200000) (1024K)]
  0x0000023fe9e5b920 JavaThread "Cache worker for journal cache (C:\Users\Alienware 17-R5 Dell\.gradle\caches\journal-1)"        [_thread_blocked, id=3980, stack(0x000000b97a200000,0x000000b97a300000) (1024K)]
  0x0000023fe9e5bfb0 JavaThread "File lock request listener"        [_thread_in_native, id=6452, stack(0x000000b97a300000,0x000000b97a400000) (1024K)]
  0x0000023fea3c1530 JavaThread "Cache worker for file hash cache (C:\Users\Alienware 17-R5 Dell\.gradle\caches\8.10\fileHashes)"        [_thread_blocked, id=5416, stack(0x000000b97a400000,0x000000b97a500000) (1024K)]
  0x0000023fea3c1bc0 JavaThread "Cache worker for file hash cache (C:\Users\Alienware 17-R5 Dell\Desktop\IS3\adminucoshopproccesatencliente\.gradle\8.10\fileHashes)"        [_thread_blocked, id=24512, stack(0x000000b97ac00000,0x000000b97ad00000) (1024K)]
  0x0000023fea3c4320 JavaThread "Cache worker for Build Output Cleanup Cache (C:\Users\Alienware 17-R5 Dell\Desktop\IS3\adminucoshopproccesatencliente\.gradle\buildOutputCleanup)"        [_thread_blocked, id=24092, stack(0x000000b97ad00000,0x000000b97ae00000) (1024K)]
  0x0000023fea3c2250 JavaThread "File watcher server"        daemon [_thread_in_native, id=24120, stack(0x000000b97ae00000,0x000000b97af00000) (1024K)]
  0x0000023fea3bfaf0 JavaThread "File watcher consumer"      daemon [_thread_blocked, id=13592, stack(0x000000b97af00000,0x000000b97b000000) (1024K)]
  0x0000023fea3c28e0 JavaThread "Cache worker for checksums cache (C:\Users\Alienware 17-R5 Dell\Desktop\IS3\adminucoshopproccesatencliente\.gradle\8.10\checksums)"        [_thread_blocked, id=23856, stack(0x000000b97a500000,0x000000b97a600000) (1024K)]
  0x0000023fea3c63f0 JavaThread "Cache worker for file content cache (C:\Users\Alienware 17-R5 Dell\.gradle\caches\8.10\fileContent)"        [_thread_blocked, id=23988, stack(0x000000b97b000000,0x000000b97b100000) (1024K)]
  0x0000023fea3c2f70 JavaThread "Cache worker for cache directory md-rule (C:\Users\Alienware 17-R5 Dell\.gradle\caches\8.10\md-rule)"        [_thread_blocked, id=23692, stack(0x000000b97b100000,0x000000b97b200000) (1024K)]
  0x0000023fea3c3c90 JavaThread "Cache worker for cache directory md-supplier (C:\Users\Alienware 17-R5 Dell\.gradle\caches\8.10\md-supplier)"        [_thread_blocked, id=23276, stack(0x000000b97b200000,0x000000b97b300000) (1024K)]
  0x0000023fea3c3600 JavaThread "jar transforms"                    [_thread_blocked, id=18156, stack(0x000000b97b300000,0x000000b97b400000) (1024K)]
  0x0000023fea3c5040 JavaThread "jar transforms Thread 2"           [_thread_blocked, id=23976, stack(0x000000b97b400000,0x000000b97b500000) (1024K)]
  0x0000023fea3c6a80 JavaThread "jar transforms Thread 3"           [_thread_blocked, id=27720, stack(0x000000b97b600000,0x000000b97b700000) (1024K)]
  0x0000023fea3c0180 JavaThread "Unconstrained build operations"        [_thread_blocked, id=28464, stack(0x000000b97b500000,0x000000b97b600000) (1024K)]
  0x0000023fea3c0810 JavaThread "Unconstrained build operations Thread 2"        [_thread_blocked, id=17292, stack(0x000000b97b700000,0x000000b97b800000) (1024K)]
  0x0000023fea3c0ea0 JavaThread "jar transforms Thread 4"           [_thread_blocked, id=28008, stack(0x000000b97b800000,0x000000b97b900000) (1024K)]
  0x0000023febf06460 JavaThread "jar transforms Thread 5"           [_thread_blocked, id=28384, stack(0x000000b97b900000,0x000000b97ba00000) (1024K)]
  0x0000023febf02950 JavaThread "jar transforms Thread 6"           [_thread_blocked, id=27944, stack(0x000000b97ba00000,0x000000b97bb00000) (1024K)]
  0x0000023febf03d00 JavaThread "jar transforms Thread 7"           [_thread_blocked, id=27656, stack(0x000000b97bb00000,0x000000b97bc00000) (1024K)]
  0x0000023febf07810 JavaThread "jar transforms Thread 8"           [_thread_blocked, id=27812, stack(0x000000b97bc00000,0x000000b97bd00000) (1024K)]
  0x0000023febf04390 JavaThread "jar transforms Thread 9"           [_thread_blocked, id=28092, stack(0x000000b97bd00000,0x000000b97be00000) (1024K)]
  0x0000023febf05740 JavaThread "Unconstrained build operations Thread 3"        [_thread_blocked, id=28116, stack(0x000000b97be00000,0x000000b97bf00000) (1024K)]
  0x0000023febf08bc0 JavaThread "Unconstrained build operations Thread 4"        [_thread_blocked, id=28424, stack(0x000000b97bf00000,0x000000b97c000000) (1024K)]
  0x0000023febf05dd0 JavaThread "Unconstrained build operations Thread 5"        [_thread_blocked, id=28648, stack(0x000000b97c000000,0x000000b97c100000) (1024K)]
  0x0000023febf09f70 JavaThread "Unconstrained build operations Thread 6"        [_thread_blocked, id=28076, stack(0x000000b97c100000,0x000000b97c200000) (1024K)]
  0x0000023febf07ea0 JavaThread "Unconstrained build operations Thread 7"        [_thread_blocked, id=26856, stack(0x000000b97c200000,0x000000b97c300000) (1024K)]
  0x0000023febf06af0 JavaThread "Unconstrained build operations Thread 8"        [_thread_blocked, id=27888, stack(0x000000b97c300000,0x000000b97c400000) (1024K)]
  0x0000023febf098e0 JavaThread "Unconstrained build operations Thread 9"        [_thread_blocked, id=28520, stack(0x000000b97c400000,0x000000b97c500000) (1024K)]
  0x0000023febf02fe0 JavaThread "Unconstrained build operations Thread 10"        [_thread_blocked, id=444, stack(0x000000b97c500000,0x000000b97c600000) (1024K)]
  0x0000023febf08530 JavaThread "Unconstrained build operations Thread 11"        [_thread_blocked, id=23768, stack(0x000000b97c600000,0x000000b97c700000) (1024K)]
  0x0000023febf03670 JavaThread "Unconstrained build operations Thread 12"        [_thread_blocked, id=10960, stack(0x000000b97c700000,0x000000b97c800000) (1024K)]
  0x0000023febf07180 JavaThread "Unconstrained build operations Thread 13"        [_thread_blocked, id=11356, stack(0x000000b97c800000,0x000000b97c900000) (1024K)]
  0x0000023febf09250 JavaThread "Unconstrained build operations Thread 14"        [_thread_blocked, id=24540, stack(0x000000b97c900000,0x000000b97ca00000) (1024K)]
  0x0000023fef5eda20 JavaThread "Unconstrained build operations Thread 15"        [_thread_blocked, id=9696, stack(0x000000b97ca00000,0x000000b97cb00000) (1024K)]
  0x0000023fef5eb2c0 JavaThread "Unconstrained build operations Thread 16"        [_thread_blocked, id=24424, stack(0x000000b97cb00000,0x000000b97cc00000) (1024K)]
  0x0000023fef5eedd0 JavaThread "Unconstrained build operations Thread 17"        [_thread_blocked, id=24660, stack(0x000000b97cc00000,0x000000b97cd00000) (1024K)]
  0x0000023fef5e9f10 JavaThread "Unconstrained build operations Thread 18"        [_thread_blocked, id=23620, stack(0x000000b97cd00000,0x000000b97ce00000) (1024K)]
  0x0000023fef5ee0b0 JavaThread "Unconstrained build operations Thread 19"        [_thread_blocked, id=9244, stack(0x000000b97ce00000,0x000000b97cf00000) (1024K)]
  0x0000023fef5ec670 JavaThread "Unconstrained build operations Thread 20"        [_thread_blocked, id=27848, stack(0x000000b97cf00000,0x000000b97d000000) (1024K)]
  0x0000023fef5ecd00 JavaThread "Unconstrained build operations Thread 21"        [_thread_blocked, id=27876, stack(0x000000b97d000000,0x000000b97d100000) (1024K)]
  0x0000023fef5eb950 JavaThread "Unconstrained build operations Thread 22"        [_thread_blocked, id=23624, stack(0x000000b97d100000,0x000000b97d200000) (1024K)]
  0x0000023fef5ee740 JavaThread "Unconstrained build operations Thread 23"        [_thread_blocked, id=2528, stack(0x000000b97d200000,0x000000b97d300000) (1024K)]
  0x0000023fef5ed390 JavaThread "Unconstrained build operations Thread 24"        [_thread_blocked, id=25244, stack(0x000000b97d300000,0x000000b97d400000) (1024K)]
  0x0000023fef5ef460 JavaThread "Unconstrained build operations Thread 25"        [_thread_blocked, id=23860, stack(0x000000b97d400000,0x000000b97d500000) (1024K)]
  0x0000023fef5e84d0 JavaThread "Unconstrained build operations Thread 26"        [_thread_blocked, id=25020, stack(0x000000b97d500000,0x000000b97d600000) (1024K)]
  0x0000023fef5e9880 JavaThread "Unconstrained build operations Thread 27"        [_thread_blocked, id=15420, stack(0x000000b97d600000,0x000000b97d700000) (1024K)]
  0x0000023fef5efaf0 JavaThread "Unconstrained build operations Thread 28"        [_thread_blocked, id=24700, stack(0x000000b97d700000,0x000000b97d800000) (1024K)]
  0x0000023fef5eac30 JavaThread "Unconstrained build operations Thread 29"        [_thread_blocked, id=24356, stack(0x000000b97d800000,0x000000b97d900000) (1024K)]
  0x0000023fef5e8b60 JavaThread "Unconstrained build operations Thread 30"        [_thread_blocked, id=23588, stack(0x000000b97d900000,0x000000b97da00000) (1024K)]
  0x0000023fef5e91f0 JavaThread "Unconstrained build operations Thread 31"        [_thread_blocked, id=25580, stack(0x000000b97da00000,0x000000b97db00000) (1024K)]
  0x0000023fef5ea5a0 JavaThread "Unconstrained build operations Thread 32"        [_thread_blocked, id=22832, stack(0x000000b97db00000,0x000000b97dc00000) (1024K)]
  0x0000023fef5ebfe0 JavaThread "Unconstrained build operations Thread 33"        [_thread_blocked, id=24564, stack(0x000000b97dc00000,0x000000b97dd00000) (1024K)]
  0x0000023fee1145b0 JavaThread "Unconstrained build operations Thread 34"        [_thread_blocked, id=24304, stack(0x000000b97dd00000,0x000000b97de00000) (1024K)]
  0x0000023fee1124e0 JavaThread "Unconstrained build operations Thread 35"        [_thread_blocked, id=24556, stack(0x000000b97de00000,0x000000b97df00000) (1024K)]
  0x0000023fee114c40 JavaThread "Memory manager"                    [_thread_blocked, id=25200, stack(0x000000b97df00000,0x000000b97e000000) (1024K)]
  0x0000023fee1173a0 JavaThread "jar transforms Thread 10"          [_thread_blocked, id=24284, stack(0x000000b97e000000,0x000000b97e100000) (1024K)]
  0x0000023fea823a70 JavaThread "C2 CompilerThread2"         daemon [_thread_in_native, id=15708, stack(0x000000b97e100000,0x000000b97e200000) (1024K)]
  0x0000023fee116680 JavaThread "ForkJoinPool.commonPool-worker-1" daemon [_thread_blocked, id=24500, stack(0x000000b97e200000,0x000000b97e300000) (1024K)]
  0x0000023fee115960 JavaThread "ForkJoinPool.commonPool-worker-2" daemon [_thread_blocked, id=24504, stack(0x000000b97e300000,0x000000b97e400000) (1024K)]
  0x0000023fee110aa0 JavaThread "ForkJoinPool.commonPool-worker-3" daemon [_thread_blocked, id=24492, stack(0x000000b97e400000,0x000000b97e500000) (1024K)]
  0x0000023fee1117c0 JavaThread "ForkJoinPool.commonPool-worker-4" daemon [_thread_blocked, id=24488, stack(0x000000b97e500000,0x000000b97e600000) (1024K)]
  0x0000023fee115ff0 JavaThread "ForkJoinPool.commonPool-worker-5" daemon [_thread_blocked, id=24484, stack(0x000000b97e600000,0x000000b97e700000) (1024K)]
  0x0000023fee116d10 JavaThread "ForkJoinPool.commonPool-worker-6" daemon [_thread_blocked, id=8336, stack(0x000000b97e700000,0x000000b97e800000) (1024K)]
  0x0000023fee111e50 JavaThread "ForkJoinPool.commonPool-worker-7" daemon [_thread_blocked, id=6012, stack(0x000000b97e800000,0x000000b97e900000) (1024K)]
  0x0000023fee111130 JavaThread "ForkJoinPool.commonPool-worker-9" daemon [_thread_blocked, id=24040, stack(0x000000b97e900000,0x000000b97ea00000) (1024K)]
  0x0000023fee117a30 JavaThread "ForkJoinPool.commonPool-worker-8" daemon [_thread_blocked, id=24464, stack(0x000000b97ea00000,0x000000b97eb00000) (1024K)]
  0x0000023fee1180c0 JavaThread "ForkJoinPool.commonPool-worker-10" daemon [_thread_blocked, id=21392, stack(0x000000b97eb00000,0x000000b97ec00000) (1024K)]
  0x0000023fee112b70 JavaThread "Exec process"                      [_thread_blocked, id=24408, stack(0x000000b97ec00000,0x000000b97ed00000) (1024K)]
  0x0000023fee113200 JavaThread "Exec process Thread 2"             [_thread_blocked, id=24480, stack(0x000000b97ed00000,0x000000b97ee00000) (1024K)]
  0x0000023fee113890 JavaThread "Exec process Thread 3"             [_thread_blocked, id=24476, stack(0x000000b97ee00000,0x000000b97ef00000) (1024K)]
Total: 93

Other Threads:
  0x0000023fcedcf3e0 VMThread "VM Thread"                           [id=27676, stack(0x000000b978700000,0x000000b978800000) (1024K)]
  0x0000023fcedbdcf0 WatcherThread "VM Periodic Task Thread"        [id=27724, stack(0x000000b978600000,0x000000b978700000) (1024K)]
  0x0000023fb3d7af30 WorkerThread "GC Thread#0"                     [id=10472, stack(0x000000b978100000,0x000000b978200000) (1024K)]
  0x0000023fe8394030 WorkerThread "GC Thread#1"                     [id=26124, stack(0x000000b979400000,0x000000b979500000) (1024K)]
  0x0000023fe83943d0 WorkerThread "GC Thread#2"                     [id=27796, stack(0x000000b979500000,0x000000b979600000) (1024K)]
  0x0000023fe874fcd0 WorkerThread "GC Thread#3"                     [id=26892, stack(0x000000b979600000,0x000000b979700000) (1024K)]
  0x0000023fe8750070 WorkerThread "GC Thread#4"                     [id=28632, stack(0x000000b979700000,0x000000b979800000) (1024K)]
  0x0000023fe84348e0 WorkerThread "GC Thread#5"                     [id=28272, stack(0x000000b979800000,0x000000b979900000) (1024K)]
  0x0000023fea0c34f0 WorkerThread "GC Thread#6"                     [id=24516, stack(0x000000b97a600000,0x000000b97a700000) (1024K)]
  0x0000023fea0c3890 WorkerThread "GC Thread#7"                     [id=24520, stack(0x000000b97a700000,0x000000b97a800000) (1024K)]
  0x0000023fea0c3c30 WorkerThread "GC Thread#8"                     [id=24524, stack(0x000000b97a800000,0x000000b97a900000) (1024K)]
  0x0000023fea0c4370 WorkerThread "GC Thread#9"                     [id=23568, stack(0x000000b97a900000,0x000000b97aa00000) (1024K)]
  0x0000023fb3d809f0 ConcurrentGCThread "G1 Main Marker"            [id=28208, stack(0x000000b978200000,0x000000b978300000) (1024K)]
  0x0000023fb3d81b90 WorkerThread "G1 Conc#0"                       [id=28436, stack(0x000000b978300000,0x000000b978400000) (1024K)]
  0x0000023fecd3c470 WorkerThread "G1 Conc#1"                       [id=24088, stack(0x000000b97aa00000,0x000000b97ab00000) (1024K)]
  0x0000023fecd3d2f0 WorkerThread "G1 Conc#2"                       [id=24432, stack(0x000000b97ab00000,0x000000b97ac00000) (1024K)]
  0x0000023fcec925d0 ConcurrentGCThread "G1 Refine#0"               [id=26824, stack(0x000000b978400000,0x000000b978500000) (1024K)]
  0x0000023fcec92df0 ConcurrentGCThread "G1 Service"                [id=27376, stack(0x000000b978500000,0x000000b978600000) (1024K)]
Total: 18

Threads with active compile tasks:
C2 CompilerThread0    13902 6824       4       org.gradle.internal.logging.text.AbstractLineChoppingStyledTextOutput$1::execute (9 bytes)
C2 CompilerThread1    13902 6816       4       java.lang.invoke.MethodType::makeImpl (109 bytes)
C2 CompilerThread2    13902 6789 %     4       org.gradle.internal.instantiation.generator.AbstractClassGenerator::inspectType @ 250 (560 bytes)
Total: 3

VM state: not at safepoint (normal execution)

VM Mutex/Monitor currently owned by a thread:  ([mutex/lock_event])
[0x00007ffba9e1ded0] Compile_lock - owner thread: 0x0000000000000000

Heap address: 0x00000000e0000000, size: 512 MB, Compressed Oops mode: 32-bit

CDS archive(s) mapped at: [0x0000023fcf000000-0x0000023fcfc90000-0x0000023fcfc90000), size 13172736, SharedBaseAddress: 0x0000023fcf000000, ArchiveRelocationMode: 1.
Compressed class space mapped at: 0x0000023fd0000000-0x0000023fe4000000, reserved size: 335544320
Narrow klass base: 0x0000023fcf000000, Narrow klass shift: 0, Narrow klass range: 0x100000000

GC Precious Log:
 CardTable entry size: 512
 Card Set container configuration: InlinePtr #cards 5 size 8 Array Of Cards #cards 12 size 40 Howl #buckets 4 coarsen threshold 1843 Howl Bitmap #cards 512 size 80 coarsen threshold 460 Card regions per heap region 1 cards per card region 2048
 CPUs: 12 total, 12 available
 Memory: 16242M
 Large Page Support: Disabled
 NUMA Support: Disabled
 Compressed Oops: Enabled (32-bit)
 Heap Region Size: 1M
 Heap Min Capacity: 256M
 Heap Initial Capacity: 256M
 Heap Max Capacity: 512M
 Pre-touch: Disabled
 Parallel Workers: 10
 Concurrent Workers: 3
 Concurrent Refinement Workers: 10
 Periodic GC: Disabled

Heap:
 garbage-first heap   total 262144K, used 125621K [0x00000000e0000000, 0x0000000100000000)
  region size 1024K, 100 young (102400K), 17 survivors (17408K)
 Metaspace       used 55378K, committed 57280K, reserved 393216K
  class space    used 8004K, committed 8960K, reserved 327680K

Heap Regions: E=young(eden), S=young(survivor), O=old, HS=humongous(starts), HC=humongous(continues), CS=collection set, F=free, TAMS=top-at-mark-start, PB=parsable bottom
|   0|0x00000000e0000000, 0x00000000e0000000, 0x00000000e0100000|  0%| F|  |TAMS 0x00000000e0000000| PB 0x00000000e0000000| Untracked 
|   1|0x00000000e0100000, 0x00000000e0200000, 0x00000000e0200000|100%| O|  |TAMS 0x00000000e0100000| PB 0x00000000e0100000| Untracked 
|   2|0x00000000e0200000, 0x00000000e0300000, 0x00000000e0300000|100%|HS|  |TAMS 0x00000000e0200000| PB 0x00000000e0200000| Complete 
|   3|0x00000000e0300000, 0x00000000e0400000, 0x00000000e0400000|100%|HC|  |TAMS 0x00000000e0300000| PB 0x00000000e0300000| Complete 
|   4|0x00000000e0400000, 0x00000000e0500000, 0x00000000e0500000|100%|HC|  |TAMS 0x00000000e0400000| PB 0x00000000e0400000| Complete 
|   5|0x00000000e0500000, 0x00000000e0600000, 0x00000000e0600000|100%|HC|  |TAMS 0x00000000e0500000| PB 0x00000000e0500000| Complete 
|   6|0x00000000e0600000, 0x00000000e0700000, 0x00000000e0700000|100%| O|  |TAMS 0x00000000e0600000| PB 0x00000000e0600000| Untracked 
|   7|0x00000000e0700000, 0x00000000e0800000, 0x00000000e0800000|100%| O|  |TAMS 0x00000000e0700000| PB 0x00000000e0700000| Untracked 
|   8|0x00000000e0800000, 0x00000000e0900000, 0x00000000e0900000|100%|HS|  |TAMS 0x00000000e0800000| PB 0x00000000e0800000| Complete 
|   9|0x00000000e0900000, 0x00000000e0a00000, 0x00000000e0a00000|100%| O|  |TAMS 0x00000000e0900000| PB 0x00000000e0900000| Untracked 
|  10|0x00000000e0a00000, 0x00000000e0b00000, 0x00000000e0b00000|100%| O|  |TAMS 0x00000000e0a00000| PB 0x00000000e0a00000| Untracked 
|  11|0x00000000e0b00000, 0x00000000e0c00000, 0x00000000e0c00000|100%| O|  |TAMS 0x00000000e0b00000| PB 0x00000000e0b00000| Untracked 
|  12|0x00000000e0c00000, 0x00000000e0d00000, 0x00000000e0d00000|100%| O|  |TAMS 0x00000000e0c00000| PB 0x00000000e0c00000| Untracked 
|  13|0x00000000e0d00000, 0x00000000e0e00000, 0x00000000e0e00000|100%| O|Cm|TAMS 0x00000000e0d00000| PB 0x00000000e0d00000| Complete 
|  14|0x00000000e0e00000, 0x00000000e0f00000, 0x00000000e0f00000|100%| O|  |TAMS 0x00000000e0e00000| PB 0x00000000e0e00000| Untracked 
|  15|0x00000000e0f00000, 0x00000000e1000000, 0x00000000e1000000|100%| O|  |TAMS 0x00000000e0f00000| PB 0x00000000e0f00000| Untracked 
|  16|0x00000000e1000000, 0x00000000e1100000, 0x00000000e1100000|100%| O|  |TAMS 0x00000000e1000000| PB 0x00000000e1000000| Untracked 
|  17|0x00000000e1100000, 0x00000000e1200000, 0x00000000e1200000|100%| O|  |TAMS 0x00000000e1100000| PB 0x00000000e1100000| Untracked 
|  18|0x00000000e1200000, 0x00000000e1300000, 0x00000000e1300000|100%| O|  |TAMS 0x00000000e1200000| PB 0x00000000e1200000| Untracked 
|  19|0x00000000e1300000, 0x00000000e1400000, 0x00000000e1400000|100%| O|  |TAMS 0x00000000e1300000| PB 0x00000000e1300000| Untracked 
|  20|0x00000000e1400000, 0x00000000e1500000, 0x00000000e1500000|100%| O|  |TAMS 0x00000000e1400000| PB 0x00000000e1400000| Untracked 
|  21|0x00000000e1500000, 0x00000000e1600000, 0x00000000e1600000|100%| O|  |TAMS 0x00000000e1500000| PB 0x00000000e1500000| Untracked 
|  22|0x00000000e1600000, 0x00000000e1700000, 0x00000000e1700000|100%| O|  |TAMS 0x00000000e1600000| PB 0x00000000e1600000| Untracked 
|  23|0x00000000e1700000, 0x00000000e1800000, 0x00000000e1800000|100%| O|  |TAMS 0x00000000e1700000| PB 0x00000000e1700000| Untracked 
|  24|0x00000000e1800000, 0x00000000e18f5010, 0x00000000e1900000| 95%| O|  |TAMS 0x00000000e1800000| PB 0x00000000e1800000| Untracked 
|  25|0x00000000e1900000, 0x00000000e1900000, 0x00000000e1a00000|  0%| F|  |TAMS 0x00000000e1900000| PB 0x00000000e1900000| Untracked 
|  26|0x00000000e1a00000, 0x00000000e1a00000, 0x00000000e1b00000|  0%| F|  |TAMS 0x00000000e1a00000| PB 0x00000000e1a00000| Untracked 
|  27|0x00000000e1b00000, 0x00000000e1b00000, 0x00000000e1c00000|  0%| F|  |TAMS 0x00000000e1b00000| PB 0x00000000e1b00000| Untracked 
|  28|0x00000000e1c00000, 0x00000000e1c00000, 0x00000000e1d00000|  0%| F|  |TAMS 0x00000000e1c00000| PB 0x00000000e1c00000| Untracked 
|  29|0x00000000e1d00000, 0x00000000e1d00000, 0x00000000e1e00000|  0%| F|  |TAMS 0x00000000e1d00000| PB 0x00000000e1d00000| Untracked 
|  30|0x00000000e1e00000, 0x00000000e1e00000, 0x00000000e1f00000|  0%| F|  |TAMS 0x00000000e1e00000| PB 0x00000000e1e00000| Untracked 
|  31|0x00000000e1f00000, 0x00000000e1f00000, 0x00000000e2000000|  0%| F|  |TAMS 0x00000000e1f00000| PB 0x00000000e1f00000| Untracked 
|  32|0x00000000e2000000, 0x00000000e2000000, 0x00000000e2100000|  0%| F|  |TAMS 0x00000000e2000000| PB 0x00000000e2000000| Untracked 
|  33|0x00000000e2100000, 0x00000000e2100000, 0x00000000e2200000|  0%| F|  |TAMS 0x00000000e2100000| PB 0x00000000e2100000| Untracked 
|  34|0x00000000e2200000, 0x00000000e2200000, 0x00000000e2300000|  0%| F|  |TAMS 0x00000000e2200000| PB 0x00000000e2200000| Untracked 
|  35|0x00000000e2300000, 0x00000000e2300000, 0x00000000e2400000|  0%| F|  |TAMS 0x00000000e2300000| PB 0x00000000e2300000| Untracked 
|  36|0x00000000e2400000, 0x00000000e2400000, 0x00000000e2500000|  0%| F|  |TAMS 0x00000000e2400000| PB 0x00000000e2400000| Untracked 
|  37|0x00000000e2500000, 0x00000000e2500000, 0x00000000e2600000|  0%| F|  |TAMS 0x00000000e2500000| PB 0x00000000e2500000| Untracked 
|  38|0x00000000e2600000, 0x00000000e2600000, 0x00000000e2700000|  0%| F|  |TAMS 0x00000000e2600000| PB 0x00000000e2600000| Untracked 
|  39|0x00000000e2700000, 0x00000000e2700000, 0x00000000e2800000|  0%| F|  |TAMS 0x00000000e2700000| PB 0x00000000e2700000| Untracked 
|  40|0x00000000e2800000, 0x00000000e2800000, 0x00000000e2900000|  0%| F|  |TAMS 0x00000000e2800000| PB 0x00000000e2800000| Untracked 
|  41|0x00000000e2900000, 0x00000000e2900000, 0x00000000e2a00000|  0%| F|  |TAMS 0x00000000e2900000| PB 0x00000000e2900000| Untracked 
|  42|0x00000000e2a00000, 0x00000000e2a00000, 0x00000000e2b00000|  0%| F|  |TAMS 0x00000000e2a00000| PB 0x00000000e2a00000| Untracked 
|  43|0x00000000e2b00000, 0x00000000e2b00000, 0x00000000e2c00000|  0%| F|  |TAMS 0x00000000e2b00000| PB 0x00000000e2b00000| Untracked 
|  44|0x00000000e2c00000, 0x00000000e2c00000, 0x00000000e2d00000|  0%| F|  |TAMS 0x00000000e2c00000| PB 0x00000000e2c00000| Untracked 
|  45|0x00000000e2d00000, 0x00000000e2d00000, 0x00000000e2e00000|  0%| F|  |TAMS 0x00000000e2d00000| PB 0x00000000e2d00000| Untracked 
|  46|0x00000000e2e00000, 0x00000000e2e00000, 0x00000000e2f00000|  0%| F|  |TAMS 0x00000000e2e00000| PB 0x00000000e2e00000| Untracked 
|  47|0x00000000e2f00000, 0x00000000e2f00000, 0x00000000e3000000|  0%| F|  |TAMS 0x00000000e2f00000| PB 0x00000000e2f00000| Untracked 
|  48|0x00000000e3000000, 0x00000000e3000000, 0x00000000e3100000|  0%| F|  |TAMS 0x00000000e3000000| PB 0x00000000e3000000| Untracked 
|  49|0x00000000e3100000, 0x00000000e3100000, 0x00000000e3200000|  0%| F|  |TAMS 0x00000000e3100000| PB 0x00000000e3100000| Untracked 
|  50|0x00000000e3200000, 0x00000000e3200000, 0x00000000e3300000|  0%| F|  |TAMS 0x00000000e3200000| PB 0x00000000e3200000| Untracked 
|  51|0x00000000e3300000, 0x00000000e3300000, 0x00000000e3400000|  0%| F|  |TAMS 0x00000000e3300000| PB 0x00000000e3300000| Untracked 
|  52|0x00000000e3400000, 0x00000000e3400000, 0x00000000e3500000|  0%| F|  |TAMS 0x00000000e3400000| PB 0x00000000e3400000| Untracked 
|  53|0x00000000e3500000, 0x00000000e3500000, 0x00000000e3600000|  0%| F|  |TAMS 0x00000000e3500000| PB 0x00000000e3500000| Untracked 
|  54|0x00000000e3600000, 0x00000000e3600000, 0x00000000e3700000|  0%| F|  |TAMS 0x00000000e3600000| PB 0x00000000e3600000| Untracked 
|  55|0x00000000e3700000, 0x00000000e3700000, 0x00000000e3800000|  0%| F|  |TAMS 0x00000000e3700000| PB 0x00000000e3700000| Untracked 
|  56|0x00000000e3800000, 0x00000000e3800000, 0x00000000e3900000|  0%| F|  |TAMS 0x00000000e3800000| PB 0x00000000e3800000| Untracked 
|  57|0x00000000e3900000, 0x00000000e3900000, 0x00000000e3a00000|  0%| F|  |TAMS 0x00000000e3900000| PB 0x00000000e3900000| Untracked 
|  58|0x00000000e3a00000, 0x00000000e3a00000, 0x00000000e3b00000|  0%| F|  |TAMS 0x00000000e3a00000| PB 0x00000000e3a00000| Untracked 
|  59|0x00000000e3b00000, 0x00000000e3b00000, 0x00000000e3c00000|  0%| F|  |TAMS 0x00000000e3b00000| PB 0x00000000e3b00000| Untracked 
|  60|0x00000000e3c00000, 0x00000000e3c00000, 0x00000000e3d00000|  0%| F|  |TAMS 0x00000000e3c00000| PB 0x00000000e3c00000| Untracked 
|  61|0x00000000e3d00000, 0x00000000e3d00000, 0x00000000e3e00000|  0%| F|  |TAMS 0x00000000e3d00000| PB 0x00000000e3d00000| Untracked 
|  62|0x00000000e3e00000, 0x00000000e3e00000, 0x00000000e3f00000|  0%| F|  |TAMS 0x00000000e3e00000| PB 0x00000000e3e00000| Untracked 
|  63|0x00000000e3f00000, 0x00000000e3f00000, 0x00000000e4000000|  0%| F|  |TAMS 0x00000000e3f00000| PB 0x00000000e3f00000| Untracked 
|  64|0x00000000e4000000, 0x00000000e4000000, 0x00000000e4100000|  0%| F|  |TAMS 0x00000000e4000000| PB 0x00000000e4000000| Untracked 
|  65|0x00000000e4100000, 0x00000000e4100000, 0x00000000e4200000|  0%| F|  |TAMS 0x00000000e4100000| PB 0x00000000e4100000| Untracked 
|  66|0x00000000e4200000, 0x00000000e4200000, 0x00000000e4300000|  0%| F|  |TAMS 0x00000000e4200000| PB 0x00000000e4200000| Untracked 
|  67|0x00000000e4300000, 0x00000000e4300000, 0x00000000e4400000|  0%| F|  |TAMS 0x00000000e4300000| PB 0x00000000e4300000| Untracked 
|  68|0x00000000e4400000, 0x00000000e4400000, 0x00000000e4500000|  0%| F|  |TAMS 0x00000000e4400000| PB 0x00000000e4400000| Untracked 
|  69|0x00000000e4500000, 0x00000000e4500000, 0x00000000e4600000|  0%| F|  |TAMS 0x00000000e4500000| PB 0x00000000e4500000| Untracked 
|  70|0x00000000e4600000, 0x00000000e4600000, 0x00000000e4700000|  0%| F|  |TAMS 0x00000000e4600000| PB 0x00000000e4600000| Untracked 
|  71|0x00000000e4700000, 0x00000000e4700000, 0x00000000e4800000|  0%| F|  |TAMS 0x00000000e4700000| PB 0x00000000e4700000| Untracked 
|  72|0x00000000e4800000, 0x00000000e4800000, 0x00000000e4900000|  0%| F|  |TAMS 0x00000000e4800000| PB 0x00000000e4800000| Untracked 
|  73|0x00000000e4900000, 0x00000000e4900000, 0x00000000e4a00000|  0%| F|  |TAMS 0x00000000e4900000| PB 0x00000000e4900000| Untracked 
|  74|0x00000000e4a00000, 0x00000000e4a00000, 0x00000000e4b00000|  0%| F|  |TAMS 0x00000000e4a00000| PB 0x00000000e4a00000| Untracked 
|  75|0x00000000e4b00000, 0x00000000e4b00000, 0x00000000e4c00000|  0%| F|  |TAMS 0x00000000e4b00000| PB 0x00000000e4b00000| Untracked 
|  76|0x00000000e4c00000, 0x00000000e4c00000, 0x00000000e4d00000|  0%| F|  |TAMS 0x00000000e4c00000| PB 0x00000000e4c00000| Untracked 
|  77|0x00000000e4d00000, 0x00000000e4d00000, 0x00000000e4e00000|  0%| F|  |TAMS 0x00000000e4d00000| PB 0x00000000e4d00000| Untracked 
|  78|0x00000000e4e00000, 0x00000000e4e00000, 0x00000000e4f00000|  0%| F|  |TAMS 0x00000000e4e00000| PB 0x00000000e4e00000| Untracked 
|  79|0x00000000e4f00000, 0x00000000e4f00000, 0x00000000e5000000|  0%| F|  |TAMS 0x00000000e4f00000| PB 0x00000000e4f00000| Untracked 
|  80|0x00000000e5000000, 0x00000000e5000000, 0x00000000e5100000|  0%| F|  |TAMS 0x00000000e5000000| PB 0x00000000e5000000| Untracked 
|  81|0x00000000e5100000, 0x00000000e5100000, 0x00000000e5200000|  0%| F|  |TAMS 0x00000000e5100000| PB 0x00000000e5100000| Untracked 
|  82|0x00000000e5200000, 0x00000000e5200000, 0x00000000e5300000|  0%| F|  |TAMS 0x00000000e5200000| PB 0x00000000e5200000| Untracked 
|  83|0x00000000e5300000, 0x00000000e5300000, 0x00000000e5400000|  0%| F|  |TAMS 0x00000000e5300000| PB 0x00000000e5300000| Untracked 
|  84|0x00000000e5400000, 0x00000000e5400000, 0x00000000e5500000|  0%| F|  |TAMS 0x00000000e5400000| PB 0x00000000e5400000| Untracked 
|  85|0x00000000e5500000, 0x00000000e5500000, 0x00000000e5600000|  0%| F|  |TAMS 0x00000000e5500000| PB 0x00000000e5500000| Untracked 
|  86|0x00000000e5600000, 0x00000000e56b8560, 0x00000000e5700000| 72%| S|CS|TAMS 0x00000000e5600000| PB 0x00000000e5600000| Complete 
|  87|0x00000000e5700000, 0x00000000e5800000, 0x00000000e5800000|100%| S|CS|TAMS 0x00000000e5700000| PB 0x00000000e5700000| Complete 
|  88|0x00000000e5800000, 0x00000000e5900000, 0x00000000e5900000|100%| S|CS|TAMS 0x00000000e5800000| PB 0x00000000e5800000| Complete 
|  89|0x00000000e5900000, 0x00000000e5a00000, 0x00000000e5a00000|100%| S|CS|TAMS 0x00000000e5900000| PB 0x00000000e5900000| Complete 
|  90|0x00000000e5a00000, 0x00000000e5b00000, 0x00000000e5b00000|100%| S|CS|TAMS 0x00000000e5a00000| PB 0x00000000e5a00000| Complete 
|  91|0x00000000e5b00000, 0x00000000e5c00000, 0x00000000e5c00000|100%| S|CS|TAMS 0x00000000e5b00000| PB 0x00000000e5b00000| Complete 
|  92|0x00000000e5c00000, 0x00000000e5d00000, 0x00000000e5d00000|100%| S|CS|TAMS 0x00000000e5c00000| PB 0x00000000e5c00000| Complete 
|  93|0x00000000e5d00000, 0x00000000e5e00000, 0x00000000e5e00000|100%| S|CS|TAMS 0x00000000e5d00000| PB 0x00000000e5d00000| Complete 
|  94|0x00000000e5e00000, 0x00000000e5f00000, 0x00000000e5f00000|100%| S|CS|TAMS 0x00000000e5e00000| PB 0x00000000e5e00000| Complete 
|  95|0x00000000e5f00000, 0x00000000e6000000, 0x00000000e6000000|100%| S|CS|TAMS 0x00000000e5f00000| PB 0x00000000e5f00000| Complete 
|  96|0x00000000e6000000, 0x00000000e6100000, 0x00000000e6100000|100%| S|CS|TAMS 0x00000000e6000000| PB 0x00000000e6000000| Complete 
|  97|0x00000000e6100000, 0x00000000e6200000, 0x00000000e6200000|100%| S|CS|TAMS 0x00000000e6100000| PB 0x00000000e6100000| Complete 
|  98|0x00000000e6200000, 0x00000000e6300000, 0x00000000e6300000|100%| S|CS|TAMS 0x00000000e6200000| PB 0x00000000e6200000| Complete 
|  99|0x00000000e6300000, 0x00000000e6400000, 0x00000000e6400000|100%| S|CS|TAMS 0x00000000e6300000| PB 0x00000000e6300000| Complete 
| 100|0x00000000e6400000, 0x00000000e6500000, 0x00000000e6500000|100%| S|CS|TAMS 0x00000000e6400000| PB 0x00000000e6400000| Complete 
| 101|0x00000000e6500000, 0x00000000e6600000, 0x00000000e6600000|100%| S|CS|TAMS 0x00000000e6500000| PB 0x00000000e6500000| Complete 
| 102|0x00000000e6600000, 0x00000000e6700000, 0x00000000e6700000|100%| S|CS|TAMS 0x00000000e6600000| PB 0x00000000e6600000| Complete 
| 103|0x00000000e6700000, 0x00000000e6700000, 0x00000000e6800000|  0%| F|  |TAMS 0x00000000e6700000| PB 0x00000000e6700000| Untracked 
| 104|0x00000000e6800000, 0x00000000e6800000, 0x00000000e6900000|  0%| F|  |TAMS 0x00000000e6800000| PB 0x00000000e6800000| Untracked 
| 105|0x00000000e6900000, 0x00000000e6900000, 0x00000000e6a00000|  0%| F|  |TAMS 0x00000000e6900000| PB 0x00000000e6900000| Untracked 
| 106|0x00000000e6a00000, 0x00000000e6a00000, 0x00000000e6b00000|  0%| F|  |TAMS 0x00000000e6a00000| PB 0x00000000e6a00000| Untracked 
| 107|0x00000000e6b00000, 0x00000000e6b00000, 0x00000000e6c00000|  0%| F|  |TAMS 0x00000000e6b00000| PB 0x00000000e6b00000| Untracked 
| 108|0x00000000e6c00000, 0x00000000e6c00000, 0x00000000e6d00000|  0%| F|  |TAMS 0x00000000e6c00000| PB 0x00000000e6c00000| Untracked 
| 109|0x00000000e6d00000, 0x00000000e6d00000, 0x00000000e6e00000|  0%| F|  |TAMS 0x00000000e6d00000| PB 0x00000000e6d00000| Untracked 
| 110|0x00000000e6e00000, 0x00000000e6e00000, 0x00000000e6f00000|  0%| F|  |TAMS 0x00000000e6e00000| PB 0x00000000e6e00000| Untracked 
| 111|0x00000000e6f00000, 0x00000000e6f00000, 0x00000000e7000000|  0%| F|  |TAMS 0x00000000e6f00000| PB 0x00000000e6f00000| Untracked 
| 112|0x00000000e7000000, 0x00000000e7000000, 0x00000000e7100000|  0%| F|  |TAMS 0x00000000e7000000| PB 0x00000000e7000000| Untracked 
| 113|0x00000000e7100000, 0x00000000e7100000, 0x00000000e7200000|  0%| F|  |TAMS 0x00000000e7100000| PB 0x00000000e7100000| Untracked 
| 114|0x00000000e7200000, 0x00000000e7200000, 0x00000000e7300000|  0%| F|  |TAMS 0x00000000e7200000| PB 0x00000000e7200000| Untracked 
| 115|0x00000000e7300000, 0x00000000e7300000, 0x00000000e7400000|  0%| F|  |TAMS 0x00000000e7300000| PB 0x00000000e7300000| Untracked 
| 116|0x00000000e7400000, 0x00000000e7400000, 0x00000000e7500000|  0%| F|  |TAMS 0x00000000e7400000| PB 0x00000000e7400000| Untracked 
| 117|0x00000000e7500000, 0x00000000e7500000, 0x00000000e7600000|  0%| F|  |TAMS 0x00000000e7500000| PB 0x00000000e7500000| Untracked 
| 118|0x00000000e7600000, 0x00000000e7600000, 0x00000000e7700000|  0%| F|  |TAMS 0x00000000e7600000| PB 0x00000000e7600000| Untracked 
| 119|0x00000000e7700000, 0x00000000e7700000, 0x00000000e7800000|  0%| F|  |TAMS 0x00000000e7700000| PB 0x00000000e7700000| Untracked 
| 120|0x00000000e7800000, 0x00000000e7800000, 0x00000000e7900000|  0%| F|  |TAMS 0x00000000e7800000| PB 0x00000000e7800000| Untracked 
| 121|0x00000000e7900000, 0x00000000e7900000, 0x00000000e7a00000|  0%| F|  |TAMS 0x00000000e7900000| PB 0x00000000e7900000| Untracked 
| 122|0x00000000e7a00000, 0x00000000e7a00000, 0x00000000e7b00000|  0%| F|  |TAMS 0x00000000e7a00000| PB 0x00000000e7a00000| Untracked 
| 123|0x00000000e7b00000, 0x00000000e7b00000, 0x00000000e7c00000|  0%| F|  |TAMS 0x00000000e7b00000| PB 0x00000000e7b00000| Untracked 
| 124|0x00000000e7c00000, 0x00000000e7c00000, 0x00000000e7d00000|  0%| F|  |TAMS 0x00000000e7c00000| PB 0x00000000e7c00000| Untracked 
| 125|0x00000000e7d00000, 0x00000000e7d00000, 0x00000000e7e00000|  0%| F|  |TAMS 0x00000000e7d00000| PB 0x00000000e7d00000| Untracked 
| 126|0x00000000e7e00000, 0x00000000e7e00000, 0x00000000e7f00000|  0%| F|  |TAMS 0x00000000e7e00000| PB 0x00000000e7e00000| Untracked 
| 127|0x00000000e7f00000, 0x00000000e7f00000, 0x00000000e8000000|  0%| F|  |TAMS 0x00000000e7f00000| PB 0x00000000e7f00000| Untracked 
| 128|0x00000000e8000000, 0x00000000e8000000, 0x00000000e8100000|  0%| F|  |TAMS 0x00000000e8000000| PB 0x00000000e8000000| Untracked 
| 129|0x00000000e8100000, 0x00000000e8100000, 0x00000000e8200000|  0%| F|  |TAMS 0x00000000e8100000| PB 0x00000000e8100000| Untracked 
| 130|0x00000000e8200000, 0x00000000e8200000, 0x00000000e8300000|  0%| F|  |TAMS 0x00000000e8200000| PB 0x00000000e8200000| Untracked 
| 131|0x00000000e8300000, 0x00000000e8300000, 0x00000000e8400000|  0%| F|  |TAMS 0x00000000e8300000| PB 0x00000000e8300000| Untracked 
| 132|0x00000000e8400000, 0x00000000e8400000, 0x00000000e8500000|  0%| F|  |TAMS 0x00000000e8400000| PB 0x00000000e8400000| Untracked 
| 133|0x00000000e8500000, 0x00000000e8500000, 0x00000000e8600000|  0%| F|  |TAMS 0x00000000e8500000| PB 0x00000000e8500000| Untracked 
| 134|0x00000000e8600000, 0x00000000e8600000, 0x00000000e8700000|  0%| F|  |TAMS 0x00000000e8600000| PB 0x00000000e8600000| Untracked 
| 135|0x00000000e8700000, 0x00000000e8700000, 0x00000000e8800000|  0%| F|  |TAMS 0x00000000e8700000| PB 0x00000000e8700000| Untracked 
| 136|0x00000000e8800000, 0x00000000e8800000, 0x00000000e8900000|  0%| F|  |TAMS 0x00000000e8800000| PB 0x00000000e8800000| Untracked 
| 137|0x00000000e8900000, 0x00000000e8900000, 0x00000000e8a00000|  0%| F|  |TAMS 0x00000000e8900000| PB 0x00000000e8900000| Untracked 
| 138|0x00000000e8a00000, 0x00000000e8a00000, 0x00000000e8b00000|  0%| F|  |TAMS 0x00000000e8a00000| PB 0x00000000e8a00000| Untracked 
| 139|0x00000000e8b00000, 0x00000000e8b00000, 0x00000000e8c00000|  0%| F|  |TAMS 0x00000000e8b00000| PB 0x00000000e8b00000| Untracked 
| 140|0x00000000e8c00000, 0x00000000e8c00000, 0x00000000e8d00000|  0%| F|  |TAMS 0x00000000e8c00000| PB 0x00000000e8c00000| Untracked 
| 141|0x00000000e8d00000, 0x00000000e8d00000, 0x00000000e8e00000|  0%| F|  |TAMS 0x00000000e8d00000| PB 0x00000000e8d00000| Untracked 
| 142|0x00000000e8e00000, 0x00000000e8e00000, 0x00000000e8f00000|  0%| F|  |TAMS 0x00000000e8e00000| PB 0x00000000e8e00000| Untracked 
| 143|0x00000000e8f00000, 0x00000000e8f00000, 0x00000000e9000000|  0%| F|  |TAMS 0x00000000e8f00000| PB 0x00000000e8f00000| Untracked 
| 144|0x00000000e9000000, 0x00000000e9000000, 0x00000000e9100000|  0%| F|  |TAMS 0x00000000e9000000| PB 0x00000000e9000000| Untracked 
| 145|0x00000000e9100000, 0x00000000e9100000, 0x00000000e9200000|  0%| F|  |TAMS 0x00000000e9100000| PB 0x00000000e9100000| Untracked 
| 146|0x00000000e9200000, 0x00000000e9200000, 0x00000000e9300000|  0%| F|  |TAMS 0x00000000e9200000| PB 0x00000000e9200000| Untracked 
| 147|0x00000000e9300000, 0x00000000e9300000, 0x00000000e9400000|  0%| F|  |TAMS 0x00000000e9300000| PB 0x00000000e9300000| Untracked 
| 148|0x00000000e9400000, 0x00000000e9400000, 0x00000000e9500000|  0%| F|  |TAMS 0x00000000e9400000| PB 0x00000000e9400000| Untracked 
| 149|0x00000000e9500000, 0x00000000e9500000, 0x00000000e9600000|  0%| F|  |TAMS 0x00000000e9500000| PB 0x00000000e9500000| Untracked 
| 150|0x00000000e9600000, 0x00000000e9600000, 0x00000000e9700000|  0%| F|  |TAMS 0x00000000e9600000| PB 0x00000000e9600000| Untracked 
| 151|0x00000000e9700000, 0x00000000e9700000, 0x00000000e9800000|  0%| F|  |TAMS 0x00000000e9700000| PB 0x00000000e9700000| Untracked 
| 152|0x00000000e9800000, 0x00000000e9800000, 0x00000000e9900000|  0%| F|  |TAMS 0x00000000e9800000| PB 0x00000000e9800000| Untracked 
| 153|0x00000000e9900000, 0x00000000e9900000, 0x00000000e9a00000|  0%| F|  |TAMS 0x00000000e9900000| PB 0x00000000e9900000| Untracked 
| 154|0x00000000e9a00000, 0x00000000e9a00000, 0x00000000e9b00000|  0%| F|  |TAMS 0x00000000e9a00000| PB 0x00000000e9a00000| Untracked 
| 155|0x00000000e9b00000, 0x00000000e9b00000, 0x00000000e9c00000|  0%| F|  |TAMS 0x00000000e9b00000| PB 0x00000000e9b00000| Untracked 
| 156|0x00000000e9c00000, 0x00000000e9c00000, 0x00000000e9d00000|  0%| F|  |TAMS 0x00000000e9c00000| PB 0x00000000e9c00000| Untracked 
| 157|0x00000000e9d00000, 0x00000000e9d00000, 0x00000000e9e00000|  0%| F|  |TAMS 0x00000000e9d00000| PB 0x00000000e9d00000| Untracked 
| 158|0x00000000e9e00000, 0x00000000e9e00000, 0x00000000e9f00000|  0%| F|  |TAMS 0x00000000e9e00000| PB 0x00000000e9e00000| Untracked 
| 159|0x00000000e9f00000, 0x00000000e9f00000, 0x00000000ea000000|  0%| F|  |TAMS 0x00000000e9f00000| PB 0x00000000e9f00000| Untracked 
| 160|0x00000000ea000000, 0x00000000ea000000, 0x00000000ea100000|  0%| F|  |TAMS 0x00000000ea000000| PB 0x00000000ea000000| Untracked 
| 161|0x00000000ea100000, 0x00000000ea100000, 0x00000000ea200000|  0%| F|  |TAMS 0x00000000ea100000| PB 0x00000000ea100000| Untracked 
| 162|0x00000000ea200000, 0x00000000ea200000, 0x00000000ea300000|  0%| F|  |TAMS 0x00000000ea200000| PB 0x00000000ea200000| Untracked 
| 163|0x00000000ea300000, 0x00000000ea300000, 0x00000000ea400000|  0%| F|  |TAMS 0x00000000ea300000| PB 0x00000000ea300000| Untracked 
| 164|0x00000000ea400000, 0x00000000ea400000, 0x00000000ea500000|  0%| F|  |TAMS 0x00000000ea400000| PB 0x00000000ea400000| Untracked 
| 165|0x00000000ea500000, 0x00000000ea500000, 0x00000000ea600000|  0%| F|  |TAMS 0x00000000ea500000| PB 0x00000000ea500000| Untracked 
| 166|0x00000000ea600000, 0x00000000ea600000, 0x00000000ea700000|  0%| F|  |TAMS 0x00000000ea600000| PB 0x00000000ea600000| Untracked 
| 167|0x00000000ea700000, 0x00000000ea700000, 0x00000000ea800000|  0%| F|  |TAMS 0x00000000ea700000| PB 0x00000000ea700000| Untracked 
| 168|0x00000000ea800000, 0x00000000ea800000, 0x00000000ea900000|  0%| F|  |TAMS 0x00000000ea800000| PB 0x00000000ea800000| Untracked 
| 169|0x00000000ea900000, 0x00000000ea900000, 0x00000000eaa00000|  0%| F|  |TAMS 0x00000000ea900000| PB 0x00000000ea900000| Untracked 
| 170|0x00000000eaa00000, 0x00000000eaa00000, 0x00000000eab00000|  0%| F|  |TAMS 0x00000000eaa00000| PB 0x00000000eaa00000| Untracked 
| 171|0x00000000eab00000, 0x00000000eab00000, 0x00000000eac00000|  0%| F|  |TAMS 0x00000000eab00000| PB 0x00000000eab00000| Untracked 
| 172|0x00000000eac00000, 0x00000000eac00000, 0x00000000ead00000|  0%| F|  |TAMS 0x00000000eac00000| PB 0x00000000eac00000| Untracked 
| 173|0x00000000ead00000, 0x00000000eae00000, 0x00000000eae00000|100%| E|  |TAMS 0x00000000ead00000| PB 0x00000000ead00000| Complete 
| 174|0x00000000eae00000, 0x00000000eaf00000, 0x00000000eaf00000|100%| E|CS|TAMS 0x00000000eae00000| PB 0x00000000eae00000| Complete 
| 175|0x00000000eaf00000, 0x00000000eb000000, 0x00000000eb000000|100%| E|CS|TAMS 0x00000000eaf00000| PB 0x00000000eaf00000| Complete 
| 176|0x00000000eb000000, 0x00000000eb100000, 0x00000000eb100000|100%| E|CS|TAMS 0x00000000eb000000| PB 0x00000000eb000000| Complete 
| 177|0x00000000eb100000, 0x00000000eb200000, 0x00000000eb200000|100%| E|CS|TAMS 0x00000000eb100000| PB 0x00000000eb100000| Complete 
| 178|0x00000000eb200000, 0x00000000eb300000, 0x00000000eb300000|100%| E|CS|TAMS 0x00000000eb200000| PB 0x00000000eb200000| Complete 
| 179|0x00000000eb300000, 0x00000000eb400000, 0x00000000eb400000|100%| E|CS|TAMS 0x00000000eb300000| PB 0x00000000eb300000| Complete 
| 180|0x00000000eb400000, 0x00000000eb500000, 0x00000000eb500000|100%| E|CS|TAMS 0x00000000eb400000| PB 0x00000000eb400000| Complete 
| 181|0x00000000eb500000, 0x00000000eb600000, 0x00000000eb600000|100%| E|CS|TAMS 0x00000000eb500000| PB 0x00000000eb500000| Complete 
| 182|0x00000000eb600000, 0x00000000eb700000, 0x00000000eb700000|100%| E|CS|TAMS 0x00000000eb600000| PB 0x00000000eb600000| Complete 
| 183|0x00000000eb700000, 0x00000000eb800000, 0x00000000eb800000|100%| E|CS|TAMS 0x00000000eb700000| PB 0x00000000eb700000| Complete 
| 184|0x00000000eb800000, 0x00000000eb900000, 0x00000000eb900000|100%| E|CS|TAMS 0x00000000eb800000| PB 0x00000000eb800000| Complete 
| 185|0x00000000eb900000, 0x00000000eba00000, 0x00000000eba00000|100%| E|CS|TAMS 0x00000000eb900000| PB 0x00000000eb900000| Complete 
| 186|0x00000000eba00000, 0x00000000ebb00000, 0x00000000ebb00000|100%| E|CS|TAMS 0x00000000eba00000| PB 0x00000000eba00000| Complete 
| 187|0x00000000ebb00000, 0x00000000ebc00000, 0x00000000ebc00000|100%| E|CS|TAMS 0x00000000ebb00000| PB 0x00000000ebb00000| Complete 
| 188|0x00000000ebc00000, 0x00000000ebd00000, 0x00000000ebd00000|100%| E|CS|TAMS 0x00000000ebc00000| PB 0x00000000ebc00000| Complete 
| 189|0x00000000ebd00000, 0x00000000ebe00000, 0x00000000ebe00000|100%| E|CS|TAMS 0x00000000ebd00000| PB 0x00000000ebd00000| Complete 
| 190|0x00000000ebe00000, 0x00000000ebf00000, 0x00000000ebf00000|100%| E|CS|TAMS 0x00000000ebe00000| PB 0x00000000ebe00000| Complete 
| 191|0x00000000ebf00000, 0x00000000ec000000, 0x00000000ec000000|100%| E|CS|TAMS 0x00000000ebf00000| PB 0x00000000ebf00000| Complete 
| 192|0x00000000ec000000, 0x00000000ec100000, 0x00000000ec100000|100%| E|CS|TAMS 0x00000000ec000000| PB 0x00000000ec000000| Complete 
| 193|0x00000000ec100000, 0x00000000ec200000, 0x00000000ec200000|100%| E|CS|TAMS 0x00000000ec100000| PB 0x00000000ec100000| Complete 
| 194|0x00000000ec200000, 0x00000000ec300000, 0x00000000ec300000|100%| E|CS|TAMS 0x00000000ec200000| PB 0x00000000ec200000| Complete 
| 195|0x00000000ec300000, 0x00000000ec400000, 0x00000000ec400000|100%| E|CS|TAMS 0x00000000ec300000| PB 0x00000000ec300000| Complete 
| 196|0x00000000ec400000, 0x00000000ec500000, 0x00000000ec500000|100%| E|CS|TAMS 0x00000000ec400000| PB 0x00000000ec400000| Complete 
| 197|0x00000000ec500000, 0x00000000ec600000, 0x00000000ec600000|100%| E|CS|TAMS 0x00000000ec500000| PB 0x00000000ec500000| Complete 
| 198|0x00000000ec600000, 0x00000000ec700000, 0x00000000ec700000|100%| E|CS|TAMS 0x00000000ec600000| PB 0x00000000ec600000| Complete 
| 199|0x00000000ec700000, 0x00000000ec800000, 0x00000000ec800000|100%| E|CS|TAMS 0x00000000ec700000| PB 0x00000000ec700000| Complete 
| 200|0x00000000ec800000, 0x00000000ec900000, 0x00000000ec900000|100%| E|CS|TAMS 0x00000000ec800000| PB 0x00000000ec800000| Complete 
| 201|0x00000000ec900000, 0x00000000eca00000, 0x00000000eca00000|100%| E|CS|TAMS 0x00000000ec900000| PB 0x00000000ec900000| Complete 
| 202|0x00000000eca00000, 0x00000000ecb00000, 0x00000000ecb00000|100%| E|CS|TAMS 0x00000000eca00000| PB 0x00000000eca00000| Complete 
| 203|0x00000000ecb00000, 0x00000000ecc00000, 0x00000000ecc00000|100%| E|CS|TAMS 0x00000000ecb00000| PB 0x00000000ecb00000| Complete 
| 204|0x00000000ecc00000, 0x00000000ecd00000, 0x00000000ecd00000|100%| E|CS|TAMS 0x00000000ecc00000| PB 0x00000000ecc00000| Complete 
| 205|0x00000000ecd00000, 0x00000000ece00000, 0x00000000ece00000|100%| E|CS|TAMS 0x00000000ecd00000| PB 0x00000000ecd00000| Complete 
| 206|0x00000000ece00000, 0x00000000ecf00000, 0x00000000ecf00000|100%| E|CS|TAMS 0x00000000ece00000| PB 0x00000000ece00000| Complete 
| 207|0x00000000ecf00000, 0x00000000ed000000, 0x00000000ed000000|100%| E|CS|TAMS 0x00000000ecf00000| PB 0x00000000ecf00000| Complete 
| 208|0x00000000ed000000, 0x00000000ed100000, 0x00000000ed100000|100%| E|CS|TAMS 0x00000000ed000000| PB 0x00000000ed000000| Complete 
| 209|0x00000000ed100000, 0x00000000ed200000, 0x00000000ed200000|100%| E|CS|TAMS 0x00000000ed100000| PB 0x00000000ed100000| Complete 
| 210|0x00000000ed200000, 0x00000000ed300000, 0x00000000ed300000|100%| E|CS|TAMS 0x00000000ed200000| PB 0x00000000ed200000| Complete 
| 211|0x00000000ed300000, 0x00000000ed400000, 0x00000000ed400000|100%| E|CS|TAMS 0x00000000ed300000| PB 0x00000000ed300000| Complete 
| 212|0x00000000ed400000, 0x00000000ed500000, 0x00000000ed500000|100%| E|CS|TAMS 0x00000000ed400000| PB 0x00000000ed400000| Complete 
| 213|0x00000000ed500000, 0x00000000ed600000, 0x00000000ed600000|100%| E|CS|TAMS 0x00000000ed500000| PB 0x00000000ed500000| Complete 
| 214|0x00000000ed600000, 0x00000000ed700000, 0x00000000ed700000|100%| E|CS|TAMS 0x00000000ed600000| PB 0x00000000ed600000| Complete 
| 215|0x00000000ed700000, 0x00000000ed800000, 0x00000000ed800000|100%| E|CS|TAMS 0x00000000ed700000| PB 0x00000000ed700000| Complete 
| 216|0x00000000ed800000, 0x00000000ed900000, 0x00000000ed900000|100%| E|CS|TAMS 0x00000000ed800000| PB 0x00000000ed800000| Complete 
| 217|0x00000000ed900000, 0x00000000eda00000, 0x00000000eda00000|100%| E|CS|TAMS 0x00000000ed900000| PB 0x00000000ed900000| Complete 
| 218|0x00000000eda00000, 0x00000000edb00000, 0x00000000edb00000|100%| E|CS|TAMS 0x00000000eda00000| PB 0x00000000eda00000| Complete 
| 219|0x00000000edb00000, 0x00000000edc00000, 0x00000000edc00000|100%| E|CS|TAMS 0x00000000edb00000| PB 0x00000000edb00000| Complete 
| 220|0x00000000edc00000, 0x00000000edd00000, 0x00000000edd00000|100%| E|CS|TAMS 0x00000000edc00000| PB 0x00000000edc00000| Complete 
| 221|0x00000000edd00000, 0x00000000ede00000, 0x00000000ede00000|100%| E|CS|TAMS 0x00000000edd00000| PB 0x00000000edd00000| Complete 
| 222|0x00000000ede00000, 0x00000000edf00000, 0x00000000edf00000|100%| E|CS|TAMS 0x00000000ede00000| PB 0x00000000ede00000| Complete 
| 223|0x00000000edf00000, 0x00000000ee000000, 0x00000000ee000000|100%| E|CS|TAMS 0x00000000edf00000| PB 0x00000000edf00000| Complete 
| 224|0x00000000ee000000, 0x00000000ee100000, 0x00000000ee100000|100%| E|CS|TAMS 0x00000000ee000000| PB 0x00000000ee000000| Complete 
| 225|0x00000000ee100000, 0x00000000ee200000, 0x00000000ee200000|100%| E|CS|TAMS 0x00000000ee100000| PB 0x00000000ee100000| Complete 
| 226|0x00000000ee200000, 0x00000000ee300000, 0x00000000ee300000|100%| E|CS|TAMS 0x00000000ee200000| PB 0x00000000ee200000| Complete 
| 227|0x00000000ee300000, 0x00000000ee400000, 0x00000000ee400000|100%| E|CS|TAMS 0x00000000ee300000| PB 0x00000000ee300000| Complete 
| 228|0x00000000ee400000, 0x00000000ee500000, 0x00000000ee500000|100%| E|CS|TAMS 0x00000000ee400000| PB 0x00000000ee400000| Complete 
| 229|0x00000000ee500000, 0x00000000ee600000, 0x00000000ee600000|100%| E|CS|TAMS 0x00000000ee500000| PB 0x00000000ee500000| Complete 
| 230|0x00000000ee600000, 0x00000000ee700000, 0x00000000ee700000|100%| E|CS|TAMS 0x00000000ee600000| PB 0x00000000ee600000| Complete 
| 231|0x00000000ee700000, 0x00000000ee800000, 0x00000000ee800000|100%| E|CS|TAMS 0x00000000ee700000| PB 0x00000000ee700000| Complete 
| 232|0x00000000ee800000, 0x00000000ee900000, 0x00000000ee900000|100%| E|CS|TAMS 0x00000000ee800000| PB 0x00000000ee800000| Complete 
| 233|0x00000000ee900000, 0x00000000eea00000, 0x00000000eea00000|100%| E|CS|TAMS 0x00000000ee900000| PB 0x00000000ee900000| Complete 
| 234|0x00000000eea00000, 0x00000000eeb00000, 0x00000000eeb00000|100%| E|CS|TAMS 0x00000000eea00000| PB 0x00000000eea00000| Complete 
| 235|0x00000000eeb00000, 0x00000000eec00000, 0x00000000eec00000|100%| E|CS|TAMS 0x00000000eeb00000| PB 0x00000000eeb00000| Complete 
| 236|0x00000000eec00000, 0x00000000eed00000, 0x00000000eed00000|100%| E|CS|TAMS 0x00000000eec00000| PB 0x00000000eec00000| Complete 
| 237|0x00000000eed00000, 0x00000000eee00000, 0x00000000eee00000|100%| E|CS|TAMS 0x00000000eed00000| PB 0x00000000eed00000| Complete 
| 238|0x00000000eee00000, 0x00000000eef00000, 0x00000000eef00000|100%| E|CS|TAMS 0x00000000eee00000| PB 0x00000000eee00000| Complete 
| 239|0x00000000eef00000, 0x00000000ef000000, 0x00000000ef000000|100%| E|CS|TAMS 0x00000000eef00000| PB 0x00000000eef00000| Complete 
| 240|0x00000000ef000000, 0x00000000ef100000, 0x00000000ef100000|100%| E|CS|TAMS 0x00000000ef000000| PB 0x00000000ef000000| Complete 
| 241|0x00000000ef100000, 0x00000000ef200000, 0x00000000ef200000|100%| E|CS|TAMS 0x00000000ef100000| PB 0x00000000ef100000| Complete 
| 242|0x00000000ef200000, 0x00000000ef300000, 0x00000000ef300000|100%| E|CS|TAMS 0x00000000ef200000| PB 0x00000000ef200000| Complete 
| 243|0x00000000ef300000, 0x00000000ef400000, 0x00000000ef400000|100%| E|CS|TAMS 0x00000000ef300000| PB 0x00000000ef300000| Complete 
| 244|0x00000000ef400000, 0x00000000ef500000, 0x00000000ef500000|100%| E|CS|TAMS 0x00000000ef400000| PB 0x00000000ef400000| Complete 
| 245|0x00000000ef500000, 0x00000000ef600000, 0x00000000ef600000|100%| E|CS|TAMS 0x00000000ef500000| PB 0x00000000ef500000| Complete 
| 246|0x00000000ef600000, 0x00000000ef700000, 0x00000000ef700000|100%| E|CS|TAMS 0x00000000ef600000| PB 0x00000000ef600000| Complete 
| 247|0x00000000ef700000, 0x00000000ef800000, 0x00000000ef800000|100%| E|CS|TAMS 0x00000000ef700000| PB 0x00000000ef700000| Complete 
| 248|0x00000000ef800000, 0x00000000ef900000, 0x00000000ef900000|100%| E|CS|TAMS 0x00000000ef800000| PB 0x00000000ef800000| Complete 
| 249|0x00000000ef900000, 0x00000000efa00000, 0x00000000efa00000|100%| E|CS|TAMS 0x00000000ef900000| PB 0x00000000ef900000| Complete 
| 250|0x00000000efa00000, 0x00000000efb00000, 0x00000000efb00000|100%| E|CS|TAMS 0x00000000efa00000| PB 0x00000000efa00000| Complete 
| 251|0x00000000efb00000, 0x00000000efc00000, 0x00000000efc00000|100%| E|CS|TAMS 0x00000000efb00000| PB 0x00000000efb00000| Complete 
| 252|0x00000000efc00000, 0x00000000efd00000, 0x00000000efd00000|100%| E|CS|TAMS 0x00000000efc00000| PB 0x00000000efc00000| Complete 
| 253|0x00000000efd00000, 0x00000000efe00000, 0x00000000efe00000|100%| E|CS|TAMS 0x00000000efd00000| PB 0x00000000efd00000| Complete 
| 254|0x00000000efe00000, 0x00000000eff00000, 0x00000000eff00000|100%| E|CS|TAMS 0x00000000efe00000| PB 0x00000000efe00000| Complete 
| 255|0x00000000eff00000, 0x00000000f0000000, 0x00000000f0000000|100%| E|CS|TAMS 0x00000000eff00000| PB 0x00000000eff00000| Complete 

Card table byte_map: [0x0000023fcb840000,0x0000023fcb940000] _byte_map_base: 0x0000023fcb140000

Marking Bits: (CMBitMap*) 0x0000023fb3d7b530
 Bits: [0x0000023fcb940000, 0x0000023fcc140000)

Polling page: 0x0000023fb1b60000

Metaspace:

Usage:
  Non-class:     46.28 MB used.
      Class:      7.82 MB used.
       Both:     54.10 MB used.

Virtual space:
  Non-class space:       64.00 MB reserved,      47.19 MB ( 74%) committed,  1 nodes.
      Class space:      320.00 MB reserved,       8.75 MB (  3%) committed,  1 nodes.
             Both:      384.00 MB reserved,      55.94 MB ( 15%) committed. 

Chunk freelists:
   Non-Class:  640.00 KB
       Class:  7.14 MB
        Both:  7.77 MB

MaxMetaspaceSize: 384.00 MB
CompressedClassSpaceSize: 320.00 MB
Initial GC threshold: 21.00 MB
Current GC threshold: 59.81 MB
CDS: on
 - commit_granule_bytes: 65536.
 - commit_granule_words: 8192.
 - virtual_space_node_default_size: 8388608.
 - enlarge_chunks_in_place: 1.
 - use_allocation_guard: 0.


Internal statistics:

num_allocs_failed_limit: 12.
num_arena_births: 3372.
num_arena_deaths: 0.
num_vsnodes_births: 2.
num_vsnodes_deaths: 0.
num_space_committed: 895.
num_space_uncommitted: 0.
num_chunks_returned_to_freelist: 12.
num_chunks_taken_from_freelist: 6098.
num_chunk_merges: 9.
num_chunk_splits: 3920.
num_chunks_enlarged: 2345.
num_inconsistent_stats: 0.

CodeHeap 'non-profiled nmethods': size=120000Kb used=3759Kb max_used=3759Kb free=116240Kb
 bounds [0x0000023fc3cc0000, 0x0000023fc4070000, 0x0000023fcb1f0000]
CodeHeap 'profiled nmethods': size=120000Kb used=12269Kb max_used=12269Kb free=107730Kb
 bounds [0x0000023fbc1f0000, 0x0000023fbcdf0000, 0x0000023fc3720000]
CodeHeap 'non-nmethods': size=5760Kb used=2744Kb max_used=2816Kb free=3015Kb
 bounds [0x0000023fc3720000, 0x0000023fc39f0000, 0x0000023fc3cc0000]
 total_blobs=7219 nmethods=6347 adapters=776
 compilation: enabled
              stopped_count=0, restarted_count=0
 full_count=0

Compilation events (20 events):
Event: 13.759 Thread 0x0000023fcedfe780 nmethod 6807 0x0000023fbcddb110 code [0x0000023fbcddb2c0, 0x0000023fbcddb4f0]
Event: 13.759 Thread 0x0000023fcedfe780 6808       3       java.util.concurrent.ConcurrentHashMap$ValueIterator::<init> (12 bytes)
Event: 13.759 Thread 0x0000023fcedfe780 nmethod 6808 0x0000023fbcddb610 code [0x0000023fbcddb7c0, 0x0000023fbcddb8f8]
Event: 13.759 Thread 0x0000023fcedfe780 6809       3       java.lang.ProcessEnvironment$CheckedEntrySet$1::hasNext (10 bytes)
Event: 13.759 Thread 0x0000023fcedfe780 nmethod 6809 0x0000023fbcddb990 code [0x0000023fbcddbb40, 0x0000023fbcddbd18]
Event: 13.759 Thread 0x0000023fcedfe780 6810       3       java.lang.ProcessEnvironment$CheckedEntry::getKey (5 bytes)
Event: 13.759 Thread 0x0000023fcedfaf90 6812       4       java.util.concurrent.locks.ReentrantLock$Sync::isHeldExclusively (16 bytes)
Event: 13.759 Thread 0x0000023fcedfe780 nmethod 6810 0x0000023fbcddbe10 code [0x0000023fbcddbfe0, 0x0000023fbcddc308]
Event: 13.759 Thread 0x0000023fcedfe780 6811       3       java.lang.ProcessEnvironment$CheckedEntry::getKey (13 bytes)
Event: 13.760 Thread 0x0000023fcedfe780 nmethod 6811 0x0000023fbcddc410 code [0x0000023fbcddc5c0, 0x0000023fbcddc888]
Event: 13.760 Thread 0x0000023fcedfe780 6813       3       java.lang.ProcessEnvironment$CheckedEntry::getValue (5 bytes)
Event: 13.760 Thread 0x0000023fcedfe780 nmethod 6813 0x0000023fbcddc990 code [0x0000023fbcddcb60, 0x0000023fbcddce98]
Event: 13.760 Thread 0x0000023fcedfe780 6814       3       java.lang.ProcessEnvironment$CheckedEntry::getValue (13 bytes)
Event: 13.760 Thread 0x0000023fcedfaf90 nmethod 6812 0x0000023fc4066f10 code [0x0000023fc40670a0, 0x0000023fc4067140]
Event: 13.760 Thread 0x0000023fcedfe780 nmethod 6814 0x0000023fbcddcf90 code [0x0000023fbcddd140, 0x0000023fbcddd408]
Event: 13.770 Thread 0x0000023fe918b720 6816       4       java.lang.invoke.MethodType::makeImpl (109 bytes)
Event: 13.770 Thread 0x0000023fcedfaf90 6817       4       java.lang.invoke.MethodType$ConcurrentWeakInternSet::get (47 bytes)
Event: 13.793 Thread 0x0000023fcedfaf90 nmethod 6817 0x0000023fc4067510 code [0x0000023fc4067740, 0x0000023fc4068208]
Event: 13.793 Thread 0x0000023fcedfaf90 6818       4       java.util.concurrent.locks.AbstractQueuedSynchronizer$Node::setStatusRelaxed (12 bytes)
Event: 13.794 Thread 0x0000023fcedfaf90 nmethod 6818 0x0000023fc4068790 code [0x0000023fc4068920, 0x0000023fc40689b0]

GC Heap History (16 events):
Event: 0.529 GC heap before
{Heap before GC invocations=0 (full 0):
 garbage-first heap   total 262144K, used 22528K [0x00000000e0000000, 0x0000000100000000)
  region size 1024K, 23 young (23552K), 0 survivors (0K)
 Metaspace       used 1096K, committed 1216K, reserved 393216K
  class space    used 78K, committed 128K, reserved 327680K
}
Event: 0.532 GC heap after
{Heap after GC invocations=1 (full 0):
 garbage-first heap   total 262144K, used 4322K [0x00000000e0000000, 0x0000000100000000)
  region size 1024K, 3 young (3072K), 3 survivors (3072K)
 Metaspace       used 1096K, committed 1216K, reserved 393216K
  class space    used 78K, committed 128K, reserved 327680K
}
Event: 1.382 GC heap before
{Heap before GC invocations=1 (full 0):
 garbage-first heap   total 262144K, used 41186K [0x00000000e0000000, 0x0000000100000000)
  region size 1024K, 36 young (36864K), 3 survivors (3072K)
 Metaspace       used 4402K, committed 4608K, reserved 393216K
  class space    used 533K, committed 640K, reserved 327680K
}
Event: 1.386 GC heap after
{Heap after GC invocations=2 (full 0):
 garbage-first heap   total 262144K, used 11892K [0x00000000e0000000, 0x0000000100000000)
  region size 1024K, 4 young (4096K), 4 survivors (4096K)
 Metaspace       used 4402K, committed 4608K, reserved 393216K
  class space    used 533K, committed 640K, reserved 327680K
}
Event: 2.528 GC heap before
{Heap before GC invocations=2 (full 0):
 garbage-first heap   total 262144K, used 61044K [0x00000000e0000000, 0x0000000100000000)
  region size 1024K, 50 young (51200K), 4 survivors (4096K)
 Metaspace       used 5335K, committed 5568K, reserved 393216K
  class space    used 690K, committed 832K, reserved 327680K
}
Event: 2.533 GC heap after
{Heap after GC invocations=3 (full 0):
 garbage-first heap   total 262144K, used 17627K [0x00000000e0000000, 0x0000000100000000)
  region size 1024K, 7 young (7168K), 7 survivors (7168K)
 Metaspace       used 5335K, committed 5568K, reserved 393216K
  class space    used 690K, committed 832K, reserved 327680K
}
Event: 5.453 GC heap before
{Heap before GC invocations=3 (full 0):
 garbage-first heap   total 262144K, used 105691K [0x00000000e0000000, 0x0000000100000000)
  region size 1024K, 94 young (96256K), 7 survivors (7168K)
 Metaspace       used 20826K, committed 21504K, reserved 393216K
  class space    used 2977K, committed 3264K, reserved 327680K
}
Event: 5.463 GC heap after
{Heap after GC invocations=4 (full 0):
 garbage-first heap   total 262144K, used 24920K [0x00000000e0000000, 0x0000000100000000)
  region size 1024K, 15 young (15360K), 15 survivors (15360K)
 Metaspace       used 20826K, committed 21504K, reserved 393216K
  class space    used 2977K, committed 3264K, reserved 327680K
}
Event: 7.743 GC heap before
{Heap before GC invocations=5 (full 0):
 garbage-first heap   total 262144K, used 117080K [0x00000000e0000000, 0x0000000100000000)
  region size 1024K, 107 young (109568K), 15 survivors (15360K)
 Metaspace       used 34662K, committed 35968K, reserved 393216K
  class space    used 5021K, committed 5696K, reserved 327680K
}
Event: 7.757 GC heap after
{Heap after GC invocations=6 (full 0):
 garbage-first heap   total 262144K, used 32014K [0x00000000e0000000, 0x0000000100000000)
  region size 1024K, 14 young (14336K), 14 survivors (14336K)
 Metaspace       used 34662K, committed 35968K, reserved 393216K
  class space    used 5021K, committed 5696K, reserved 327680K
}
Event: 7.802 GC heap before
{Heap before GC invocations=6 (full 0):
 garbage-first heap   total 262144K, used 34062K [0x00000000e0000000, 0x0000000100000000)
  region size 1024K, 17 young (17408K), 14 survivors (14336K)
 Metaspace       used 35040K, committed 36288K, reserved 393216K
  class space    used 5077K, committed 5696K, reserved 327680K
}
Event: 7.812 GC heap after
{Heap after GC invocations=7 (full 0):
 garbage-first heap   total 262144K, used 31598K [0x00000000e0000000, 0x0000000100000000)
  region size 1024K, 7 young (7168K), 7 survivors (7168K)
 Metaspace       used 35040K, committed 36288K, reserved 393216K
  class space    used 5077K, committed 5696K, reserved 327680K
}
Event: 7.837 GC heap before
{Heap before GC invocations=7 (full 0):
 garbage-first heap   total 262144K, used 32622K [0x00000000e0000000, 0x0000000100000000)
  region size 1024K, 10 young (10240K), 7 survivors (7168K)
 Metaspace       used 35352K, committed 36608K, reserved 393216K
  class space    used 5096K, committed 5760K, reserved 327680K
}
Event: 7.843 GC heap after
{Heap after GC invocations=8 (full 0):
 garbage-first heap   total 262144K, used 32156K [0x00000000e0000000, 0x0000000100000000)
  region size 1024K, 8 young (8192K), 8 survivors (8192K)
 Metaspace       used 35352K, committed 36608K, reserved 393216K
  class space    used 5096K, committed 5760K, reserved 327680K
}
Event: 11.562 GC heap before
{Heap before GC invocations=9 (full 0):
 garbage-first heap   total 262144K, used 186780K [0x00000000e0000000, 0x0000000100000000)
  region size 1024K, 153 young (156672K), 8 survivors (8192K)
 Metaspace       used 49336K, committed 51072K, reserved 393216K
  class space    used 7023K, committed 7872K, reserved 327680K
}
Event: 11.581 GC heap after
{Heap after GC invocations=10 (full 0):
 garbage-first heap   total 262144K, used 41653K [0x00000000e0000000, 0x0000000100000000)
  region size 1024K, 17 young (17408K), 17 survivors (17408K)
 Metaspace       used 49336K, committed 51072K, reserved 393216K
  class space    used 7023K, committed 7872K, reserved 327680K
}

Dll operation events (15 events):
Event: 0.009 Loaded shared library C:\Program Files\Java\jdk-21\bin\java.dll
Event: 0.052 Loaded shared library C:\Program Files\Java\jdk-21\bin\jsvml.dll
Event: 0.103 Loaded shared library C:\Program Files\Java\jdk-21\bin\zip.dll
Event: 0.107 Loaded shared library C:\Program Files\Java\jdk-21\bin\instrument.dll
Event: 0.113 Loaded shared library C:\Program Files\Java\jdk-21\bin\net.dll
Event: 0.115 Loaded shared library C:\Program Files\Java\jdk-21\bin\nio.dll
Event: 0.118 Loaded shared library C:\Program Files\Java\jdk-21\bin\zip.dll
Event: 0.424 Loaded shared library C:\Program Files\Java\jdk-21\bin\jimage.dll
Event: 0.599 Loaded shared library C:\Program Files\Java\jdk-21\bin\verify.dll
Event: 0.796 Loaded shared library C:\Users\Alienware 17-R5 Dell\.gradle\native\c067742578af261105cb4f569cf0c3c89f3d7b1fecec35dd04571415982c5e48\windows-amd64\native-platform.dll
Event: 0.802 Loaded shared library C:\Users\Alienware 17-R5 Dell\.gradle\native\100fb08df4bc3b14c8652ba06237920a3bd2aa13389f12d3474272988ae205f9\windows-amd64\native-platform-file-events.dll
Event: 2.658 Loaded shared library C:\Program Files\Java\jdk-21\bin\management.dll
Event: 2.661 Loaded shared library C:\Program Files\Java\jdk-21\bin\management_ext.dll
Event: 2.897 Loaded shared library C:\Program Files\Java\jdk-21\bin\extnet.dll
Event: 3.058 Loaded shared library C:\Program Files\Java\jdk-21\bin\sunmscapi.dll

Deoptimization events (20 events):
Event: 13.717 Thread 0x0000023fee115960 Uncommon trap: trap_request=0xffffff45 fr.pc=0x0000023fc3d262b8 relative=0x0000000000000098
Event: 13.717 Thread 0x0000023fee115960 Uncommon trap: reason=unstable_if action=reinterpret pc=0x0000023fc3d262b8 method=java.util.Spliterator.getExactSizeIfKnown()J @ 9 c2
Event: 13.717 Thread 0x0000023fee115960 DEOPT PACKING pc=0x0000023fc3d262b8 sp=0x000000b97e3fec20
Event: 13.717 Thread 0x0000023fee115960 DEOPT UNPACKING pc=0x0000023fc37746a2 sp=0x000000b97e3feba8 mode 2
Event: 13.723 Thread 0x0000023fee115960 Uncommon trap: trap_request=0xffffffde fr.pc=0x0000023fc403a984 relative=0x0000000000000fe4
Event: 13.723 Thread 0x0000023fee115960 Uncommon trap: reason=class_check action=maybe_recompile pc=0x0000023fc403a984 method=java.util.concurrent.ConcurrentHashMap.putVal(Ljava/lang/Object;Ljava/lang/Object;Z)Ljava/lang/Object; @ 159 c2
Event: 13.723 Thread 0x0000023fee115960 DEOPT PACKING pc=0x0000023fc403a984 sp=0x000000b97e3feb40
Event: 13.723 Thread 0x0000023fee115960 DEOPT UNPACKING pc=0x0000023fc37746a2 sp=0x000000b97e3feae0 mode 2
Event: 13.724 Thread 0x0000023fee115960 Uncommon trap: trap_request=0xffffffde fr.pc=0x0000023fc403a984 relative=0x0000000000000fe4
Event: 13.724 Thread 0x0000023fee115960 Uncommon trap: reason=class_check action=maybe_recompile pc=0x0000023fc403a984 method=java.util.concurrent.ConcurrentHashMap.putVal(Ljava/lang/Object;Ljava/lang/Object;Z)Ljava/lang/Object; @ 159 c2
Event: 13.724 Thread 0x0000023fee115960 DEOPT PACKING pc=0x0000023fc403a984 sp=0x000000b97e3feb40
Event: 13.724 Thread 0x0000023fee115960 DEOPT UNPACKING pc=0x0000023fc37746a2 sp=0x000000b97e3feae0 mode 2
Event: 13.725 Thread 0x0000023fee111e50 Uncommon trap: trap_request=0xffffff45 fr.pc=0x0000023fc3ea01a4 relative=0x0000000000000264
Event: 13.725 Thread 0x0000023fee111e50 Uncommon trap: reason=unstable_if action=reinterpret pc=0x0000023fc3ea01a4 method=java.lang.invoke.MethodType.equals(Ljava/lang/Object;)Z @ 11 c2
Event: 13.725 Thread 0x0000023fee111e50 DEOPT PACKING pc=0x0000023fc3ea01a4 sp=0x000000b97e8fd4c0
Event: 13.725 Thread 0x0000023fee111e50 DEOPT UNPACKING pc=0x0000023fc37746a2 sp=0x000000b97e8fd488 mode 2
Event: 13.725 Thread 0x0000023fee111e50 Uncommon trap: trap_request=0xffffff54 fr.pc=0x0000023fc3e1c970 relative=0x0000000000000e70
Event: 13.726 Thread 0x0000023fee111e50 Uncommon trap: reason=speculate_null_assert action=make_not_entrant pc=0x0000023fc3e1c970 method=java.lang.invoke.MethodType$ConcurrentWeakInternSet.add(Ljava/lang/Object;)Ljava/lang/Object; @ 47 c2
Event: 13.726 Thread 0x0000023fee111e50 DEOPT PACKING pc=0x0000023fc3e1c970 sp=0x000000b97e8fd660
Event: 13.726 Thread 0x0000023fee111e50 DEOPT UNPACKING pc=0x0000023fc37746a2 sp=0x000000b97e8fd608 mode 2

Classes loaded (20 events):
Event: 13.771 Loading class java/lang/Process$PipeInputStream
Event: 13.771 Loading class java/lang/Process$PipeInputStream done
Event: 13.772 Loading class jdk/internal/event/ProcessStartEvent
Event: 13.772 Loading class jdk/internal/event/ProcessStartEvent done
Event: 13.772 Loading class jdk/internal/logger/LazyLoggers
Event: 13.772 Loading class jdk/internal/logger/LazyLoggers done
Event: 13.772 Loading class jdk/internal/logger/LazyLoggers$1
Event: 13.772 Loading class jdk/internal/logger/LazyLoggers$1 done
Event: 13.772 Loading class jdk/internal/logger/LazyLoggers$LazyLoggerFactories
Event: 13.772 Loading class jdk/internal/logger/LazyLoggers$LazyLoggerFactories done
Event: 13.773 Loading class jdk/internal/logger/LoggerFinderLoader
Event: 13.773 Loading class jdk/internal/logger/LoggerFinderLoader done
Event: 13.774 Loading class jdk/internal/logger/LoggerFinderLoader$TemporaryLoggerFinder
Event: 13.774 Loading class jdk/internal/logger/LoggerFinderLoader$TemporaryLoggerFinder done
Event: 13.774 Loading class sun/util/logging/internal/LoggingProviderImpl$JULWrapper
Event: 13.774 Loading class sun/util/logging/PlatformLogger$ConfigurableBridge$LoggerConfiguration
Event: 13.774 Loading class sun/util/logging/PlatformLogger$ConfigurableBridge$LoggerConfiguration done
Event: 13.775 Loading class sun/util/logging/internal/LoggingProviderImpl$JULWrapper done
Event: 13.775 Loading class java/lang/System$Logger$Level
Event: 13.775 Loading class java/lang/System$Logger$Level done

Classes unloaded (0 events):
No events

Classes redefined (0 events):
No events

Internal exceptions (20 events):
Event: 13.171 Thread 0x0000023fe943c7d0 Exception <a 'java/lang/ClassNotFoundException'{0x00000000ec27f428}: org/gradle/api/internal/DefaultNamedDomainObjectListCustomizer> (0x00000000ec27f428) 
thrown [s\open\src\hotspot\share\classfile\systemDictionary.cpp, line 312]
Event: 13.178 Thread 0x0000023fe943c7d0 Exception <a 'java/lang/ClassNotFoundException'{0x00000000ec2cef68}: org/gradle/api/internal/artifacts/DefaultArtifactRepositoryContainerCustomizer> (0x00000000ec2cef68) 
thrown [s\open\src\hotspot\share\classfile\systemDictionary.cpp, line 312]
Event: 13.187 Thread 0x0000023fe943c7d0 Exception <a 'java/lang/ClassNotFoundException'{0x00000000ec11a900}: org/gradle/api/internal/artifacts/dsl/DefaultRepositoryHandlerCustomizer> (0x00000000ec11a900) 
thrown [s\open\src\hotspot\share\classfile\systemDictionary.cpp, line 312]
Event: 13.195 Thread 0x0000023fe943c7d0 Exception <a 'java/lang/ClassNotFoundException'{0x00000000ec174f68}: org/gradle/api/internal/artifacts/dsl/DefaultRepositoryHandler_DecoratedCustomizer> (0x00000000ec174f68) 
thrown [s\open\src\hotspot\share\classfile\systemDictionary.cpp, line 312]
Event: 13.257 Thread 0x0000023fe943c7d0 Exception <a 'java/lang/ClassNotFoundException'{0x00000000ebd91f60}: org/gradle/api/internal/tasks/DefaultTaskContainer_DecoratedBeanInfo> (0x00000000ebd91f60) 
thrown [s\open\src\hotspot\share\classfile\systemDictionary.cpp, line 312]
Event: 13.258 Thread 0x0000023fe943c7d0 Exception <a 'java/lang/ClassNotFoundException'{0x00000000ebda5308}: org/gradle/api/internal/tasks/DefaultTaskContainerBeanInfo> (0x00000000ebda5308) 
thrown [s\open\src\hotspot\share\classfile\systemDictionary.cpp, line 312]
Event: 13.259 Thread 0x0000023fe943c7d0 Exception <a 'java/lang/ClassNotFoundException'{0x00000000ebdb86d0}: org/gradle/api/internal/tasks/DefaultTaskCollectionBeanInfo> (0x00000000ebdb86d0) 
thrown [s\open\src\hotspot\share\classfile\systemDictionary.cpp, line 312]
Event: 13.261 Thread 0x0000023fe943c7d0 Exception <a 'java/lang/ClassNotFoundException'{0x00000000ebdcbd30}: org/gradle/api/internal/DefaultNamedDomainObjectSetBeanInfo> (0x00000000ebdcbd30) 
thrown [s\open\src\hotspot\share\classfile\systemDictionary.cpp, line 312]
Event: 13.262 Thread 0x0000023fe943c7d0 Exception <a 'java/lang/ClassNotFoundException'{0x00000000ebddf370}: org/gradle/api/internal/DefaultNamedDomainObjectSetCustomizer> (0x00000000ebddf370) 
thrown [s\open\src\hotspot\share\classfile\systemDictionary.cpp, line 312]
Event: 13.267 Thread 0x0000023fe943c7d0 Exception <a 'java/lang/ClassNotFoundException'{0x00000000ebc21da8}: org/gradle/api/internal/tasks/DefaultTaskCollectionCustomizer> (0x00000000ebc21da8) 
thrown [s\open\src\hotspot\share\classfile\systemDictionary.cpp, line 312]
Event: 13.276 Thread 0x0000023fe943c7d0 Exception <a 'java/lang/ClassNotFoundException'{0x00000000ebc89320}: org/gradle/api/internal/tasks/DefaultTaskContainerCustomizer> (0x00000000ebc89320) 
thrown [s\open\src\hotspot\share\classfile\systemDictionary.cpp, line 312]
Event: 13.288 Thread 0x0000023fe943c7d0 Exception <a 'java/lang/ClassNotFoundException'{0x00000000ebb17c40}: org/gradle/api/internal/tasks/DefaultTaskContainer_DecoratedCustomizer> (0x00000000ebb17c40) 
thrown [s\open\src\hotspot\share\classfile\systemDictionary.cpp, line 312]
Event: 13.310 Thread 0x0000023fe943c7d0 Exception <a 'java/lang/NoSuchMethodError'{0x00000000ebba5fd8}: 'void java.lang.invoke.DirectMethodHandle$Holder.invokeInterface(java.lang.Object, java.lang.Object, java.lang.Object, java.lang.Object)'> (0x00000000ebba5fd8) 
thrown [s\open\src\hotspot\share\interpreter\linkResolver.cpp, line 773]
Event: 13.571 Thread 0x0000023fe943c7d0 Exception <a 'java/lang/NoSuchMethodError'{0x00000000eb5460f0}: 'int java.lang.invoke.DirectMethodHandle$Holder.invokeSpecialIFC(java.lang.Object, java.lang.Object, java.lang.Object, java.lang.Object, java.lang.Object)'> (0x00000000eb5460f0) 
thrown [s\open\src\hotspot\share\interpreter\linkResolver.cpp, line 773]
Event: 13.695 Thread 0x0000023fe943c7d0 Exception <a 'java/lang/NoSuchMethodError'{0x00000000eb159ac8}: 'java.lang.Object java.lang.invoke.DirectMethodHandle$Holder.newInvokeSpecial(java.lang.Object, java.lang.Object, java.lang.Object, java.lang.Object, java.lang.Object, java.lang.Object, int)'> (0x00000000eb159ac8) 
thrown [s\open\src\hotspot\share\interpreter\linkResolver.cpp, line 773]
Event: 13.696 Thread 0x0000023fe943c7d0 Exception <a 'java/lang/NoSuchMethodError'{0x00000000eb15e9c0}: 'java.lang.Object java.lang.invoke.DirectMethodHandle$Holder.invokeSpecial(java.lang.Object, java.lang.Object, java.lang.Object, java.lang.Object, java.lang.Object, java.lang.Object, java.lang.Object, int)'> (0x00000000eb15e9c0) 
thrown [s\open\src\hotspot\share\interpreter\linkResolver.cpp, line 773]
Event: 13.697 Thread 0x0000023fe943c7d0 Exception <a 'java/lang/NoSuchMethodError'{0x00000000eb163290}: 'java.lang.Object java.lang.invoke.Invokers$Holder.linkToTargetMethod(java.lang.Object, java.lang.Object, java.lang.Object, java.lang.Object, java.lang.Object, int, java.lang.Object)'> (0x00000000eb163290) 
thrown [s\open\src\hotspot\share\interpreter\linkResolver.cpp, line 773]
Event: 13.712 Thread 0x0000023fee116680 Implicit null exception at 0x0000023fc3f5e307 to 0x0000023fc3f5e3e8
Event: 13.768 Thread 0x0000023fee112b70 Exception <a 'java/lang/NoSuchMethodError'{0x00000000eae8d818}: 'void java.lang.invoke.DirectMethodHandle$Holder.invokeStatic(java.lang.Object, long)'> (0x00000000eae8d818) 
thrown [s\open\src\hotspot\share\interpreter\linkResolver.cpp, line 773]
Event: 13.770 Thread 0x0000023fee112b70 Exception <a 'java/lang/NoSuchMethodError'{0x00000000eae97b80}: 'java.lang.Object java.lang.invoke.DirectMethodHandle$Holder.invokeStaticInit(java.lang.Object, long, java.lang.Object)'> (0x00000000eae97b80) 
thrown [s\open\src\hotspot\share\interpreter\linkResolver.cpp, line 773]

ZGC Phase Switch (0 events):
No events

VM Operations (20 events):
Event: 9.608 Executing VM operation: HandshakeAllThreads (Deoptimize)
Event: 9.608 Executing VM operation: HandshakeAllThreads (Deoptimize) done
Event: 9.761 Executing VM operation: HandshakeAllThreads (Deoptimize)
Event: 9.761 Executing VM operation: HandshakeAllThreads (Deoptimize) done
Event: 10.479 Executing VM operation: ICBufferFull
Event: 10.479 Executing VM operation: ICBufferFull done
Event: 11.052 Executing VM operation: HandshakeAllThreads (Deoptimize)
Event: 11.052 Executing VM operation: HandshakeAllThreads (Deoptimize) done
Event: 11.491 Executing VM operation: ICBufferFull
Event: 11.491 Executing VM operation: ICBufferFull done
Event: 11.562 Executing VM operation: G1CollectForAllocation (G1 Evacuation Pause)
Event: 11.581 Executing VM operation: G1CollectForAllocation (G1 Evacuation Pause) done
Event: 12.365 Executing VM operation: ICBufferFull
Event: 12.366 Executing VM operation: ICBufferFull done
Event: 12.957 Executing VM operation: ICBufferFull
Event: 12.957 Executing VM operation: ICBufferFull done
Event: 13.085 Executing VM operation: HandshakeAllThreads (Deoptimize)
Event: 13.085 Executing VM operation: HandshakeAllThreads (Deoptimize) done
Event: 13.655 Executing VM operation: ICBufferFull
Event: 13.656 Executing VM operation: ICBufferFull done

Events (20 events):
Event: 11.560 Thread 0x0000023fef5ea5a0 Thread added: 0x0000023fef5ea5a0
Event: 11.561 Thread 0x0000023fef5ebfe0 Thread added: 0x0000023fef5ebfe0
Event: 11.583 Thread 0x0000023fee1145b0 Thread added: 0x0000023fee1145b0
Event: 11.587 Thread 0x0000023fee1124e0 Thread added: 0x0000023fee1124e0
Event: 12.122 Thread 0x0000023fee114c40 Thread added: 0x0000023fee114c40
Event: 12.970 Thread 0x0000023fee1173a0 Thread added: 0x0000023fee1173a0
Event: 13.293 Thread 0x0000023fea823a70 Thread added: 0x0000023fea823a70
Event: 13.711 Thread 0x0000023fee116680 Thread added: 0x0000023fee116680
Event: 13.712 Thread 0x0000023fee115960 Thread added: 0x0000023fee115960
Event: 13.712 Thread 0x0000023fee110aa0 Thread added: 0x0000023fee110aa0
Event: 13.712 Thread 0x0000023fee1117c0 Thread added: 0x0000023fee1117c0
Event: 13.713 Thread 0x0000023fee115ff0 Thread added: 0x0000023fee115ff0
Event: 13.713 Thread 0x0000023fee116d10 Thread added: 0x0000023fee116d10
Event: 13.713 Thread 0x0000023fee111e50 Thread added: 0x0000023fee111e50
Event: 13.713 Thread 0x0000023fee111130 Thread added: 0x0000023fee111130
Event: 13.714 Thread 0x0000023fee117a30 Thread added: 0x0000023fee117a30
Event: 13.715 Thread 0x0000023fee1180c0 Thread added: 0x0000023fee1180c0
Event: 13.756 Thread 0x0000023fee112b70 Thread added: 0x0000023fee112b70
Event: 13.777 Thread 0x0000023fee113200 Thread added: 0x0000023fee113200
Event: 13.777 Thread 0x0000023fee113890 Thread added: 0x0000023fee113890


Dynamic libraries:
0x00007ff799000000 - 0x00007ff799010000 	C:\Program Files\Java\jdk-21\bin\java.exe
0x00007ffbe8070000 - 0x00007ffbe8268000 	C:\WINDOWS\SYSTEM32\ntdll.dll
0x00007ffbe79f0000 - 0x00007ffbe7ab2000 	C:\WINDOWS\System32\KERNEL32.DLL
0x00007ffbe5b90000 - 0x00007ffbe5e86000 	C:\WINDOWS\System32\KERNELBASE.dll
0x00007ffbe5970000 - 0x00007ffbe5a70000 	C:\WINDOWS\System32\ucrtbase.dll
0x00007ffbdfdf0000 - 0x00007ffbdfe09000 	C:\Program Files\Java\jdk-21\bin\jli.dll
0x00007ffbdfdd0000 - 0x00007ffbdfdeb000 	C:\Program Files\Java\jdk-21\bin\VCRUNTIME140.dll
0x00007ffbe7790000 - 0x00007ffbe7841000 	C:\WINDOWS\System32\ADVAPI32.dll
0x00007ffbe6b50000 - 0x00007ffbe6bee000 	C:\WINDOWS\System32\msvcrt.dll
0x00007ffbe76f0000 - 0x00007ffbe778f000 	C:\WINDOWS\System32\sechost.dll
0x00007ffbe6bf0000 - 0x00007ffbe6d13000 	C:\WINDOWS\System32\RPCRT4.dll
0x00007ffbe6060000 - 0x00007ffbe6087000 	C:\WINDOWS\System32\bcrypt.dll
0x00007ffbe68b0000 - 0x00007ffbe6a4d000 	C:\WINDOWS\System32\USER32.dll
0x00007ffbe5700000 - 0x00007ffbe5722000 	C:\WINDOWS\System32\win32u.dll
0x00007ffbd1c90000 - 0x00007ffbd1f2a000 	C:\WINDOWS\WinSxS\amd64_microsoft.windows.common-controls_6595b64144ccf1df_6.0.19041.5915_none_60b4b9d171f9c7c7\COMCTL32.dll
0x00007ffbe6670000 - 0x00007ffbe669b000 	C:\WINDOWS\System32\GDI32.dll
0x00007ffbe5e90000 - 0x00007ffbe5fa9000 	C:\WINDOWS\System32\gdi32full.dll
0x00007ffbe5a70000 - 0x00007ffbe5b0d000 	C:\WINDOWS\System32\msvcp_win.dll
0x00007ffbdead0000 - 0x00007ffbdeada000 	C:\WINDOWS\SYSTEM32\VERSION.dll
0x00007ffbe7ac0000 - 0x00007ffbe7aef000 	C:\WINDOWS\System32\IMM32.DLL
0x00007ffbe26a0000 - 0x00007ffbe26ac000 	C:\Program Files\Java\jdk-21\bin\vcruntime140_1.dll
0x00007ffbdfd40000 - 0x00007ffbdfdce000 	C:\Program Files\Java\jdk-21\bin\msvcp140.dll
0x00007ffba91e0000 - 0x00007ffba9efa000 	C:\Program Files\Java\jdk-21\bin\server\jvm.dll
0x00007ffbe74a0000 - 0x00007ffbe750b000 	C:\WINDOWS\System32\WS2_32.dll
0x00007ffbe5040000 - 0x00007ffbe508b000 	C:\WINDOWS\SYSTEM32\POWRPROF.dll
0x00007ffbda280000 - 0x00007ffbda2a7000 	C:\WINDOWS\SYSTEM32\WINMM.dll
0x00007ffbe5010000 - 0x00007ffbe5022000 	C:\WINDOWS\SYSTEM32\UMPDC.dll
0x00007ffbe3ee0000 - 0x00007ffbe3ef2000 	C:\WINDOWS\SYSTEM32\kernel.appcore.dll
0x00007ffbe1160000 - 0x00007ffbe116a000 	C:\Program Files\Java\jdk-21\bin\jimage.dll
0x00007ffbe3bf0000 - 0x00007ffbe3df1000 	C:\WINDOWS\SYSTEM32\DBGHELP.DLL
0x00007ffbdaf10000 - 0x00007ffbdaf44000 	C:\WINDOWS\SYSTEM32\dbgcore.DLL
0x00007ffbe5890000 - 0x00007ffbe5912000 	C:\WINDOWS\System32\bcryptPrimitives.dll
0x00007ffbdfd30000 - 0x00007ffbdfd3f000 	C:\Program Files\Java\jdk-21\bin\instrument.dll
0x00007ffbdfd10000 - 0x00007ffbdfd2f000 	C:\Program Files\Java\jdk-21\bin\java.dll
0x00007ffbe6d20000 - 0x00007ffbe748e000 	C:\WINDOWS\System32\SHELL32.dll
0x00007ffbe3370000 - 0x00007ffbe3b13000 	C:\WINDOWS\SYSTEM32\windows.storage.dll
0x00007ffbe7ba0000 - 0x00007ffbe7ef3000 	C:\WINDOWS\System32\combase.dll
0x00007ffbe4fe0000 - 0x00007ffbe500b000 	C:\WINDOWS\SYSTEM32\Wldp.dll
0x00007ffbe75c0000 - 0x00007ffbe768d000 	C:\WINDOWS\System32\OLEAUT32.dll
0x00007ffbe7af0000 - 0x00007ffbe7b9d000 	C:\WINDOWS\System32\SHCORE.dll
0x00007ffbe6580000 - 0x00007ffbe65db000 	C:\WINDOWS\System32\shlwapi.dll
0x00007ffbe5630000 - 0x00007ffbe5655000 	C:\WINDOWS\SYSTEM32\profapi.dll
0x00007ffbcdd70000 - 0x00007ffbcde47000 	C:\Program Files\Java\jdk-21\bin\jsvml.dll
0x00007ffbdfcf0000 - 0x00007ffbdfd08000 	C:\Program Files\Java\jdk-21\bin\zip.dll
0x00007ffbdfce0000 - 0x00007ffbdfcf0000 	C:\Program Files\Java\jdk-21\bin\net.dll
0x00007ffbdd930000 - 0x00007ffbdda3a000 	C:\WINDOWS\SYSTEM32\WINHTTP.dll
0x00007ffbe4dc0000 - 0x00007ffbe4e2a000 	C:\WINDOWS\system32\mswsock.dll
0x00007ffbdfcc0000 - 0x00007ffbdfcd6000 	C:\Program Files\Java\jdk-21\bin\nio.dll
0x00007ffbdfca0000 - 0x00007ffbdfcb0000 	C:\Program Files\Java\jdk-21\bin\verify.dll
0x00007ffbbf660000 - 0x00007ffbbf687000 	C:\Users\Alienware 17-R5 Dell\.gradle\native\c067742578af261105cb4f569cf0c3c89f3d7b1fecec35dd04571415982c5e48\windows-amd64\native-platform.dll
0x00007ffb69940000 - 0x00007ffb69a84000 	C:\Users\Alienware 17-R5 Dell\.gradle\native\100fb08df4bc3b14c8652ba06237920a3bd2aa13389f12d3474272988ae205f9\windows-amd64\native-platform-file-events.dll
0x00007ffbdfc90000 - 0x00007ffbdfc9a000 	C:\Program Files\Java\jdk-21\bin\management.dll
0x00007ffbdebd0000 - 0x00007ffbdebdb000 	C:\Program Files\Java\jdk-21\bin\management_ext.dll
0x00007ffbe6a60000 - 0x00007ffbe6a68000 	C:\WINDOWS\System32\PSAPI.DLL
0x00007ffbe5090000 - 0x00007ffbe50a8000 	C:\WINDOWS\SYSTEM32\CRYPTSP.dll
0x00007ffbe46a0000 - 0x00007ffbe46d8000 	C:\WINDOWS\system32\rsaenh.dll
0x00007ffbe55f0000 - 0x00007ffbe561e000 	C:\WINDOWS\SYSTEM32\USERENV.dll
0x00007ffbe4f50000 - 0x00007ffbe4f5c000 	C:\WINDOWS\SYSTEM32\CRYPTBASE.dll
0x00007ffbe4ac0000 - 0x00007ffbe4afb000 	C:\WINDOWS\SYSTEM32\IPHLPAPI.DLL
0x00007ffbe7490000 - 0x00007ffbe7498000 	C:\WINDOWS\System32\NSI.dll
0x00007ffbdeaf0000 - 0x00007ffbdeaf9000 	C:\Program Files\Java\jdk-21\bin\extnet.dll
0x00007ffbdeae0000 - 0x00007ffbdeaee000 	C:\Program Files\Java\jdk-21\bin\sunmscapi.dll
0x00007ffbe5730000 - 0x00007ffbe588d000 	C:\WINDOWS\System32\CRYPT32.dll
0x00007ffbe51a0000 - 0x00007ffbe51c7000 	C:\WINDOWS\SYSTEM32\ncrypt.dll
0x00007ffbe5160000 - 0x00007ffbe519b000 	C:\WINDOWS\SYSTEM32\NTASN1.dll
0x00007ffbcdbd0000 - 0x00007ffbcdbd7000 	C:\WINDOWS\system32\wshunix.dll
0x00007ffbe1520000 - 0x00007ffbe15b4000 	C:\WINDOWS\system32\apphelp.dll

dbghelp: loaded successfully - version: 4.0.5 - missing functions: none
symbol engine: initialized successfully - sym options: 0x614 - pdb path: .;C:\Program Files\Java\jdk-21\bin;C:\WINDOWS\SYSTEM32;C:\WINDOWS\WinSxS\amd64_microsoft.windows.common-controls_6595b64144ccf1df_6.0.19041.5915_none_60b4b9d171f9c7c7;C:\Program Files\Java\jdk-21\bin\server;C:\Users\Alienware 17-R5 Dell\.gradle\native\c067742578af261105cb4f569cf0c3c89f3d7b1fecec35dd04571415982c5e48\windows-amd64;C:\Users\Alienware 17-R5 Dell\.gradle\native\100fb08df4bc3b14c8652ba06237920a3bd2aa13389f12d3474272988ae205f9\windows-amd64

VM Arguments:
jvm_args: --add-opens=java.base/java.util=ALL-UNNAMED --add-opens=java.base/java.lang=ALL-UNNAMED --add-opens=java.base/java.lang.invoke=ALL-UNNAMED --add-opens=java.prefs/java.util.prefs=ALL-UNNAMED --add-exports=jdk.compiler/com.sun.tools.javac.api=ALL-UNNAMED --add-exports=jdk.compiler/com.sun.tools.javac.util=ALL-UNNAMED --add-opens=java.base/java.nio.charset=ALL-UNNAMED --add-opens=java.base/java.net=ALL-UNNAMED --add-opens=java.base/java.util.concurrent.atomic=ALL-UNNAMED -XX:MaxMetaspaceSize=384m -XX:+HeapDumpOnOutOfMemoryError -Xms256m -Xmx512m -Dfile.encoding=UTF-8 -Duser.country=MX -Duser.language=es -Duser.variant -javaagent:C:\Users\Alienware 17-R5 Dell\.gradle\wrapper\dists\gradle-8.10-bin\deqhafrv1ntovfmgh0nh3npr9\gradle-8.10\lib\agents\gradle-instrumentation-agent-8.10.jar 
java_command: org.gradle.launcher.daemon.bootstrap.GradleDaemon 8.10
java_class_path (initial): C:\Users\Alienware 17-R5 Dell\.gradle\wrapper\dists\gradle-8.10-bin\deqhafrv1ntovfmgh0nh3npr9\gradle-8.10\lib\gradle-daemon-main-8.10.jar
Launcher Type: SUN_STANDARD

[Global flags]
     intx CICompilerCount                          = 4                                         {product} {ergonomic}
   size_t CompressedClassSpaceSize                 = 335544320                                 {product} {ergonomic}
     uint ConcGCThreads                            = 3                                         {product} {ergonomic}
     uint G1ConcRefinementThreads                  = 10                                        {product} {ergonomic}
   size_t G1HeapRegionSize                         = 1048576                                   {product} {ergonomic}
    uintx GCDrainStackTargetSize                   = 64                                        {product} {ergonomic}
     bool HeapDumpOnOutOfMemoryError               = true                                   {manageable} {command line}
   size_t InitialHeapSize                          = 268435456                                 {product} {command line}
   size_t MarkStackSize                            = 4194304                                   {product} {ergonomic}
   size_t MaxHeapSize                              = 536870912                                 {product} {command line}
   size_t MaxMetaspaceSize                         = 402653184                                 {product} {command line}
   size_t MaxNewSize                               = 321912832                                 {product} {ergonomic}
   size_t MinHeapDeltaBytes                        = 1048576                                   {product} {ergonomic}
   size_t MinHeapSize                              = 268435456                                 {product} {command line}
    uintx NonNMethodCodeHeapSize                   = 5839372                                {pd product} {ergonomic}
    uintx NonProfiledCodeHeapSize                  = 122909434                              {pd product} {ergonomic}
    uintx ProfiledCodeHeapSize                     = 122909434                              {pd product} {ergonomic}
    uintx ReservedCodeCacheSize                    = 251658240                              {pd product} {ergonomic}
     bool SegmentedCodeCache                       = true                                      {product} {ergonomic}
   size_t SoftMaxHeapSize                          = 536870912                              {manageable} {ergonomic}
     bool UseCompressedOops                        = true                           {product lp64_product} {ergonomic}
     bool UseG1GC                                  = true                                      {product} {ergonomic}
     bool UseLargePagesIndividualAllocation        = false                                  {pd product} {ergonomic}

Logging:
Log output configuration:
 #0: stdout all=warning uptime,level,tags foldmultilines=false
 #1: stderr all=off uptime,level,tags foldmultilines=false

Environment Variables:
PATH=C:\Program Files\Common Files\Oracle\Java\javapath;C:\Program Files (x86)\Common Files\Oracle\Java\java8path;C:\Program Files (x86)\Common Files\Oracle\Java\javapath;C:\Program Files\Microsoft SDKs\Azure\CLI2\wbin;C:\WINDOWS\system32;C:\WINDOWS;C:\WINDOWS\System32\Wbem;C:\WINDOWS\System32\WindowsPowerShell\v1.0\;C:\WINDOWS\System32\OpenSSH\;C:\Program Files (x86)\MKVtoolnix 4.9.1;C:\Program Files\Docker\Docker\resources\bin;C:\Program Files\Git\cmd;C:\Program Files\nodejs\;C:\Users\Alienware 17-R5 Dell\AppData\Local\Programs\Python\Python313\Scripts\;C:\Users\Alienware 17-R5 Dell\AppData\Local\Programs\Python\Python313\;C:\Users\Alienware 17-R5 Dell\AppData\Local\Programs\Python\Launcher\;C:\Users\Alienware 17-R5 Dell\AppData\Local\Microsoft\WindowsApps;;C:\Program Files\JetBrains\IntelliJ IDEA 2022.1.2\bin;;C:\Users\Alienware 17-R5 Dell\AppData\Local\Programs\Microsoft VS Code\bin;C:\Users\Alienware 17-R5 Dell\AppData\Roaming\npm
USERNAME=Alienware 17-R5 Dell
OS=Windows_NT
PROCESSOR_IDENTIFIER=Intel64 Family 6 Model 158 Stepping 10, GenuineIntel
TMP=C:\Users\ALIENW~1\AppData\Local\Temp
TEMP=C:\Users\ALIENW~1\AppData\Local\Temp




Periodic native trim disabled

---------------  S Y S T E M  ---------------

OS:
 Windows 10 , 64 bit Build 19041 (10.0.19041.5915)
OS uptime: 10 days 16:24 hours
Hyper-V role detected

CPU: total 12 (initial active 12) (6 cores per cpu, 2 threads per core) family 6 model 158 stepping 10 microcode 0xf0, cx8, cmov, fxsr, ht, mmx, 3dnowpref, sse, sse2, sse3, ssse3, sse4.1, sse4.2, popcnt, lzcnt, tsc, tscinvbit, avx, avx2, aes, erms, clmul, bmi1, bmi2, adx, fma, vzeroupper, clflush, clflushopt, hv, rdtscp, f16c
Processor Information for processor 0
  Max Mhz: 2208, Current Mhz: 2208, Mhz Limit: 2208
Processor Information for processor 1
  Max Mhz: 2208, Current Mhz: 1405, Mhz Limit: 2208
Processor Information for processor 2
  Max Mhz: 2208, Current Mhz: 2208, Mhz Limit: 2208
Processor Information for processor 3
  Max Mhz: 2208, Current Mhz: 1405, Mhz Limit: 2208
Processor Information for processor 4
  Max Mhz: 2208, Current Mhz: 1405, Mhz Limit: 2208
Processor Information for processor 5
  Max Mhz: 2208, Current Mhz: 1405, Mhz Limit: 2208
Processor Information for processor 6
  Max Mhz: 2208, Current Mhz: 2208, Mhz Limit: 2208
Processor Information for processor 7
  Max Mhz: 2208, Current Mhz: 1405, Mhz Limit: 2208
Processor Information for processor 8
  Max Mhz: 2208, Current Mhz: 2208, Mhz Limit: 2208
Processor Information for processor 9
  Max Mhz: 2208, Current Mhz: 1405, Mhz Limit: 2208
Processor Information for processor 10
  Max Mhz: 2208, Current Mhz: 2208, Mhz Limit: 2208
Processor Information for processor 11
  Max Mhz: 2208, Current Mhz: 2208, Mhz Limit: 2208

Memory: 4k page, system-wide physical 16242M (3125M free)
TotalPageFile size 16742M (AvailPageFile size 5M)
current process WorkingSet (physical memory assigned to process): 378M, peak: 379M
current process commit charge ("private bytes"): 493M, peak: 510M

vm_info: Java HotSpot(TM) 64-Bit Server VM (21.0.7+8-LTS-245) for windows-amd64 JRE (21.0.7+8-LTS-245), built on 2025-02-21T05:11:27Z by "mach5one" with MS VC++ 17.6 (VS2022)

END.
