#
# There is insufficient memory for the Java Runtime Environment to continue.
# Native memory allocation (mmap) failed to map 266338304 bytes for G1 virtual space
# Possible reasons:
#   The system is out of physical RAM or swap space
#   The process is running with CompressedOops enabled, and the Java Heap may be blocking the growth of the native heap
# Possible solutions:
#   Reduce memory load on the system
#   Increase physical memory or swap space
#   Check if swap backing store is full
#   Decrease Java heap size (-Xmx/-Xms)
#   Decrease number of Java threads
#   Decrease Java thread stack sizes (-Xss)
#   Set larger code cache with -XX:ReservedCodeCacheSize=
#   JVM is running with Zero Based Compressed Oops mode in which the Java heap is
#     placed in the first 32GB address space. The Java Heap base address is the
#     maximum limit for the native heap growth. Please use -XX:HeapBaseMinAddress
#     to set the Java Heap base and to place the Java Heap above 32GB virtual address.
# This output file may be truncated or incomplete.
#
#  Out of Memory Error (os_windows.cpp:3603), pid=22912, tid=2028
#
# JRE version:  (21.0.7+8) (build )
# Java VM: Java HotSpot(TM) 64-Bit Server VM (21.0.7+8-LTS-245, mixed mode, emulated-client, sharing, tiered, compressed oops, compressed class ptrs, g1 gc, windows-amd64)
# No core dump will be written. Minidumps are not enabled by default on client versions of Windows
#

---------------  S U M M A R Y ------------

Command Line: -XX:TieredStopAtLevel=1 -Dspring.output.ansi.enabled=always -Dcom.sun.management.jmxremote -Dspring.jmx.enabled=true -Dspring.liveBeansView.mbeanDomain -Dspring.application.admin.enabled=true -Dmanagement.endpoints.jmx.exposure.include=* -javaagent:C:\Program Files\JetBrains\IntelliJ IDEA 2024.3.3\lib\idea_rt.jar=55980:C:\Program Files\JetBrains\IntelliJ IDEA 2024.3.3\bin -Dfile.encoding=UTF-8 -Dsun.stdout.encoding=UTF-8 -Dsun.stderr.encoding=UTF-8 com.ucoshopapi.ucoshopproccesantenclient.AdminucoshopproccesatenclienteApplication

Host: Intel(R) Core(TM) i7-8750H CPU @ 2.20GHz, 12 cores, 15G,  Windows 10 , 64 bit Build 19041 (10.0.19041.5794)
Time: Sat May 31 00:28:58 2025 Hora estándar del Este elapsed time: 0.013720 seconds (0d 0h 0m 0s)

---------------  T H R E A D  ---------------

Current thread (0x000001b48a5c5910):  JavaThread "Unknown thread" [_thread_in_vm, id=2028, stack(0x00000037c7100000,0x00000037c7200000) (1024K)]

Stack: [0x00000037c7100000,0x00000037c7200000]
Native frames: (J=compiled Java code, j=interpreted, Vv=VM code, C=native code)
V  [jvm.dll+0x6cae19]
V  [jvm.dll+0x855741]
V  [jvm.dll+0x857c6e]
V  [jvm.dll+0x858343]
V  [jvm.dll+0x27e0b6]
V  [jvm.dll+0x6c7595]
V  [jvm.dll+0x6bc0fa]
V  [jvm.dll+0x353eaa]
V  [jvm.dll+0x35bb26]
V  [jvm.dll+0x3ae52e]
V  [jvm.dll+0x3ae7d8]
V  [jvm.dll+0x3281bc]
V  [jvm.dll+0x328d1b]
V  [jvm.dll+0x81eaf9]
V  [jvm.dll+0x3bb211]
V  [jvm.dll+0x807d78]
V  [jvm.dll+0x4503ee]
V  [jvm.dll+0x451fe1]
C  [jli.dll+0x52a3]
C  [ucrtbase.dll+0x21bb2]
C  [KERNEL32.DLL+0x17374]
C  [ntdll.dll+0x4cc91]


---------------  P R O C E S S  ---------------

Threads class SMR info:
_java_thread_list=0x00007ffe0f2acc48, length=0, elements={
}

Java Threads: ( => current thread )
Total: 0

Other Threads:
  0x000001b48c92e6f0 WorkerThread "GC Thread#0"                     [id=26444, stack(0x00000037c7200000,0x00000037c7300000) (1024K)]
  0x000001b48c93f460 ConcurrentGCThread "G1 Main Marker"            [id=16804, stack(0x00000037c7300000,0x00000037c7400000) (1024K)]
  0x000001b48c940510 WorkerThread "G1 Conc#0"                       [id=7108, stack(0x00000037c7400000,0x00000037c7500000) (1024K)]

[error occurred during error reporting (printing all threads), id 0xc0000005, EXCEPTION_ACCESS_VIOLATION (0xc0000005) at pc=0x00007ffe0ea1a947]
VM state: not at safepoint (not fully initialized)

VM Mutex/Monitor currently owned by a thread:  ([mutex/lock_event])
[0x00007ffe0f31df50] Heap_lock - owner thread: 0x000001b48a5c5910

Heap address: 0x0000000702200000, size: 4062 MB, Compressed Oops mode: Zero based, Oop shift amount: 3

CDS archive(s) mapped at: [0x0000000000000000-0x0000000000000000-0x0000000000000000), size 0, SharedBaseAddress: 0x0000000800000000, ArchiveRelocationMode: 1.
Narrow klass base: 0x0000000000000000, Narrow klass shift: 0, Narrow klass range: 0x0

GC Precious Log:
 CardTable entry size: 512
 Card Set container configuration: InlinePtr #cards 4 size 8 Array Of Cards #cards 16 size 48 Howl #buckets 8 coarsen threshold 3686 Howl Bitmap #cards 512 size 80 coarsen threshold 460 Card regions per heap region 1 cards per card region 4096

Heap:
 garbage-first heap   total 0K, used 0K [0x0000000702200000, 0x0000000800000000)
  region size 2048K, 0 young (0K), 0 survivors (0K)

[error occurred during error reporting (printing heap information), id 0xc0000005, EXCEPTION_ACCESS_VIOLATION (0xc0000005) at pc=0x00007ffe0ee03e79]
GC Heap History (0 events):
No events

Dll operation events (1 events):
Event: 0.008 Loaded shared library C:\Program Files\Java\jdk-21\bin\java.dll

Deoptimization events (0 events):
No events

Classes loaded (0 events):
No events

Classes unloaded (0 events):
No events

Classes redefined (0 events):
No events

Internal exceptions (0 events):
No events

ZGC Phase Switch (0 events):
No events

VM Operations (0 events):
No events

Events (0 events):
No events


Dynamic libraries:
0x00007ff750960000 - 0x00007ff750970000 	C:\Program Files\Java\jdk-21\bin\java.exe
0x00007ffe48510000 - 0x00007ffe48708000 	C:\WINDOWS\SYSTEM32\ntdll.dll
0x00007ffe47a60000 - 0x00007ffe47b22000 	C:\WINDOWS\System32\KERNEL32.DLL
0x00007ffe45fe0000 - 0x00007ffe462d6000 	C:\WINDOWS\System32\KERNELBASE.dll
0x00007ffe46440000 - 0x00007ffe46540000 	C:\WINDOWS\System32\ucrtbase.dll
0x00007ffe3d140000 - 0x00007ffe3d159000 	C:\Program Files\Java\jdk-21\bin\jli.dll
0x00007ffe3cf20000 - 0x00007ffe3cf3b000 	C:\Program Files\Java\jdk-21\bin\VCRUNTIME140.dll
0x00007ffe470e0000 - 0x00007ffe4718f000 	C:\WINDOWS\System32\ADVAPI32.dll
0x00007ffe47300000 - 0x00007ffe4739e000 	C:\WINDOWS\System32\msvcrt.dll
0x00007ffe47200000 - 0x00007ffe4729f000 	C:\WINDOWS\System32\sechost.dll
0x00007ffe46610000 - 0x00007ffe46733000 	C:\WINDOWS\System32\RPCRT4.dll
0x00007ffe45d30000 - 0x00007ffe45d57000 	C:\WINDOWS\System32\bcrypt.dll
0x00007ffe46d80000 - 0x00007ffe46f1d000 	C:\WINDOWS\System32\USER32.dll
0x00007ffe45d60000 - 0x00007ffe45d82000 	C:\WINDOWS\System32\win32u.dll
0x00007ffe315c0000 - 0x00007ffe3185a000 	C:\WINDOWS\WinSxS\amd64_microsoft.windows.common-controls_6595b64144ccf1df_6.0.19041.5794_none_60bcd33171f2783c\COMCTL32.dll
0x00007ffe47520000 - 0x00007ffe4754b000 	C:\WINDOWS\System32\GDI32.dll
0x00007ffe45d90000 - 0x00007ffe45eaa000 	C:\WINDOWS\System32\gdi32full.dll
0x00007ffe45c90000 - 0x00007ffe45d2d000 	C:\WINDOWS\System32\msvcp_win.dll
0x00007ffe3ee00000 - 0x00007ffe3ee0a000 	C:\WINDOWS\SYSTEM32\VERSION.dll
0x00007ffe474f0000 - 0x00007ffe4751f000 	C:\WINDOWS\System32\IMM32.DLL
0x00007ffe3d130000 - 0x00007ffe3d13c000 	C:\Program Files\Java\jdk-21\bin\vcruntime140_1.dll
0x00007ffe2b830000 - 0x00007ffe2b8be000 	C:\Program Files\Java\jdk-21\bin\msvcp140.dll
0x00007ffe0e6e0000 - 0x00007ffe0f3fa000 	C:\Program Files\Java\jdk-21\bin\server\jvm.dll
0x00007ffe47cf0000 - 0x00007ffe47d5b000 	C:\WINDOWS\System32\WS2_32.dll
0x00007ffe454e0000 - 0x00007ffe4552b000 	C:\WINDOWS\SYSTEM32\POWRPROF.dll
0x00007ffe37210000 - 0x00007ffe37237000 	C:\WINDOWS\SYSTEM32\WINMM.dll
0x00007ffe454c0000 - 0x00007ffe454d2000 	C:\WINDOWS\SYSTEM32\UMPDC.dll
0x00007ffe44390000 - 0x00007ffe443a2000 	C:\WINDOWS\SYSTEM32\kernel.appcore.dll
0x00007ffe39dd0000 - 0x00007ffe39dda000 	C:\Program Files\Java\jdk-21\bin\jimage.dll
0x00007ffe438e0000 - 0x00007ffe43ae1000 	C:\WINDOWS\SYSTEM32\DBGHELP.DLL
0x00007ffe30380000 - 0x00007ffe303b4000 	C:\WINDOWS\SYSTEM32\dbgcore.DLL
0x00007ffe45c00000 - 0x00007ffe45c82000 	C:\WINDOWS\System32\bcryptPrimitives.dll
0x00007ffe39dc0000 - 0x00007ffe39dcf000 	C:\Program Files\Java\jdk-21\bin\instrument.dll
0x00007ffe38050000 - 0x00007ffe3806f000 	C:\Program Files\Java\jdk-21\bin\java.dll

dbghelp: loaded successfully - version: 4.0.5 - missing functions: none
symbol engine: initialized successfully - sym options: 0x614 - pdb path: .;C:\Program Files\Java\jdk-21\bin;C:\WINDOWS\SYSTEM32;C:\WINDOWS\WinSxS\amd64_microsoft.windows.common-controls_6595b64144ccf1df_6.0.19041.5794_none_60bcd33171f2783c;C:\Program Files\Java\jdk-21\bin\server

VM Arguments:
jvm_args: -XX:TieredStopAtLevel=1 -Dspring.output.ansi.enabled=always -Dcom.sun.management.jmxremote -Dspring.jmx.enabled=true -Dspring.liveBeansView.mbeanDomain -Dspring.application.admin.enabled=true -Dmanagement.endpoints.jmx.exposure.include=* -javaagent:C:\Program Files\JetBrains\IntelliJ IDEA 2024.3.3\lib\idea_rt.jar=55980:C:\Program Files\JetBrains\IntelliJ IDEA 2024.3.3\bin -Dfile.encoding=UTF-8 -Dsun.stdout.encoding=UTF-8 -Dsun.stderr.encoding=UTF-8 
java_command: com.ucoshopapi.ucoshopproccesantenclient.AdminucoshopproccesatenclienteApplication
java_class_path (initial): C:\Users\Alienware 17-R5 Dell\Desktop\IS3\adminucoshopproccesatencliente\build\classes\java\main;C:\Users\Alienware 17-R5 Dell\Desktop\IS3\adminucoshopproccesatencliente\build\resources\main;C:\Users\Alienware 17-R5 Dell\.gradle\caches\modules-2\files-2.1\org.projectlombok\lombok\1.18.30\f195ee86e6c896ea47a1d39defbe20eb59cd149d\lombok-1.18.30.jar;C:\Users\Alienware 17-R5 Dell\.gradle\caches\modules-2\files-2.1\org.springframework.boot\spring-boot-starter-security\3.4.2\b3102ed745b5e71f61bb5174c6a12275f0154dbb\spring-boot-starter-security-3.4.2.jar;C:\Users\Alienware 17-R5 Dell\.gradle\caches\modules-2\files-2.1\org.springframework.security\spring-security-crypto\6.4.2\a4d5bf27ca449200fc39e07de6ae016eb1ad21da\spring-security-crypto-6.4.2.jar;C:\Users\Alienware 17-R5 Dell\.gradle\caches\modules-2\files-2.1\org.springframework.boot\spring-boot-starter-data-jpa\3.4.2\b65a304b493807dff48bf114135dc4aa5f267927\spring-boot-starter-data-jpa-3.4.2.jar;C:\Users\Alienware 17-R5 Dell\.gradle\caches\modules-2\files-2.1\org.springframework.boot\spring-boot-starter-web\3.4.2\cf1c8efe77dccf221acf5f0ce9cc24c718c0ca44\spring-boot-starter-web-3.4.2.jar;C:\Users\Alienware 17-R5 Dell\.gradle\caches\modules-2\files-2.1\org.springframework.boot\spring-boot-starter-amqp\3.4.2\7730971bfe53e52d91aaf2673cc435cebfde0c2c\spring-boot-starter-amqp-3.4.2.jar;C:\Users\Alienware 17-R5 Dell\.gradle\caches\modules-2\files-2.1\org.springframework.boot\spring-boot-starter\3.4.2\9d914208449fce99a67d3def60957cdcc98b552a\spring-boot-starter-3.4.2.jar;C:\Users\Alienware 17-R5 Dell\.gradle\caches\modules-2\files-2.1\io.jsonwebtoken\jjwt\0.9.1\54d2abfc3e63a28824d35bf600d6a5d627da681a\jjwt-0.9.1.jar;C:\Users\Alienware 17-R5 Dell\.gradle\caches\modules-2\files-2.1\com.fasterxml.jackson.core\jackson-databind\2.16.1\2a16efeb840c45af1e2f31753dfe76795278b73\jackson-databind-2.16.1.jar;C:\Users\Alienware 17-R5 Dell\.gradle\caches\modules-2\files-2.1\jakarta.xml.bind\jakarta.xml.bind-api\4.0.0\bbb399208d288b15ec101fa4fcfc4bd77cedc97a\jakarta.xml.bind-api-4.0.0.jar;C:\Users\Alienware 17-R5 Dell\.gradle\caches\modules-2\files-2.1\com.sun.xml.bind\jaxb-impl\2.2.3-1\56baae106392040a45a06d4a41099173425da1e6\jaxb-impl-2.2.3-1.jar;C:\Users\Alienware 17-R5 Dell\.gradle\caches\modules-2\files-2.1\com.google.code.gson\gson\2.8.9\8a432c1d6825781e21a02db2e2c33c5fde2833b9\gson-2.8.9.jar;C:\Users\Alienware 17-R5 Dell\.gradle\caches\modules-2\files-2.1\org.springframework.security\spring-security-config\6.4.2\5ed985329eb14b1c61045160c8dcbbcab179ddd3\spring-security-config-6.4.2.jar;C:\Users\Alienware 17-R5 Dell\.gradle\caches\modules-2\files-2.1\org.springframework.security\spring-security-web\6.4.2\733a3bbbdca56225676fb7f4e3f317c2075fc383\spring-security-web-6.4.2.jar;C:\Users\Alienware 17-R5 Dell\.gradle\caches\modules-2\files-2.1\org.springframework\spring-aop\6.2.2\2a1a445d4cd8e5fe2311df04fc25c0bc54bd2ce4\spring-aop-6.2.2.jar;C:\Users\Alienware 17-R5 Dell\.gradle\caches\modules-2\files-2.1\org.springframework.boot\spring-boot-starter-jdbc\3.4.2\a3698cab03ba6daaaa38c16df1b36c862e9e3e4b\spring-boot-starter-jdbc-3.4.2.jar;C:\Users\Alienware 17-R5 Dell\.gradle\caches\modules-2\files-2.1\org.springframework.data\spring-data-jpa\3.4.2\4213f2d185b49447057823f5ef9de41e931f4f2e\spring-data-jpa-3.4.2.jar;C:\Users\Alienware 17-R5 Dell\.gradle\caches\modules-2\files-2.1\org.hibernate.orm\hibernate-core\6.6.5.Final\c81deca40ebdb823d9f8a9e5dc5798a6a205626a\hibernate-core-6.6.5.Final.jar;C:\Users\Alienware 17-R5 Dell\.gradle\caches\modules-2\files-2.1\org.springframework\spring-aspects\6.2.2\e9e0379bc353e43ab1cb326f413bb293d8a52e78\spring-aspects-6.2.2.jar;C:\Users\Alienware 17-R5 Dell\.gradle\caches\modules-2\files-2.1\org.springframework.boot\spring-boot-starter-json\3.4.2\e413d51228ddaf6a9644533987faa0ae6e18fe47\spring-boot-starter-json-3.4.2.jar;C:\Users\Alienware 17-R5 Dell\.gradle\caches\modules-2\files-2.1\org.springframework.boot\spring-boot-starter-tomcat\3.4.2\aa345bdd83adc80db5bc6ac4a711460396ad17ef\spring-boot-starter-tomcat-3.4.2.jar;C:\Users\Alienware 17-R5 Dell\.gradle\caches\modules-2\files-2.1\org.springframework\spring-webmvc\6.2.2\9b1aeb179ba9667bc78a4a5cec4ec8087db404d7\spring-webmvc-6.2.2.jar;C:\Users\Alienware 17-R5 Dell\.gradle\caches\modules-2\files-2.1\org.springframework\spring-web\6.2.2\bd2ef98bf98b6ecf8dd29106ae27b7515524c21\spring-web-6.2.2.jar;C:\Users\Alienware 17-R5 Dell\.gradle\caches\modules-2\files-2.1\org.springframework.amqp\spring-rabbit\3.2.2\8d1d3ce07153ba0469ec8ac62b5b29f0cb7012fe\spring-rabbit-3.2.2.jar;C:\Users\Alienware 17-R5 Dell\.gradle\caches\modules-2\files-2.1\org.springframework\spring-messaging\6.2.2\3b26ce466821f6f080bc643c7e4dae8a30af85c9\spring-messaging-6.2.2.jar;C:\Users\Alienware 17-R5 Dell\.gradle\caches\modules-2\files-2.1\org.springframework.boot\spring-boot-autoconfigure\3.4.2\c50511dba751ffe7df320d27c6875feb2745654e\spring-boot-autoconfigure-3.4.2.jar;C:\Users\Alienware 17-R5 Dell\.gradle\caches\modules-2\files-2.1\org.springframework.boot\spring-boot\3.4.2\b2514201ba6b838bd638a51619515501c5baefea\spring-boot-3.4.2.jar;C:\Users\Alienware 17-R5 Dell\.gradle\caches\modules-2\files-2.1\org.springframework.boot\spring-boot-starter-logging\3.4.2\be7631ab8d3cb2a6a3c9981dcaa6d0867c964772\spring-boot-starter-logging-3.4.2.jar;C:\Users\Alienware 17-R5 Dell\.gradle\caches\modules-2\files-2.1\jakarta.annotation\jakarta.annotation-api\2.1.1\48b9bda22b091b1f48b13af03fe36db3be6e1ae3\jakarta.annotation-api-2.1.1.jar;C:\Users\Alienware 17-R5 Dell\.gradle\caches\modules-2\files-2.1\org.springframework\spring-core\6.2.2\94269e888dc979e75a1a1b9600d7153d72e6a7f1\spring-core-6.2.2.jar;C:\Users\Alienware 17-R5 Dell\.gradle\caches\modules-2\files-2.1\org.yaml\snakeyaml\2.3\936b36210e27320f920536f695cf1af210c44586\snakeyaml-2.3.jar;C:\Users\Alienware 17-R5 Dell\.gradle\caches\modules-2\files-2.1\com.fasterxml.jackson.core\jackson-annotations\2.18.2\985d77751ebc7fce5db115a986bc9aa82f973f4a\jackson-annotations-2.18.2.jar;C:\Users\Alienware 17-R5 Dell\.gradle\caches\modules-2\files-2.1\com.fasterxml.jackson.core\jackson-core\2.18.2\fb64ccac5c27dca8819418eb4e443a9f496d9ee7\jackson-core-2.18.2.jar;C:\Users\Alienware 17-R5 Dell\.gradle\caches\modules-2\files-2.1\jakarta.activation\jakarta.activation-api\2.1.3\fa165bd70cda600368eee31555222776a46b881f\jakarta.activation-api-2.1.3.jar;C:\Users\Alienware 17-R5 Dell\.gradle\caches\modules-2\files-2.1\javax.xml.bind\jaxb-api\2.2.2\aeb3021ca93dde265796d82015beecdcff95bf09\jaxb-api-2.2.2.jar;C:\Users\Alienware 17-R5 Dell\.gradle\caches\modules-2\files-2.1\org.springframework.security\spring-security-core\6.4.2\51302b2af3f01eb79fdc7164a4cc3a3aa7e3b541\spring-security-core-6.4.2.jar;C:\Users\Alienware 17-R5 Dell\.gradle\caches\modules-2\files-2.1\org.springframework\spring-context\6.2.2\aa01a7faa3694983339ca7e45619860ef34052d6\spring-context-6.2.2.jar;C:\Users\Alienware 17-R5 Dell\.gradle\caches\modules-2\files-2.1\org.springframework\spring-beans\6.2.2\ec8ee520ff7b147de8ac04d330848d468253f84d\spring-beans-6.2.2.jar;C:\Users\Alienware 17-R5 Dell\.gradle\caches\modules-2\files-2.1\org.springframework\spring-expression\6.2.2\20164dd3a70d0048185cf02bb1b097b22e73d820\spring-expression-6.2.2.jar;C:\Users\Alienware 17-R5 Dell\.gradle\caches\modules-2\files-2.1\org.springframework\spring-jdbc\6.2.2\840572e748c1dfe7122e19a10888918e5ecfb631\spring-jdbc-6.2.2.jar;C:\Users\Alienware 17-R5 Dell\.gradle\caches\modules-2\files-2.1\com.zaxxer\HikariCP\5.1.0\8c96e36c14461fc436bb02b264b96ef3ca5dca8c\HikariCP-5.1.0.jar;C:\Users\Alienware 17-R5 Dell\.gradle\caches\modules-2\files-2.1\org.springframework\spring-orm\6.2.2\98d0c8e2f8f65b776b24ffa979e9802a0c7085d7\spring-orm-6.2.2.jar;C:\Users\Alienware 17-R5 Dell\.gradle\caches\modules-2\files-2.1\org.springframework.data\spring-data-commons\3.4.2\387ff91a749cce404f7a6e4a15a3b75ff497bdbc\spring-data-commons-3.4.2.jar;C:\Users\Alienware 17-R5 Dell\.gradle\caches\modules-2\files-2.1\org.springframework\spring-tx\6.2.2\91a2e378d0e457b9c500f2b30aaf8a7a422ba522\spring-tx-6.2.2.jar;C:\Users\Alienware 17-R5 Dell\.gradle\caches\modules-2\files-2.1\org.antlr\antlr4-runtime\4.13.0\5a02e48521624faaf5ff4d99afc88b01686af655\antlr4-runtime-4.13.0.jar;C:\Users\Alienware 17-R5 Dell\.gradle\caches\modules-2\files-2.1\org.slf4j\slf4j-api\2.0.16\172931663a09a1fa515567af5fbef00897d3c04\slf4j-api-2.0.16.jar;C:\Users\Alienware 17-R5 Dell\.gradle\caches\modules-2\files-2.1\jakarta.persistence\jakarta.persistence-api\3.1.0\66901fa1c373c6aff65c13791cc11da72060a8d6\jakarta.persistence-api-3.1.0.jar;C:\Users\Alienware 17-R5 Dell\.gradle\caches\modules-2\files-2.1\jakarta.transaction\jakarta.transaction-api\2.0.1\51a520e3fae406abb84e2e1148e6746ce3f80a1a\jakarta.transaction-api-2.0.1.jar;C:\Users\Alienware 17-R5 Dell\.gradle\caches\modules-2\files-2.1\org.aspectj\aspectjweaver\1.9.22.1\bca243d0af0db4758fbae45c5f4995cb5dabb612\aspectjweaver-1.9.22.1.jar;C:\Users\Alienware 17-R5 Dell\.gradle\caches\modules-2\files-2.1\com.fasterxml.jackson.datatype\jackson-datatype-jsr310\2.18.2\7b6ff96adf421f4c6edbd694e797dd8fe434510a\jackson-datatype-jsr310-2.18.2.jar;C:\Users\Alienware 17-R5 Dell\.gradle\caches\modules-2\files-2.1\com.fasterxml.jackson.module\jackson-module-parameter-names\2.18.2\72960cb3277347a748911d100c3302d60e8a616a\jackson-module-parameter-names-2.18.2.jar;C:\Users\Alienware 17-R5 Dell\.gradle\caches\modules-2\files-2.1\com.fasterxml.jackson.datatype\jackson-datatype-jdk8\2.18.2\9ed6d538ebcc66864e114a7040953dce6ab6ea53\jackson-datatype-jdk8-2.18.2.jar;C:\Users\Alienware 17-R5 Dell\.gradle\caches\modules-2\files-2.1\org.apache.tomcat.embed\tomcat-embed-websocket\10.1.34\eef6d430f34b6e393b8d9e40f10db9043732b4e5\tomcat-embed-websocket-10.1.34.jar;C:\Users\Alienware 17-R5 Dell\.gradle\caches\modules-2\files-2.1\org.apache.tomcat.embed\tomcat-embed-core\10.1.34\f610f84be607fbc82e393cc220f0ad45f92afc91\tomcat-embed-core-10.1.34.jar;C:\Users\Alienware 17-R5 Dell\.gradle\caches\modules-2\files-2.1\org.apache.tomcat.embed\tomcat-embed-el\10.1.34\d2b2daca3bc999c62e58ae36b45ba0582530fb25\tomcat-embed-el-10.1.34.jar;C:\Users\Alienware 17-R5 Dell\.gradle\caches\modules-2\files-2.1\io.micrometer\micrometer-observation\1.14.3\cd66186a1fe8465dc732d9514bade1104044b56d\micrometer-observation-1.14.3.jar;C:\Users\Alienware 17-R5 Dell\.gradle\caches\modules-2\files-2.1\org.springframework.amqp\spring-amqp\3.2.2\fe902024ac2a6f2a7add632d9398ce5d6b26a380\spring-amqp-3.2.2.jar;C:\Users\Alienware 17-R5 Dell\.gradle\caches\modules-2\files-2.1\com.rabbitmq\amqp-client\5.22.0\d5bf5f55022e14c7bc889fd8750b21cb60db064a\amqp-client-5.22.0.jar;C:\Users\Alienware 17-R5 Dell\.gradle\caches\modules-2\files-2.1\ch.qos.logback\logback-classic\1.5.16\113979db51dfad6dc895b34460d7b7ff64ffe7d2\logback-classic-1.5.16.jar;C:\Users\Alienware 17-R5 Dell\.gradle\caches\modules-2\files-2.1\org.apache.logging.log4j\log4j-to-slf4j\2.24.3\da1143e2a2531ee1c2d90baa98eb50a28a39d5a7\log4j-to-slf4j-2.24.3.jar;C:\Users\Alienware 17-R5 Dell\.gradle\caches\modules-2\files-2.1\org.slf4j\jul-to-slf4j\2.0.16\6d57da3e961daac65bcca0dd3def6cd11e48a24a\jul-to-slf4j-2.0.16.jar;C:\Users\Alienware 17-R5 Dell\.gradle\caches\modules-2\files-2.1\org.springframework\spring-jcl\6.2.2\1fbbb0b2e85c6eac7c366c5eed5b124785f05ac8\spring-jcl-6.2.2.jar;C:\Users\Alienware 17-R5 Dell\.gradle\caches\modules-2\files-2.1\javax.xml.stream\stax-api\1.0-2\d6337b0de8b25e53e81b922352fbea9f9f57ba0b\stax-api-1.0-2.jar;C:\Users\Alienware 17-R5 Dell\.gradle\caches\modules-2\files-2.1\javax.activation\activation\1.1\e6cb541461c2834bdea3eb920f1884d1eb508b50\activation-1.1.jar;C:\Users\Alienware 17-R5 Dell\.gradle\caches\modules-2\files-2.1\io.micrometer\micrometer-commons\1.14.3\bf17f05dd6343d36ecc31076197a962cfdf46131\micrometer-commons-1.14.3.jar;C:\Users\Alienware 17-R5 Dell\.gradle\caches\modules-2\files-2.1\org.springframework.retry\spring-retry\2.0.11\bd4fae67445baf330b69b6b786748a308ab31f6\spring-retry-2.0.11.jar;C:\Users\Alienware 17-R5 Dell\.gradle\caches\modules-2\files-2.1\ch.qos.logback\logback-core\1.5.16\4f17700f046900aea2fadf115e2d67fec921f7fd\logback-core-1.5.16.jar;C:\Users\Alienware 17-R5 Dell\.gradle\caches\modules-2\files-2.1\org.apache.logging.log4j\log4j-api\2.24.3\b02c125db8b6d295adf72ae6e71af5d83bce2370\log4j-api-2.24.3.jar;C:\Users\Alienware 17-R5 Dell\.gradle\caches\modules-2\files-2.1\org.postgresql\postgresql\42.7.5\747897987b86c741fb8b56f6b81929ae1e6e4b46\postgresql-42.7.5.jar;C:\Users\Alienware 17-R5 Dell\.gradle\caches\modules-2\files-2.1\org.checkerframework\checker-qual\3.48.3\c48effe7d78de3cf5e8a98c614281ec6a2466a77\checker-qual-3.48.3.jar;C:\Users\Alienware 17-R5 Dell\.gradle\caches\modules-2\files-2.1\org.glassfish.jaxb\jaxb-runtime\4.0.5\ca84c2a7169b5293e232b9d00d1e4e36d4c3914a\jaxb-runtime-4.0.5.jar;C:\Users\Alienware 17-R5 Dell\.gradle\caches\modules-2\files-2.1\org.jboss.logging\jboss-logging\3.6.1.Final\886afbb445b4016a37c8960a7aef6ebd769ce7e5\jboss-logging-3.6.1.Final.jar;C:\Users\Alienware 17-R5 Dell\.gradle\caches\modules-2\files-2.1\org.hibernate.common\hibernate-commons-annotations\7.0.3.Final\e183c4be8bb41d12e9f19b374e00c34a0a85f439\hibernate-commons-annotations-7.0.3.Final.jar;C:\Users\Alienware 17-R5 Dell\.gradle\caches\modules-2\files-2.1\io.smallrye\jandex\3.2.0\f17ad860f62a08487b9edabde608f8ac55c62fa7\jandex-3.2.0.jar;C:\Users\Alienware 17-R5 Dell\.gradle\caches\modules-2\files-2.1\com.fasterxml\classmate\1.7.0\e98374da1f2143ac8e6e0a95036994bb19137a3\classmate-1.7.0.jar;C:\Users\Alienware 17-R5 Dell\.gradle\caches\modules-2\files-2.1\net.bytebuddy\byte-buddy\1.15.11\f61886478e0f9ee4c21d09574736f0ff45e0a46c\byte-buddy-1.15.11.jar;C:\Users\Alienware 17-R5 Dell\.gradle\caches\modules-2\files-2.1\jakarta.inject\jakarta.inject-api\2.0.1\4c28afe1991a941d7702fe1362c365f0a8641d1e\jakarta.inject-api-2.0.1.jar;C:\Users\Alienware 17-R5 Dell\.gradle\caches\modules-2\files-2.1\org.glassfish.jaxb\jaxb-core\4.0.5\7b4b11ea5542eea4ad55e1080b23be436795b3\jaxb-core-4.0.5.jar;C:\Users\Alienware 17-R5 Dell\.gradle\caches\modules-2\files-2.1\org.eclipse.angus\angus-activation\2.0.2\41f1e0ddd157c856926ed149ab837d110955a9fc\angus-activation-2.0.2.jar;C:\Users\Alienware 17-R5 Dell\.gradle\caches\modules-2\files-2.1\org.glassfish.jaxb\txw2\4.0.5\f36a4ef12120a9bb06d766d6a0e54b144fd7ed98\txw2-4.0.5.jar;C:\Users\Alienware 17-R5 Dell\.gradle\caches\modules-2\files-2.1\com.sun.istack\istack-commons-runtime\4.1.2\18ec117c85f3ba0ac65409136afa8e42bc74e739\istack-commons-runtime-4.1.2.jar
Launcher Type: SUN_STANDARD

[Global flags]
     intx CICompilerCount                          = 4                                         {product} {ergonomic}
     uint ConcGCThreads                            = 3                                         {product} {ergonomic}
     uint G1ConcRefinementThreads                  = 10                                        {product} {ergonomic}
   size_t G1HeapRegionSize                         = 2097152                                   {product} {ergonomic}
    uintx GCDrainStackTargetSize                   = 64                                        {product} {ergonomic}
   size_t InitialHeapSize                          = 266338304                                 {product} {ergonomic}
     bool ManagementServer                         = true                                      {product} {command line}
   size_t MarkStackSize                            = 4194304                                   {product} {ergonomic}
   size_t MaxHeapSize                              = 4259315712                                {product} {ergonomic}
   size_t MinHeapDeltaBytes                        = 2097152                                   {product} {ergonomic}
   size_t MinHeapSize                              = 8388608                                   {product} {ergonomic}
    uintx NonNMethodCodeHeapSize                   = 4096                                   {pd product} {ergonomic}
    uintx NonProfiledCodeHeapSize                  = 0                                      {pd product} {ergonomic}
     bool ProfileInterpreter                       = false                                  {pd product} {command line}
    uintx ProfiledCodeHeapSize                     = 0                                      {pd product} {ergonomic}
   size_t SoftMaxHeapSize                          = 4259315712                             {manageable} {ergonomic}
     intx TieredStopAtLevel                        = 1                                         {product} {command line}
     bool UseCompressedOops                        = true                           {product lp64_product} {ergonomic}
     bool UseG1GC                                  = true                                      {product} {ergonomic}
     bool UseLargePagesIndividualAllocation        = false                                  {pd product} {ergonomic}

Logging:
Log output configuration:
 #0: stdout all=warning uptime,level,tags foldmultilines=false
 #1: stderr all=off uptime,level,tags foldmultilines=false

Environment Variables:
PATH=C:\Program Files\Common Files\Oracle\Java\javapath;C:\Program Files (x86)\Common Files\Oracle\Java\java8path;C:\Program Files (x86)\Common Files\Oracle\Java\javapath;C:\Program Files\Microsoft SDKs\Azure\CLI2\wbin;C:\WINDOWS\system32;C:\WINDOWS;C:\WINDOWS\System32\Wbem;C:\WINDOWS\System32\WindowsPowerShell\v1.0\;C:\WINDOWS\System32\OpenSSH\;C:\Program Files (x86)\MKVtoolnix 4.9.1;C:\Program Files\Docker\Docker\resources\bin;C:\Program Files\Git\cmd;C:\Program Files\nodejs\;C:\Users\Alienware 17-R5 Dell\AppData\Local\Programs\Python\Python313\Scripts\;C:\Users\Alienware 17-R5 Dell\AppData\Local\Programs\Python\Python313\;C:\Users\Alienware 17-R5 Dell\AppData\Local\Programs\Python\Launcher\;C:\Users\Alienware 17-R5 Dell\AppData\Local\Microsoft\WindowsApps;;C:\Program Files\JetBrains\IntelliJ IDEA 2022.1.2\bin;;C:\Users\Alienware 17-R5 Dell\AppData\Local\Programs\Microsoft VS Code\bin;C:\Users\Alienware 17-R5 Dell\AppData\Roaming\npm
USERNAME=Alienware 17-R5 Dell
OS=Windows_NT
PROCESSOR_IDENTIFIER=Intel64 Family 6 Model 158 Stepping 10, GenuineIntel
TMP=C:\Users\ALIENW~1\AppData\Local\Temp
TEMP=C:\Users\ALIENW~1\AppData\Local\Temp




Periodic native trim disabled

---------------  S Y S T E M  ---------------

OS:
 Windows 10 , 64 bit Build 19041 (10.0.19041.5794)
OS uptime: 13 days 13:55 hours
Hyper-V role detected

CPU: total 12 (initial active 12) (6 cores per cpu, 2 threads per core) family 6 model 158 stepping 10 microcode 0xf0, cx8, cmov, fxsr, ht, mmx, 3dnowpref, sse, sse2, sse3, ssse3, sse4.1, sse4.2, popcnt, lzcnt, tsc, tscinvbit, avx, avx2, aes, erms, clmul, bmi1, bmi2, adx, fma, vzeroupper, clflush, clflushopt, hv, rdtscp, f16c
Processor Information for all 12 processors :
  Max Mhz: 2208, Current Mhz: 2208, Mhz Limit: 2208

Memory: 4k page, system-wide physical 16242M (3513M free)
TotalPageFile size 16742M (AvailPageFile size 246M)
current process WorkingSet (physical memory assigned to process): 10M, peak: 10M
current process commit charge ("private bytes"): 59M, peak: 313M

vm_info: Java HotSpot(TM) 64-Bit Server VM (21.0.7+8-LTS-245) for windows-amd64 JRE (21.0.7+8-LTS-245), built on 2025-02-21T05:11:27Z by "mach5one" with MS VC++ 17.6 (VS2022)

END.
