#
# There is insufficient memory for the Java Runtime Environment to continue.
# Native memory allocation (malloc) failed to allocate 783296 bytes for Chunk::new
# Possible reasons:
#   The system is out of physical RAM or swap space
#   The process is running with CompressedOops enabled, and the Java Heap may be blocking the growth of the native heap
# Possible solutions:
#   Reduce memory load on the system
#   Increase physical memory or swap space
#   Check if swap backing store is full
#   Decrease Java heap size (-Xmx/-Xms)
#   Decrease number of Java threads
#   Decrease Java thread stack sizes (-Xss)
#   Set larger code cache with -XX:ReservedCodeCacheSize=
#   JVM is running with Unscaled Compressed Oops mode in which the Java heap is
#     placed in the first 4GB address space. The Java Heap base address is the
#     maximum limit for the native heap growth. Please use -XX:HeapBaseMinAddress
#     to set the Java Heap base and to place the Java Heap above 4GB virtual address.
# This output file may be truncated or incomplete.
#
#  Out of Memory Error (arena.cpp:168), pid=25104, tid=15988
#
# JRE version: Java(TM) SE Runtime Environment (21.0.7+8) (build 21.0.7+8-LTS-245)
# Java VM: Java HotSpot(TM) 64-Bit Server VM (21.0.7+8-LTS-245, mixed mode, sharing, tiered, compressed oops, compressed class ptrs, g1 gc, windows-amd64)
# No core dump will be written. Minidumps are not enabled by default on client versions of Windows
#

---------------  S U M M A R Y ------------

Command Line: --add-opens=java.base/java.util=ALL-UNNAMED --add-opens=java.base/java.lang=ALL-UNNAMED --add-opens=java.base/java.lang.invoke=ALL-UNNAMED --add-opens=java.prefs/java.util.prefs=ALL-UNNAMED --add-exports=jdk.compiler/com.sun.tools.javac.api=ALL-UNNAMED --add-exports=jdk.compiler/com.sun.tools.javac.util=ALL-UNNAMED --add-opens=java.base/java.nio.charset=ALL-UNNAMED --add-opens=java.base/java.net=ALL-UNNAMED --add-opens=java.base/java.util.concurrent.atomic=ALL-UNNAMED -XX:MaxMetaspaceSize=384m -XX:+HeapDumpOnOutOfMemoryError -Xms256m -Xmx512m -Dfile.encoding=UTF-8 -Duser.country=MX -Duser.language=es -Duser.variant -javaagent:C:\Users\Alienware 17-R5 Dell\.gradle\wrapper\dists\gradle-8.10-bin\deqhafrv1ntovfmgh0nh3npr9\gradle-8.10\lib\agents\gradle-instrumentation-agent-8.10.jar org.gradle.launcher.daemon.bootstrap.GradleDaemon 8.10

Host: Intel(R) Core(TM) i7-8750H CPU @ 2.20GHz, 12 cores, 15G,  Windows 10 , 64 bit Build 19041 (10.0.19041.5794)
Time: Sat May 31 00:27:59 2025 Hora estándar del Este elapsed time: 7.988784 seconds (0d 0h 0m 7s)

---------------  T H R E A D  ---------------

Current thread (0x0000016125ecf940):  JavaThread "C2 CompilerThread2" daemon [_thread_in_native, id=15988, stack(0x0000000557700000,0x0000000557800000) (1024K)]


Current CompileTask:
C2:   7988 6712       4       java.lang.invoke.MethodType::makeImpl (109 bytes)

Stack: [0x0000000557700000,0x0000000557800000]
Native frames: (J=compiled Java code, j=interpreted, Vv=VM code, C=native code)
V  [jvm.dll+0x6cae19]
V  [jvm.dll+0x855741]
V  [jvm.dll+0x857c6e]
V  [jvm.dll+0x858343]
V  [jvm.dll+0x27e0b6]
V  [jvm.dll+0xc4ecd]
V  [jvm.dll+0xc5403]
V  [jvm.dll+0x2f145d]
V  [jvm.dll+0x5f5a8a]
V  [jvm.dll+0x24fbc2]
V  [jvm.dll+0x24ff7f]
V  [jvm.dll+0x248a9c]
V  [jvm.dll+0x246004]
V  [jvm.dll+0x1c6efe]
V  [jvm.dll+0x255819]
V  [jvm.dll+0x253daa]
V  [jvm.dll+0x3eebb6]
V  [jvm.dll+0x7ffa1b]
V  [jvm.dll+0x6c94fd]
C  [ucrtbase.dll+0x21bb2]
C  [KERNEL32.DLL+0x17374]
C  [ntdll.dll+0x4cc91]


---------------  P R O C E S S  ---------------

Threads class SMR info:
_java_thread_list=0x0000016125dbb0e0, length=94, elements={
0x000001616a02eb00, 0x0000016177ff51e0, 0x0000016177ff5d30, 0x0000016177ff6980,
0x0000016177ffb770, 0x0000016177ffc1c0, 0x0000016177ffcc10, 0x0000016178000e90,
0x0000016178001920, 0x00000161781e5370, 0x000001617838e150, 0x0000016178403760,
0x000001617e3f0ff0, 0x000001617e26deb0, 0x000001617d9fe0d0, 0x000001617e26cad0,
0x000001617dc4c810, 0x000001617e5a8380, 0x000001617e550290, 0x000001617e4553e0,
0x000001617e457b40, 0x000001617e456100, 0x000001617e456790, 0x000001617e4574b0,
0x000001617e456e20, 0x000001617e455a70, 0x000001617e4581d0, 0x000001617e458860,
0x0000016124808df0, 0x0000016124809480, 0x00000161248073b0, 0x0000016124806690,
0x0000016124809b10, 0x0000016124807a40, 0x00000161248080d0, 0x0000016125ecf940,
0x0000016124808760, 0x0000016125975610, 0x0000016125972820, 0x00000161259748f0,
0x0000016125973bd0, 0x0000016125974f80, 0x0000016125972eb0, 0x0000016125973540,
0x0000016125974260, 0x00000161250b3520, 0x00000161250b00a0, 0x00000161250b1450,
0x00000161250b1ae0, 0x00000161250b2170, 0x00000161250b2800, 0x00000161250b2e90,
0x00000161250b3bb0, 0x00000161250b6310, 0x00000161250b4240, 0x00000161250af380,
0x00000161250b48d0, 0x00000161250b55f0, 0x00000161250b4f60, 0x00000161250b5c80,
0x00000161250b0730, 0x00000161250afa10, 0x00000161250b69a0, 0x00000161250b0dc0,
0x000001617d5af9f0, 0x000001617d5b0710, 0x000001617d5b3b90, 0x000001617d5b2150,
0x000001617d5b0da0, 0x000001617d5ad290, 0x000001617d5b3500, 0x000001617d5b2e70,
0x000001617d5b1430, 0x000001617d5b27e0, 0x000001617d5b1ac0, 0x000001617d5acc00,
0x000001617d5b4220, 0x000001617d5ad920, 0x000001617d5adfb0, 0x000001617d5ae640,
0x000001617d5aecd0, 0x000001617d5af360, 0x000001617d5b0080, 0x000001617eab1820,
0x000001617eaac960, 0x000001617eaacff0, 0x000001617eaac2d0, 0x000001617eaad680,
0x000001617eab1190, 0x000001617eab1eb0, 0x000001617eab0b00, 0x000001617eaaaf20,
0x000001617eaafde0, 0x000001617eaabc40
}

Java Threads: ( => current thread )
  0x000001616a02eb00 JavaThread "main"                              [_thread_blocked, id=3204, stack(0x0000000554200000,0x0000000554300000) (1024K)]
  0x0000016177ff51e0 JavaThread "Reference Handler"          daemon [_thread_blocked, id=25432, stack(0x0000000554a00000,0x0000000554b00000) (1024K)]
  0x0000016177ff5d30 JavaThread "Finalizer"                  daemon [_thread_blocked, id=25996, stack(0x0000000554b00000,0x0000000554c00000) (1024K)]
  0x0000016177ff6980 JavaThread "Signal Dispatcher"          daemon [_thread_blocked, id=24516, stack(0x0000000554c00000,0x0000000554d00000) (1024K)]
  0x0000016177ffb770 JavaThread "Attach Listener"            daemon [_thread_blocked, id=5044, stack(0x0000000554d00000,0x0000000554e00000) (1024K)]
  0x0000016177ffc1c0 JavaThread "Service Thread"             daemon [_thread_blocked, id=24676, stack(0x0000000554e00000,0x0000000554f00000) (1024K)]
  0x0000016177ffcc10 JavaThread "Monitor Deflation Thread"   daemon [_thread_blocked, id=10552, stack(0x0000000554f00000,0x0000000555000000) (1024K)]
  0x0000016178000e90 JavaThread "C2 CompilerThread0"         daemon [_thread_in_native, id=26524, stack(0x0000000555000000,0x0000000555100000) (1024K)]
  0x0000016178001920 JavaThread "C1 CompilerThread0"         daemon [_thread_blocked, id=25736, stack(0x0000000555100000,0x0000000555200000) (1024K)]
  0x00000161781e5370 JavaThread "Common-Cleaner"             daemon [_thread_blocked, id=25780, stack(0x0000000555200000,0x0000000555300000) (1024K)]
  0x000001617838e150 JavaThread "Notification Thread"        daemon [_thread_blocked, id=8884, stack(0x0000000555300000,0x0000000555400000) (1024K)]
  0x0000016178403760 JavaThread "C2 CompilerThread1"         daemon [_thread_blocked, id=24968, stack(0x0000000555400000,0x0000000555500000) (1024K)]
  0x000001617e3f0ff0 JavaThread "Daemon health stats"               [_thread_blocked, id=1756, stack(0x0000000555b00000,0x0000000555c00000) (1024K)]
  0x000001617e26deb0 JavaThread "Incoming local TCP Connector on port 55934"        [_thread_in_native, id=19228, stack(0x0000000555c00000,0x0000000555d00000) (1024K)]
  0x000001617d9fe0d0 JavaThread "Daemon periodic checks"            [_thread_blocked, id=7480, stack(0x0000000555d00000,0x0000000555e00000) (1024K)]
  0x000001617e26cad0 JavaThread "Daemon"                            [_thread_blocked, id=8320, stack(0x0000000555e00000,0x0000000555f00000) (1024K)]
  0x000001617dc4c810 JavaThread "Handler for socket connection from /127.0.0.1:55934 to /127.0.0.1:55935"        [_thread_in_native, id=17068, stack(0x0000000555f00000,0x0000000556000000) (1024K)]
  0x000001617e5a8380 JavaThread "Cancel handler"                    [_thread_blocked, id=11180, stack(0x0000000556000000,0x0000000556100000) (1024K)]
  0x000001617e550290 JavaThread "Daemon worker"                     [_thread_blocked, id=2148, stack(0x0000000556100000,0x0000000556200000) (1024K)]
  0x000001617e4553e0 JavaThread "Asynchronous log dispatcher for DefaultDaemonConnection: socket connection from /127.0.0.1:55934 to /127.0.0.1:55935"        [_thread_blocked, id=4644, stack(0x0000000556200000,0x0000000556300000) (1024K)]
  0x000001617e457b40 JavaThread "Stdin handler"                     [_thread_blocked, id=14080, stack(0x0000000556300000,0x0000000556400000) (1024K)]
  0x000001617e456100 JavaThread "Daemon client event forwarder"        [_thread_blocked, id=16040, stack(0x0000000556400000,0x0000000556500000) (1024K)]
  0x000001617e456790 JavaThread "Cache worker for journal cache (C:\Users\Alienware 17-R5 Dell\.gradle\caches\journal-1)"        [_thread_blocked, id=25768, stack(0x0000000556500000,0x0000000556600000) (1024K)]
  0x000001617e4574b0 JavaThread "File lock request listener"        [_thread_in_native, id=10924, stack(0x0000000556600000,0x0000000556700000) (1024K)]
  0x000001617e456e20 JavaThread "Cache worker for file hash cache (C:\Users\Alienware 17-R5 Dell\.gradle\caches\8.10\fileHashes)"        [_thread_blocked, id=14604, stack(0x0000000556700000,0x0000000556800000) (1024K)]
  0x000001617e455a70 JavaThread "Cache worker for file hash cache (C:\Users\Alienware 17-R5 Dell\Desktop\IS3\adminucoshopproccesatencliente\.gradle\8.10\fileHashes)"        [_thread_blocked, id=5916, stack(0x0000000556e00000,0x0000000556f00000) (1024K)]
  0x000001617e4581d0 JavaThread "Cache worker for Build Output Cleanup Cache (C:\Users\Alienware 17-R5 Dell\Desktop\IS3\adminucoshopproccesatencliente\.gradle\buildOutputCleanup)"        [_thread_blocked, id=16872, stack(0x0000000556f00000,0x0000000557000000) (1024K)]
  0x000001617e458860 JavaThread "File watcher server"        daemon [_thread_in_native, id=26120, stack(0x0000000557000000,0x0000000557100000) (1024K)]
  0x0000016124808df0 JavaThread "File watcher consumer"      daemon [_thread_blocked, id=14668, stack(0x0000000557100000,0x0000000557200000) (1024K)]
  0x0000016124809480 JavaThread "Cache worker for checksums cache (C:\Users\Alienware 17-R5 Dell\Desktop\IS3\adminucoshopproccesatencliente\.gradle\8.10\checksums)"        [_thread_blocked, id=548, stack(0x0000000555500000,0x0000000555600000) (1024K)]
  0x00000161248073b0 JavaThread "Cache worker for file content cache (C:\Users\Alienware 17-R5 Dell\.gradle\caches\8.10\fileContent)"        [_thread_blocked, id=14204, stack(0x0000000557200000,0x0000000557300000) (1024K)]
  0x0000016124806690 JavaThread "Cache worker for cache directory md-rule (C:\Users\Alienware 17-R5 Dell\.gradle\caches\8.10\md-rule)"        [_thread_blocked, id=25032, stack(0x0000000557300000,0x0000000557400000) (1024K)]
  0x0000016124809b10 JavaThread "Cache worker for cache directory md-supplier (C:\Users\Alienware 17-R5 Dell\.gradle\caches\8.10\md-supplier)"        [_thread_blocked, id=2628, stack(0x0000000557400000,0x0000000557500000) (1024K)]
  0x0000016124807a40 JavaThread "jar transforms"                    [_thread_blocked, id=17384, stack(0x0000000557500000,0x0000000557600000) (1024K)]
  0x00000161248080d0 JavaThread "jar transforms Thread 2"           [_thread_blocked, id=25652, stack(0x0000000557600000,0x0000000557700000) (1024K)]
=>0x0000016125ecf940 JavaThread "C2 CompilerThread2"         daemon [_thread_in_native, id=15988, stack(0x0000000557700000,0x0000000557800000) (1024K)]
  0x0000016124808760 JavaThread "jar transforms Thread 3"           [_thread_blocked, id=16804, stack(0x0000000557800000,0x0000000557900000) (1024K)]
  0x0000016125975610 JavaThread "Unconstrained build operations"        [_thread_blocked, id=21592, stack(0x0000000557900000,0x0000000557a00000) (1024K)]
  0x0000016125972820 JavaThread "Unconstrained build operations Thread 2"        [_thread_blocked, id=22856, stack(0x0000000557a00000,0x0000000557b00000) (1024K)]
  0x00000161259748f0 JavaThread "jar transforms Thread 4"           [_thread_blocked, id=18900, stack(0x0000000557b00000,0x0000000557c00000) (1024K)]
  0x0000016125973bd0 JavaThread "jar transforms Thread 5"           [_thread_blocked, id=23600, stack(0x0000000557c00000,0x0000000557d00000) (1024K)]
  0x0000016125974f80 JavaThread "jar transforms Thread 6"           [_thread_blocked, id=1960, stack(0x0000000557d00000,0x0000000557e00000) (1024K)]
  0x0000016125972eb0 JavaThread "jar transforms Thread 7"           [_thread_blocked, id=25268, stack(0x0000000557e00000,0x0000000557f00000) (1024K)]
  0x0000016125973540 JavaThread "jar transforms Thread 8"           [_thread_blocked, id=8460, stack(0x0000000557f00000,0x0000000558000000) (1024K)]
  0x0000016125974260 JavaThread "jar transforms Thread 9"           [_thread_blocked, id=16800, stack(0x0000000558000000,0x0000000558100000) (1024K)]
  0x00000161250b3520 JavaThread "Unconstrained build operations Thread 3"        [_thread_blocked, id=26540, stack(0x0000000558100000,0x0000000558200000) (1024K)]
  0x00000161250b00a0 JavaThread "Unconstrained build operations Thread 4"        [_thread_blocked, id=12376, stack(0x0000000558200000,0x0000000558300000) (1024K)]
  0x00000161250b1450 JavaThread "Unconstrained build operations Thread 5"        [_thread_blocked, id=1004, stack(0x0000000558300000,0x0000000558400000) (1024K)]
  0x00000161250b1ae0 JavaThread "Unconstrained build operations Thread 6"        [_thread_blocked, id=9720, stack(0x0000000558400000,0x0000000558500000) (1024K)]
  0x00000161250b2170 JavaThread "Unconstrained build operations Thread 7"        [_thread_blocked, id=6644, stack(0x0000000558500000,0x0000000558600000) (1024K)]
  0x00000161250b2800 JavaThread "Unconstrained build operations Thread 8"        [_thread_blocked, id=25808, stack(0x0000000558600000,0x0000000558700000) (1024K)]
  0x00000161250b2e90 JavaThread "Unconstrained build operations Thread 9"        [_thread_blocked, id=12216, stack(0x0000000558700000,0x0000000558800000) (1024K)]
  0x00000161250b3bb0 JavaThread "Unconstrained build operations Thread 10"        [_thread_blocked, id=3952, stack(0x0000000558800000,0x0000000558900000) (1024K)]
  0x00000161250b6310 JavaThread "Unconstrained build operations Thread 11"        [_thread_blocked, id=2656, stack(0x0000000558900000,0x0000000558a00000) (1024K)]
  0x00000161250b4240 JavaThread "Unconstrained build operations Thread 12"        [_thread_blocked, id=17312, stack(0x0000000558a00000,0x0000000558b00000) (1024K)]
  0x00000161250af380 JavaThread "Unconstrained build operations Thread 13"        [_thread_blocked, id=19724, stack(0x0000000558b00000,0x0000000558c00000) (1024K)]
  0x00000161250b48d0 JavaThread "Unconstrained build operations Thread 14"        [_thread_blocked, id=17112, stack(0x0000000558c00000,0x0000000558d00000) (1024K)]
  0x00000161250b55f0 JavaThread "Unconstrained build operations Thread 15"        [_thread_blocked, id=25912, stack(0x0000000558d00000,0x0000000558e00000) (1024K)]
  0x00000161250b4f60 JavaThread "Unconstrained build operations Thread 16"        [_thread_blocked, id=24896, stack(0x0000000558e00000,0x0000000558f00000) (1024K)]
  0x00000161250b5c80 JavaThread "Unconstrained build operations Thread 17"        [_thread_blocked, id=24500, stack(0x0000000558f00000,0x0000000559000000) (1024K)]
  0x00000161250b0730 JavaThread "Unconstrained build operations Thread 18"        [_thread_blocked, id=8316, stack(0x0000000559000000,0x0000000559100000) (1024K)]
  0x00000161250afa10 JavaThread "Unconstrained build operations Thread 19"        [_thread_blocked, id=18496, stack(0x0000000559100000,0x0000000559200000) (1024K)]
  0x00000161250b69a0 JavaThread "Unconstrained build operations Thread 20"        [_thread_blocked, id=25908, stack(0x0000000559200000,0x0000000559300000) (1024K)]
  0x00000161250b0dc0 JavaThread "Unconstrained build operations Thread 21"        [_thread_blocked, id=6724, stack(0x0000000559300000,0x0000000559400000) (1024K)]
  0x000001617d5af9f0 JavaThread "Unconstrained build operations Thread 22"        [_thread_blocked, id=24316, stack(0x0000000559400000,0x0000000559500000) (1024K)]
  0x000001617d5b0710 JavaThread "Unconstrained build operations Thread 23"        [_thread_blocked, id=16924, stack(0x0000000559500000,0x0000000559600000) (1024K)]
  0x000001617d5b3b90 JavaThread "Unconstrained build operations Thread 24"        [_thread_blocked, id=19592, stack(0x0000000559600000,0x0000000559700000) (1024K)]
  0x000001617d5b2150 JavaThread "Unconstrained build operations Thread 25"        [_thread_blocked, id=24800, stack(0x0000000559700000,0x0000000559800000) (1024K)]
  0x000001617d5b0da0 JavaThread "Unconstrained build operations Thread 26"        [_thread_blocked, id=1396, stack(0x0000000559800000,0x0000000559900000) (1024K)]
  0x000001617d5ad290 JavaThread "Unconstrained build operations Thread 27"        [_thread_blocked, id=25704, stack(0x0000000559900000,0x0000000559a00000) (1024K)]
  0x000001617d5b3500 JavaThread "Unconstrained build operations Thread 28"        [_thread_blocked, id=24444, stack(0x0000000559a00000,0x0000000559b00000) (1024K)]
  0x000001617d5b2e70 JavaThread "Unconstrained build operations Thread 29"        [_thread_blocked, id=25092, stack(0x0000000559b00000,0x0000000559c00000) (1024K)]
  0x000001617d5b1430 JavaThread "Unconstrained build operations Thread 30"        [_thread_blocked, id=14620, stack(0x0000000559c00000,0x0000000559d00000) (1024K)]
  0x000001617d5b27e0 JavaThread "Unconstrained build operations Thread 31"        [_thread_blocked, id=26016, stack(0x0000000559d00000,0x0000000559e00000) (1024K)]
  0x000001617d5b1ac0 JavaThread "Unconstrained build operations Thread 32"        [_thread_blocked, id=21576, stack(0x0000000559e00000,0x0000000559f00000) (1024K)]
  0x000001617d5acc00 JavaThread "Unconstrained build operations Thread 33"        [_thread_blocked, id=14196, stack(0x0000000559f00000,0x000000055a000000) (1024K)]
  0x000001617d5b4220 JavaThread "Unconstrained build operations Thread 34"        [_thread_blocked, id=21804, stack(0x000000055a000000,0x000000055a100000) (1024K)]
  0x000001617d5ad920 JavaThread "Unconstrained build operations Thread 35"        [_thread_blocked, id=10064, stack(0x000000055a100000,0x000000055a200000) (1024K)]
  0x000001617d5adfb0 JavaThread "Memory manager"                    [_thread_blocked, id=25388, stack(0x000000055a200000,0x000000055a300000) (1024K)]
  0x000001617d5ae640 JavaThread "jar transforms Thread 10"          [_thread_blocked, id=12608, stack(0x000000055a300000,0x000000055a400000) (1024K)]
  0x000001617d5aecd0 JavaThread "ForkJoinPool.commonPool-worker-1" daemon [_thread_blocked, id=23548, stack(0x000000055a400000,0x000000055a500000) (1024K)]
  0x000001617d5af360 JavaThread "ForkJoinPool.commonPool-worker-2" daemon [_thread_blocked, id=9480, stack(0x000000055a500000,0x000000055a600000) (1024K)]
  0x000001617d5b0080 JavaThread "ForkJoinPool.commonPool-worker-3" daemon [_thread_blocked, id=26264, stack(0x000000055a600000,0x000000055a700000) (1024K)]
  0x000001617eab1820 JavaThread "ForkJoinPool.commonPool-worker-4" daemon [_thread_blocked, id=18156, stack(0x000000055a700000,0x000000055a800000) (1024K)]
  0x000001617eaac960 JavaThread "ForkJoinPool.commonPool-worker-5" daemon [_thread_blocked, id=21772, stack(0x000000055a800000,0x000000055a900000) (1024K)]
  0x000001617eaacff0 JavaThread "ForkJoinPool.commonPool-worker-6" daemon [_thread_blocked, id=19952, stack(0x000000055a900000,0x000000055aa00000) (1024K)]
  0x000001617eaac2d0 JavaThread "ForkJoinPool.commonPool-worker-7" daemon [_thread_blocked, id=1704, stack(0x000000055aa00000,0x000000055ab00000) (1024K)]
  0x000001617eaad680 JavaThread "ForkJoinPool.commonPool-worker-8" daemon [_thread_blocked, id=1416, stack(0x000000055ab00000,0x000000055ac00000) (1024K)]
  0x000001617eab1190 JavaThread "ForkJoinPool.commonPool-worker-9" daemon [_thread_blocked, id=19948, stack(0x000000055ac00000,0x000000055ad00000) (1024K)]
  0x000001617eab1eb0 JavaThread "ForkJoinPool.commonPool-worker-10" daemon [_thread_blocked, id=22600, stack(0x000000055ad00000,0x000000055ae00000) (1024K)]
  0x000001617eab0b00 JavaThread "ForkJoinPool.commonPool-worker-11" daemon [_thread_blocked, id=24696, stack(0x000000055ae00000,0x000000055af00000) (1024K)]
  0x000001617eaaaf20 JavaThread "Exec process"                      [_thread_in_native, id=25172, stack(0x000000055af00000,0x000000055b000000) (1024K)]
  0x000001617eaafde0 JavaThread "Exec process Thread 2"             [_thread_blocked, id=11892, stack(0x000000055b000000,0x000000055b100000) (1024K)]
  0x000001617eaabc40 JavaThread "Exec process Thread 3"             [_thread_blocked, id=8964, stack(0x000000055b100000,0x000000055b200000) (1024K)]
Total: 94

Other Threads:
  0x0000016177fdc200 VMThread "VM Thread"                           [id=23440, stack(0x0000000554900000,0x0000000554a00000) (1024K)]
  0x0000016177fc9b90 WatcherThread "VM Periodic Task Thread"        [id=20540, stack(0x0000000554800000,0x0000000554900000) (1024K)]
  0x000001616a05a210 WorkerThread "GC Thread#0"                     [id=18464, stack(0x0000000554300000,0x0000000554400000) (1024K)]
  0x00000161787bf090 WorkerThread "GC Thread#1"                     [id=24248, stack(0x0000000555600000,0x0000000555700000) (1024K)]
  0x00000161787f74f0 WorkerThread "GC Thread#2"                     [id=25380, stack(0x0000000555700000,0x0000000555800000) (1024K)]
  0x00000161787f7890 WorkerThread "GC Thread#3"                     [id=19028, stack(0x0000000555800000,0x0000000555900000) (1024K)]
  0x00000161787f7c30 WorkerThread "GC Thread#4"                     [id=24812, stack(0x0000000555900000,0x0000000555a00000) (1024K)]
  0x00000161787f7fd0 WorkerThread "GC Thread#5"                     [id=24260, stack(0x0000000555a00000,0x0000000555b00000) (1024K)]
  0x000001617e611ad0 WorkerThread "GC Thread#6"                     [id=26180, stack(0x0000000556800000,0x0000000556900000) (1024K)]
  0x000001617e610ff0 WorkerThread "GC Thread#7"                     [id=20952, stack(0x0000000556900000,0x0000000556a00000) (1024K)]
  0x000001617e611e70 WorkerThread "GC Thread#8"                     [id=12644, stack(0x0000000556a00000,0x0000000556b00000) (1024K)]
  0x000001617e611730 WorkerThread "GC Thread#9"                     [id=14772, stack(0x0000000556b00000,0x0000000556c00000) (1024K)]
  0x000001616a05f150 ConcurrentGCThread "G1 Main Marker"            [id=11956, stack(0x0000000554400000,0x0000000554500000) (1024K)]
  0x000001616a0601a0 WorkerThread "G1 Conc#0"                       [id=4392, stack(0x0000000554500000,0x0000000554600000) (1024K)]
  0x000001612598fb00 WorkerThread "G1 Conc#1"                       [id=24628, stack(0x0000000556c00000,0x0000000556d00000) (1024K)]
  0x000001612598e540 WorkerThread "G1 Conc#2"                       [id=20284, stack(0x0000000556d00000,0x0000000556e00000) (1024K)]
  0x000001616a0fdd40 ConcurrentGCThread "G1 Refine#0"               [id=24668, stack(0x0000000554600000,0x0000000554700000) (1024K)]
  0x000001616a0fe660 ConcurrentGCThread "G1 Service"                [id=18476, stack(0x0000000554700000,0x0000000554800000) (1024K)]
Total: 18

Threads with active compile tasks:
C2 CompilerThread0     8030 6440 %     4       org.gradle.internal.instantiation.generator.AbstractClassGenerator::inspectType @ 77 (560 bytes)
C2 CompilerThread2     8030 6712       4       java.lang.invoke.MethodType::makeImpl (109 bytes)
Total: 2

VM state: not at safepoint (normal execution)

VM Mutex/Monitor currently owned by a thread: None

Heap address: 0x00000000e0000000, size: 512 MB, Compressed Oops mode: 32-bit

CDS archive(s) mapped at: [0x000001610f000000-0x000001610fc90000-0x000001610fc90000), size 13172736, SharedBaseAddress: 0x000001610f000000, ArchiveRelocationMode: 1.
Compressed class space mapped at: 0x0000016110000000-0x0000016124000000, reserved size: 335544320
Narrow klass base: 0x000001610f000000, Narrow klass shift: 0, Narrow klass range: 0x100000000

GC Precious Log:
 CardTable entry size: 512
 Card Set container configuration: InlinePtr #cards 5 size 8 Array Of Cards #cards 12 size 40 Howl #buckets 4 coarsen threshold 1843 Howl Bitmap #cards 512 size 80 coarsen threshold 460 Card regions per heap region 1 cards per card region 2048
 CPUs: 12 total, 12 available
 Memory: 16242M
 Large Page Support: Disabled
 NUMA Support: Disabled
 Compressed Oops: Enabled (32-bit)
 Heap Region Size: 1M
 Heap Min Capacity: 256M
 Heap Initial Capacity: 256M
 Heap Max Capacity: 512M
 Pre-touch: Disabled
 Parallel Workers: 10
 Concurrent Workers: 3
 Concurrent Refinement Workers: 10
 Periodic GC: Disabled

Heap:
 garbage-first heap   total 262144K, used 123490K [0x00000000e0000000, 0x0000000100000000)
  region size 1024K, 99 young (101376K), 17 survivors (17408K)
 Metaspace       used 55089K, committed 57088K, reserved 393216K
  class space    used 7962K, committed 8960K, reserved 327680K

Heap Regions: E=young(eden), S=young(survivor), O=old, HS=humongous(starts), HC=humongous(continues), CS=collection set, F=free, TAMS=top-at-mark-start, PB=parsable bottom
|   0|0x00000000e0000000, 0x00000000e0100000, 0x00000000e0100000|100%| O|  |TAMS 0x00000000e0000000| PB 0x00000000e0000000| Untracked 
|   1|0x00000000e0100000, 0x00000000e0200000, 0x00000000e0200000|100%|HS|  |TAMS 0x00000000e0100000| PB 0x00000000e0100000| Complete 
|   2|0x00000000e0200000, 0x00000000e0300000, 0x00000000e0300000|100%|HC|  |TAMS 0x00000000e0200000| PB 0x00000000e0200000| Complete 
|   3|0x00000000e0300000, 0x00000000e0400000, 0x00000000e0400000|100%|HC|  |TAMS 0x00000000e0300000| PB 0x00000000e0300000| Complete 
|   4|0x00000000e0400000, 0x00000000e0500000, 0x00000000e0500000|100%|HC|  |TAMS 0x00000000e0400000| PB 0x00000000e0400000| Complete 
|   5|0x00000000e0500000, 0x00000000e0500000, 0x00000000e0600000|  0%| F|  |TAMS 0x00000000e0500000| PB 0x00000000e0500000| Untracked 
|   6|0x00000000e0600000, 0x00000000e0700000, 0x00000000e0700000|100%| O|Cm|TAMS 0x00000000e0600000| PB 0x00000000e0600000| Complete 
|   7|0x00000000e0700000, 0x00000000e0800000, 0x00000000e0800000|100%| O|  |TAMS 0x00000000e0700000| PB 0x00000000e0700000| Untracked 
|   8|0x00000000e0800000, 0x00000000e0900000, 0x00000000e0900000|100%| O|  |TAMS 0x00000000e0800000| PB 0x00000000e0800000| Untracked 
|   9|0x00000000e0900000, 0x00000000e0a00000, 0x00000000e0a00000|100%|HS|  |TAMS 0x00000000e0900000| PB 0x00000000e0900000| Complete 
|  10|0x00000000e0a00000, 0x00000000e0b00000, 0x00000000e0b00000|100%| O|  |TAMS 0x00000000e0a00000| PB 0x00000000e0a00000| Untracked 
|  11|0x00000000e0b00000, 0x00000000e0c00000, 0x00000000e0c00000|100%| O|  |TAMS 0x00000000e0b00000| PB 0x00000000e0b00000| Untracked 
|  12|0x00000000e0c00000, 0x00000000e0d00000, 0x00000000e0d00000|100%| O|  |TAMS 0x00000000e0c00000| PB 0x00000000e0c00000| Untracked 
|  13|0x00000000e0d00000, 0x00000000e0e00000, 0x00000000e0e00000|100%| O|  |TAMS 0x00000000e0d00000| PB 0x00000000e0d00000| Untracked 
|  14|0x00000000e0e00000, 0x00000000e0f00000, 0x00000000e0f00000|100%| O|  |TAMS 0x00000000e0e00000| PB 0x00000000e0e00000| Untracked 
|  15|0x00000000e0f00000, 0x00000000e1000000, 0x00000000e1000000|100%| O|  |TAMS 0x00000000e0f00000| PB 0x00000000e0f00000| Untracked 
|  16|0x00000000e1000000, 0x00000000e1100000, 0x00000000e1100000|100%| O|  |TAMS 0x00000000e1000000| PB 0x00000000e1000000| Untracked 
|  17|0x00000000e1100000, 0x00000000e1200000, 0x00000000e1200000|100%| O|  |TAMS 0x00000000e1100000| PB 0x00000000e1100000| Untracked 
|  18|0x00000000e1200000, 0x00000000e1300000, 0x00000000e1300000|100%| O|  |TAMS 0x00000000e1200000| PB 0x00000000e1200000| Untracked 
|  19|0x00000000e1300000, 0x00000000e1400000, 0x00000000e1400000|100%| O|  |TAMS 0x00000000e1300000| PB 0x00000000e1300000| Untracked 
|  20|0x00000000e1400000, 0x00000000e1500000, 0x00000000e1500000|100%| O|  |TAMS 0x00000000e1400000| PB 0x00000000e1400000| Untracked 
|  21|0x00000000e1500000, 0x00000000e1600000, 0x00000000e1600000|100%| O|  |TAMS 0x00000000e1500000| PB 0x00000000e1500000| Untracked 
|  22|0x00000000e1600000, 0x00000000e1700000, 0x00000000e1700000|100%| O|  |TAMS 0x00000000e1600000| PB 0x00000000e1600000| Untracked 
|  23|0x00000000e1700000, 0x00000000e1800000, 0x00000000e1800000|100%| O|  |TAMS 0x00000000e1700000| PB 0x00000000e1700000| Untracked 
|  24|0x00000000e1800000, 0x00000000e18e02e0, 0x00000000e1900000| 87%| O|  |TAMS 0x00000000e1800000| PB 0x00000000e1800000| Untracked 
|  25|0x00000000e1900000, 0x00000000e1900000, 0x00000000e1a00000|  0%| F|  |TAMS 0x00000000e1900000| PB 0x00000000e1900000| Untracked 
|  26|0x00000000e1a00000, 0x00000000e1a00000, 0x00000000e1b00000|  0%| F|  |TAMS 0x00000000e1a00000| PB 0x00000000e1a00000| Untracked 
|  27|0x00000000e1b00000, 0x00000000e1b00000, 0x00000000e1c00000|  0%| F|  |TAMS 0x00000000e1b00000| PB 0x00000000e1b00000| Untracked 
|  28|0x00000000e1c00000, 0x00000000e1c00000, 0x00000000e1d00000|  0%| F|  |TAMS 0x00000000e1c00000| PB 0x00000000e1c00000| Untracked 
|  29|0x00000000e1d00000, 0x00000000e1d00000, 0x00000000e1e00000|  0%| F|  |TAMS 0x00000000e1d00000| PB 0x00000000e1d00000| Untracked 
|  30|0x00000000e1e00000, 0x00000000e1e00000, 0x00000000e1f00000|  0%| F|  |TAMS 0x00000000e1e00000| PB 0x00000000e1e00000| Untracked 
|  31|0x00000000e1f00000, 0x00000000e1f00000, 0x00000000e2000000|  0%| F|  |TAMS 0x00000000e1f00000| PB 0x00000000e1f00000| Untracked 
|  32|0x00000000e2000000, 0x00000000e2000000, 0x00000000e2100000|  0%| F|  |TAMS 0x00000000e2000000| PB 0x00000000e2000000| Untracked 
|  33|0x00000000e2100000, 0x00000000e2100000, 0x00000000e2200000|  0%| F|  |TAMS 0x00000000e2100000| PB 0x00000000e2100000| Untracked 
|  34|0x00000000e2200000, 0x00000000e2200000, 0x00000000e2300000|  0%| F|  |TAMS 0x00000000e2200000| PB 0x00000000e2200000| Untracked 
|  35|0x00000000e2300000, 0x00000000e2300000, 0x00000000e2400000|  0%| F|  |TAMS 0x00000000e2300000| PB 0x00000000e2300000| Untracked 
|  36|0x00000000e2400000, 0x00000000e2400000, 0x00000000e2500000|  0%| F|  |TAMS 0x00000000e2400000| PB 0x00000000e2400000| Untracked 
|  37|0x00000000e2500000, 0x00000000e2500000, 0x00000000e2600000|  0%| F|  |TAMS 0x00000000e2500000| PB 0x00000000e2500000| Untracked 
|  38|0x00000000e2600000, 0x00000000e2600000, 0x00000000e2700000|  0%| F|  |TAMS 0x00000000e2600000| PB 0x00000000e2600000| Untracked 
|  39|0x00000000e2700000, 0x00000000e2700000, 0x00000000e2800000|  0%| F|  |TAMS 0x00000000e2700000| PB 0x00000000e2700000| Untracked 
|  40|0x00000000e2800000, 0x00000000e2800000, 0x00000000e2900000|  0%| F|  |TAMS 0x00000000e2800000| PB 0x00000000e2800000| Untracked 
|  41|0x00000000e2900000, 0x00000000e2900000, 0x00000000e2a00000|  0%| F|  |TAMS 0x00000000e2900000| PB 0x00000000e2900000| Untracked 
|  42|0x00000000e2a00000, 0x00000000e2a00000, 0x00000000e2b00000|  0%| F|  |TAMS 0x00000000e2a00000| PB 0x00000000e2a00000| Untracked 
|  43|0x00000000e2b00000, 0x00000000e2b00000, 0x00000000e2c00000|  0%| F|  |TAMS 0x00000000e2b00000| PB 0x00000000e2b00000| Untracked 
|  44|0x00000000e2c00000, 0x00000000e2c00000, 0x00000000e2d00000|  0%| F|  |TAMS 0x00000000e2c00000| PB 0x00000000e2c00000| Untracked 
|  45|0x00000000e2d00000, 0x00000000e2d00000, 0x00000000e2e00000|  0%| F|  |TAMS 0x00000000e2d00000| PB 0x00000000e2d00000| Untracked 
|  46|0x00000000e2e00000, 0x00000000e2e00000, 0x00000000e2f00000|  0%| F|  |TAMS 0x00000000e2e00000| PB 0x00000000e2e00000| Untracked 
|  47|0x00000000e2f00000, 0x00000000e2f00000, 0x00000000e3000000|  0%| F|  |TAMS 0x00000000e2f00000| PB 0x00000000e2f00000| Untracked 
|  48|0x00000000e3000000, 0x00000000e3000000, 0x00000000e3100000|  0%| F|  |TAMS 0x00000000e3000000| PB 0x00000000e3000000| Untracked 
|  49|0x00000000e3100000, 0x00000000e3100000, 0x00000000e3200000|  0%| F|  |TAMS 0x00000000e3100000| PB 0x00000000e3100000| Untracked 
|  50|0x00000000e3200000, 0x00000000e3200000, 0x00000000e3300000|  0%| F|  |TAMS 0x00000000e3200000| PB 0x00000000e3200000| Untracked 
|  51|0x00000000e3300000, 0x00000000e3300000, 0x00000000e3400000|  0%| F|  |TAMS 0x00000000e3300000| PB 0x00000000e3300000| Untracked 
|  52|0x00000000e3400000, 0x00000000e3400000, 0x00000000e3500000|  0%| F|  |TAMS 0x00000000e3400000| PB 0x00000000e3400000| Untracked 
|  53|0x00000000e3500000, 0x00000000e3500000, 0x00000000e3600000|  0%| F|  |TAMS 0x00000000e3500000| PB 0x00000000e3500000| Untracked 
|  54|0x00000000e3600000, 0x00000000e3600000, 0x00000000e3700000|  0%| F|  |TAMS 0x00000000e3600000| PB 0x00000000e3600000| Untracked 
|  55|0x00000000e3700000, 0x00000000e3700000, 0x00000000e3800000|  0%| F|  |TAMS 0x00000000e3700000| PB 0x00000000e3700000| Untracked 
|  56|0x00000000e3800000, 0x00000000e3800000, 0x00000000e3900000|  0%| F|  |TAMS 0x00000000e3800000| PB 0x00000000e3800000| Untracked 
|  57|0x00000000e3900000, 0x00000000e3900000, 0x00000000e3a00000|  0%| F|  |TAMS 0x00000000e3900000| PB 0x00000000e3900000| Untracked 
|  58|0x00000000e3a00000, 0x00000000e3a00000, 0x00000000e3b00000|  0%| F|  |TAMS 0x00000000e3a00000| PB 0x00000000e3a00000| Untracked 
|  59|0x00000000e3b00000, 0x00000000e3b00000, 0x00000000e3c00000|  0%| F|  |TAMS 0x00000000e3b00000| PB 0x00000000e3b00000| Untracked 
|  60|0x00000000e3c00000, 0x00000000e3c00000, 0x00000000e3d00000|  0%| F|  |TAMS 0x00000000e3c00000| PB 0x00000000e3c00000| Untracked 
|  61|0x00000000e3d00000, 0x00000000e3d00000, 0x00000000e3e00000|  0%| F|  |TAMS 0x00000000e3d00000| PB 0x00000000e3d00000| Untracked 
|  62|0x00000000e3e00000, 0x00000000e3e00000, 0x00000000e3f00000|  0%| F|  |TAMS 0x00000000e3e00000| PB 0x00000000e3e00000| Untracked 
|  63|0x00000000e3f00000, 0x00000000e3f00000, 0x00000000e4000000|  0%| F|  |TAMS 0x00000000e3f00000| PB 0x00000000e3f00000| Untracked 
|  64|0x00000000e4000000, 0x00000000e4000000, 0x00000000e4100000|  0%| F|  |TAMS 0x00000000e4000000| PB 0x00000000e4000000| Untracked 
|  65|0x00000000e4100000, 0x00000000e4100000, 0x00000000e4200000|  0%| F|  |TAMS 0x00000000e4100000| PB 0x00000000e4100000| Untracked 
|  66|0x00000000e4200000, 0x00000000e4200000, 0x00000000e4300000|  0%| F|  |TAMS 0x00000000e4200000| PB 0x00000000e4200000| Untracked 
|  67|0x00000000e4300000, 0x00000000e4300000, 0x00000000e4400000|  0%| F|  |TAMS 0x00000000e4300000| PB 0x00000000e4300000| Untracked 
|  68|0x00000000e4400000, 0x00000000e4400000, 0x00000000e4500000|  0%| F|  |TAMS 0x00000000e4400000| PB 0x00000000e4400000| Untracked 
|  69|0x00000000e4500000, 0x00000000e4500000, 0x00000000e4600000|  0%| F|  |TAMS 0x00000000e4500000| PB 0x00000000e4500000| Untracked 
|  70|0x00000000e4600000, 0x00000000e4600000, 0x00000000e4700000|  0%| F|  |TAMS 0x00000000e4600000| PB 0x00000000e4600000| Untracked 
|  71|0x00000000e4700000, 0x00000000e4700000, 0x00000000e4800000|  0%| F|  |TAMS 0x00000000e4700000| PB 0x00000000e4700000| Untracked 
|  72|0x00000000e4800000, 0x00000000e4800000, 0x00000000e4900000|  0%| F|  |TAMS 0x00000000e4800000| PB 0x00000000e4800000| Untracked 
|  73|0x00000000e4900000, 0x00000000e4900000, 0x00000000e4a00000|  0%| F|  |TAMS 0x00000000e4900000| PB 0x00000000e4900000| Untracked 
|  74|0x00000000e4a00000, 0x00000000e4a00000, 0x00000000e4b00000|  0%| F|  |TAMS 0x00000000e4a00000| PB 0x00000000e4a00000| Untracked 
|  75|0x00000000e4b00000, 0x00000000e4b00000, 0x00000000e4c00000|  0%| F|  |TAMS 0x00000000e4b00000| PB 0x00000000e4b00000| Untracked 
|  76|0x00000000e4c00000, 0x00000000e4c00000, 0x00000000e4d00000|  0%| F|  |TAMS 0x00000000e4c00000| PB 0x00000000e4c00000| Untracked 
|  77|0x00000000e4d00000, 0x00000000e4d00000, 0x00000000e4e00000|  0%| F|  |TAMS 0x00000000e4d00000| PB 0x00000000e4d00000| Untracked 
|  78|0x00000000e4e00000, 0x00000000e4e00000, 0x00000000e4f00000|  0%| F|  |TAMS 0x00000000e4e00000| PB 0x00000000e4e00000| Untracked 
|  79|0x00000000e4f00000, 0x00000000e4f00000, 0x00000000e5000000|  0%| F|  |TAMS 0x00000000e4f00000| PB 0x00000000e4f00000| Untracked 
|  80|0x00000000e5000000, 0x00000000e5000000, 0x00000000e5100000|  0%| F|  |TAMS 0x00000000e5000000| PB 0x00000000e5000000| Untracked 
|  81|0x00000000e5100000, 0x00000000e5100000, 0x00000000e5200000|  0%| F|  |TAMS 0x00000000e5100000| PB 0x00000000e5100000| Untracked 
|  82|0x00000000e5200000, 0x00000000e5200000, 0x00000000e5300000|  0%| F|  |TAMS 0x00000000e5200000| PB 0x00000000e5200000| Untracked 
|  83|0x00000000e5300000, 0x00000000e5300000, 0x00000000e5400000|  0%| F|  |TAMS 0x00000000e5300000| PB 0x00000000e5300000| Untracked 
|  84|0x00000000e5400000, 0x00000000e5400000, 0x00000000e5500000|  0%| F|  |TAMS 0x00000000e5400000| PB 0x00000000e5400000| Untracked 
|  85|0x00000000e5500000, 0x00000000e5500000, 0x00000000e5600000|  0%| F|  |TAMS 0x00000000e5500000| PB 0x00000000e5500000| Untracked 
|  86|0x00000000e5600000, 0x00000000e56b8560, 0x00000000e5700000| 72%| S|CS|TAMS 0x00000000e5600000| PB 0x00000000e5600000| Complete 
|  87|0x00000000e5700000, 0x00000000e5800000, 0x00000000e5800000|100%| S|CS|TAMS 0x00000000e5700000| PB 0x00000000e5700000| Complete 
|  88|0x00000000e5800000, 0x00000000e5900000, 0x00000000e5900000|100%| S|CS|TAMS 0x00000000e5800000| PB 0x00000000e5800000| Complete 
|  89|0x00000000e5900000, 0x00000000e5a00000, 0x00000000e5a00000|100%| S|CS|TAMS 0x00000000e5900000| PB 0x00000000e5900000| Complete 
|  90|0x00000000e5a00000, 0x00000000e5b00000, 0x00000000e5b00000|100%| S|CS|TAMS 0x00000000e5a00000| PB 0x00000000e5a00000| Complete 
|  91|0x00000000e5b00000, 0x00000000e5c00000, 0x00000000e5c00000|100%| S|CS|TAMS 0x00000000e5b00000| PB 0x00000000e5b00000| Complete 
|  92|0x00000000e5c00000, 0x00000000e5d00000, 0x00000000e5d00000|100%| S|CS|TAMS 0x00000000e5c00000| PB 0x00000000e5c00000| Complete 
|  93|0x00000000e5d00000, 0x00000000e5e00000, 0x00000000e5e00000|100%| S|CS|TAMS 0x00000000e5d00000| PB 0x00000000e5d00000| Complete 
|  94|0x00000000e5e00000, 0x00000000e5f00000, 0x00000000e5f00000|100%| S|CS|TAMS 0x00000000e5e00000| PB 0x00000000e5e00000| Complete 
|  95|0x00000000e5f00000, 0x00000000e6000000, 0x00000000e6000000|100%| S|CS|TAMS 0x00000000e5f00000| PB 0x00000000e5f00000| Complete 
|  96|0x00000000e6000000, 0x00000000e6100000, 0x00000000e6100000|100%| S|CS|TAMS 0x00000000e6000000| PB 0x00000000e6000000| Complete 
|  97|0x00000000e6100000, 0x00000000e6200000, 0x00000000e6200000|100%| S|CS|TAMS 0x00000000e6100000| PB 0x00000000e6100000| Complete 
|  98|0x00000000e6200000, 0x00000000e6300000, 0x00000000e6300000|100%| S|CS|TAMS 0x00000000e6200000| PB 0x00000000e6200000| Complete 
|  99|0x00000000e6300000, 0x00000000e6400000, 0x00000000e6400000|100%| S|CS|TAMS 0x00000000e6300000| PB 0x00000000e6300000| Complete 
| 100|0x00000000e6400000, 0x00000000e6500000, 0x00000000e6500000|100%| S|CS|TAMS 0x00000000e6400000| PB 0x00000000e6400000| Complete 
| 101|0x00000000e6500000, 0x00000000e6600000, 0x00000000e6600000|100%| S|CS|TAMS 0x00000000e6500000| PB 0x00000000e6500000| Complete 
| 102|0x00000000e6600000, 0x00000000e6700000, 0x00000000e6700000|100%| S|CS|TAMS 0x00000000e6600000| PB 0x00000000e6600000| Complete 
| 103|0x00000000e6700000, 0x00000000e6700000, 0x00000000e6800000|  0%| F|  |TAMS 0x00000000e6700000| PB 0x00000000e6700000| Untracked 
| 104|0x00000000e6800000, 0x00000000e6800000, 0x00000000e6900000|  0%| F|  |TAMS 0x00000000e6800000| PB 0x00000000e6800000| Untracked 
| 105|0x00000000e6900000, 0x00000000e6900000, 0x00000000e6a00000|  0%| F|  |TAMS 0x00000000e6900000| PB 0x00000000e6900000| Untracked 
| 106|0x00000000e6a00000, 0x00000000e6a00000, 0x00000000e6b00000|  0%| F|  |TAMS 0x00000000e6a00000| PB 0x00000000e6a00000| Untracked 
| 107|0x00000000e6b00000, 0x00000000e6b00000, 0x00000000e6c00000|  0%| F|  |TAMS 0x00000000e6b00000| PB 0x00000000e6b00000| Untracked 
| 108|0x00000000e6c00000, 0x00000000e6c00000, 0x00000000e6d00000|  0%| F|  |TAMS 0x00000000e6c00000| PB 0x00000000e6c00000| Untracked 
| 109|0x00000000e6d00000, 0x00000000e6d00000, 0x00000000e6e00000|  0%| F|  |TAMS 0x00000000e6d00000| PB 0x00000000e6d00000| Untracked 
| 110|0x00000000e6e00000, 0x00000000e6e00000, 0x00000000e6f00000|  0%| F|  |TAMS 0x00000000e6e00000| PB 0x00000000e6e00000| Untracked 
| 111|0x00000000e6f00000, 0x00000000e6f00000, 0x00000000e7000000|  0%| F|  |TAMS 0x00000000e6f00000| PB 0x00000000e6f00000| Untracked 
| 112|0x00000000e7000000, 0x00000000e7000000, 0x00000000e7100000|  0%| F|  |TAMS 0x00000000e7000000| PB 0x00000000e7000000| Untracked 
| 113|0x00000000e7100000, 0x00000000e7100000, 0x00000000e7200000|  0%| F|  |TAMS 0x00000000e7100000| PB 0x00000000e7100000| Untracked 
| 114|0x00000000e7200000, 0x00000000e7200000, 0x00000000e7300000|  0%| F|  |TAMS 0x00000000e7200000| PB 0x00000000e7200000| Untracked 
| 115|0x00000000e7300000, 0x00000000e7300000, 0x00000000e7400000|  0%| F|  |TAMS 0x00000000e7300000| PB 0x00000000e7300000| Untracked 
| 116|0x00000000e7400000, 0x00000000e7400000, 0x00000000e7500000|  0%| F|  |TAMS 0x00000000e7400000| PB 0x00000000e7400000| Untracked 
| 117|0x00000000e7500000, 0x00000000e7500000, 0x00000000e7600000|  0%| F|  |TAMS 0x00000000e7500000| PB 0x00000000e7500000| Untracked 
| 118|0x00000000e7600000, 0x00000000e7600000, 0x00000000e7700000|  0%| F|  |TAMS 0x00000000e7600000| PB 0x00000000e7600000| Untracked 
| 119|0x00000000e7700000, 0x00000000e7700000, 0x00000000e7800000|  0%| F|  |TAMS 0x00000000e7700000| PB 0x00000000e7700000| Untracked 
| 120|0x00000000e7800000, 0x00000000e7800000, 0x00000000e7900000|  0%| F|  |TAMS 0x00000000e7800000| PB 0x00000000e7800000| Untracked 
| 121|0x00000000e7900000, 0x00000000e7900000, 0x00000000e7a00000|  0%| F|  |TAMS 0x00000000e7900000| PB 0x00000000e7900000| Untracked 
| 122|0x00000000e7a00000, 0x00000000e7a00000, 0x00000000e7b00000|  0%| F|  |TAMS 0x00000000e7a00000| PB 0x00000000e7a00000| Untracked 
| 123|0x00000000e7b00000, 0x00000000e7b00000, 0x00000000e7c00000|  0%| F|  |TAMS 0x00000000e7b00000| PB 0x00000000e7b00000| Untracked 
| 124|0x00000000e7c00000, 0x00000000e7c00000, 0x00000000e7d00000|  0%| F|  |TAMS 0x00000000e7c00000| PB 0x00000000e7c00000| Untracked 
| 125|0x00000000e7d00000, 0x00000000e7d00000, 0x00000000e7e00000|  0%| F|  |TAMS 0x00000000e7d00000| PB 0x00000000e7d00000| Untracked 
| 126|0x00000000e7e00000, 0x00000000e7e00000, 0x00000000e7f00000|  0%| F|  |TAMS 0x00000000e7e00000| PB 0x00000000e7e00000| Untracked 
| 127|0x00000000e7f00000, 0x00000000e7f00000, 0x00000000e8000000|  0%| F|  |TAMS 0x00000000e7f00000| PB 0x00000000e7f00000| Untracked 
| 128|0x00000000e8000000, 0x00000000e8000000, 0x00000000e8100000|  0%| F|  |TAMS 0x00000000e8000000| PB 0x00000000e8000000| Untracked 
| 129|0x00000000e8100000, 0x00000000e8100000, 0x00000000e8200000|  0%| F|  |TAMS 0x00000000e8100000| PB 0x00000000e8100000| Untracked 
| 130|0x00000000e8200000, 0x00000000e8200000, 0x00000000e8300000|  0%| F|  |TAMS 0x00000000e8200000| PB 0x00000000e8200000| Untracked 
| 131|0x00000000e8300000, 0x00000000e8300000, 0x00000000e8400000|  0%| F|  |TAMS 0x00000000e8300000| PB 0x00000000e8300000| Untracked 
| 132|0x00000000e8400000, 0x00000000e8400000, 0x00000000e8500000|  0%| F|  |TAMS 0x00000000e8400000| PB 0x00000000e8400000| Untracked 
| 133|0x00000000e8500000, 0x00000000e8500000, 0x00000000e8600000|  0%| F|  |TAMS 0x00000000e8500000| PB 0x00000000e8500000| Untracked 
| 134|0x00000000e8600000, 0x00000000e8600000, 0x00000000e8700000|  0%| F|  |TAMS 0x00000000e8600000| PB 0x00000000e8600000| Untracked 
| 135|0x00000000e8700000, 0x00000000e8700000, 0x00000000e8800000|  0%| F|  |TAMS 0x00000000e8700000| PB 0x00000000e8700000| Untracked 
| 136|0x00000000e8800000, 0x00000000e8800000, 0x00000000e8900000|  0%| F|  |TAMS 0x00000000e8800000| PB 0x00000000e8800000| Untracked 
| 137|0x00000000e8900000, 0x00000000e8900000, 0x00000000e8a00000|  0%| F|  |TAMS 0x00000000e8900000| PB 0x00000000e8900000| Untracked 
| 138|0x00000000e8a00000, 0x00000000e8a00000, 0x00000000e8b00000|  0%| F|  |TAMS 0x00000000e8a00000| PB 0x00000000e8a00000| Untracked 
| 139|0x00000000e8b00000, 0x00000000e8b00000, 0x00000000e8c00000|  0%| F|  |TAMS 0x00000000e8b00000| PB 0x00000000e8b00000| Untracked 
| 140|0x00000000e8c00000, 0x00000000e8c00000, 0x00000000e8d00000|  0%| F|  |TAMS 0x00000000e8c00000| PB 0x00000000e8c00000| Untracked 
| 141|0x00000000e8d00000, 0x00000000e8d00000, 0x00000000e8e00000|  0%| F|  |TAMS 0x00000000e8d00000| PB 0x00000000e8d00000| Untracked 
| 142|0x00000000e8e00000, 0x00000000e8e00000, 0x00000000e8f00000|  0%| F|  |TAMS 0x00000000e8e00000| PB 0x00000000e8e00000| Untracked 
| 143|0x00000000e8f00000, 0x00000000e8f00000, 0x00000000e9000000|  0%| F|  |TAMS 0x00000000e8f00000| PB 0x00000000e8f00000| Untracked 
| 144|0x00000000e9000000, 0x00000000e9000000, 0x00000000e9100000|  0%| F|  |TAMS 0x00000000e9000000| PB 0x00000000e9000000| Untracked 
| 145|0x00000000e9100000, 0x00000000e9100000, 0x00000000e9200000|  0%| F|  |TAMS 0x00000000e9100000| PB 0x00000000e9100000| Untracked 
| 146|0x00000000e9200000, 0x00000000e9200000, 0x00000000e9300000|  0%| F|  |TAMS 0x00000000e9200000| PB 0x00000000e9200000| Untracked 
| 147|0x00000000e9300000, 0x00000000e9300000, 0x00000000e9400000|  0%| F|  |TAMS 0x00000000e9300000| PB 0x00000000e9300000| Untracked 
| 148|0x00000000e9400000, 0x00000000e9400000, 0x00000000e9500000|  0%| F|  |TAMS 0x00000000e9400000| PB 0x00000000e9400000| Untracked 
| 149|0x00000000e9500000, 0x00000000e9500000, 0x00000000e9600000|  0%| F|  |TAMS 0x00000000e9500000| PB 0x00000000e9500000| Untracked 
| 150|0x00000000e9600000, 0x00000000e9600000, 0x00000000e9700000|  0%| F|  |TAMS 0x00000000e9600000| PB 0x00000000e9600000| Untracked 
| 151|0x00000000e9700000, 0x00000000e9700000, 0x00000000e9800000|  0%| F|  |TAMS 0x00000000e9700000| PB 0x00000000e9700000| Untracked 
| 152|0x00000000e9800000, 0x00000000e9800000, 0x00000000e9900000|  0%| F|  |TAMS 0x00000000e9800000| PB 0x00000000e9800000| Untracked 
| 153|0x00000000e9900000, 0x00000000e9900000, 0x00000000e9a00000|  0%| F|  |TAMS 0x00000000e9900000| PB 0x00000000e9900000| Untracked 
| 154|0x00000000e9a00000, 0x00000000e9a00000, 0x00000000e9b00000|  0%| F|  |TAMS 0x00000000e9a00000| PB 0x00000000e9a00000| Untracked 
| 155|0x00000000e9b00000, 0x00000000e9b00000, 0x00000000e9c00000|  0%| F|  |TAMS 0x00000000e9b00000| PB 0x00000000e9b00000| Untracked 
| 156|0x00000000e9c00000, 0x00000000e9c00000, 0x00000000e9d00000|  0%| F|  |TAMS 0x00000000e9c00000| PB 0x00000000e9c00000| Untracked 
| 157|0x00000000e9d00000, 0x00000000e9d00000, 0x00000000e9e00000|  0%| F|  |TAMS 0x00000000e9d00000| PB 0x00000000e9d00000| Untracked 
| 158|0x00000000e9e00000, 0x00000000e9e00000, 0x00000000e9f00000|  0%| F|  |TAMS 0x00000000e9e00000| PB 0x00000000e9e00000| Untracked 
| 159|0x00000000e9f00000, 0x00000000e9f00000, 0x00000000ea000000|  0%| F|  |TAMS 0x00000000e9f00000| PB 0x00000000e9f00000| Untracked 
| 160|0x00000000ea000000, 0x00000000ea000000, 0x00000000ea100000|  0%| F|  |TAMS 0x00000000ea000000| PB 0x00000000ea000000| Untracked 
| 161|0x00000000ea100000, 0x00000000ea100000, 0x00000000ea200000|  0%| F|  |TAMS 0x00000000ea100000| PB 0x00000000ea100000| Untracked 
| 162|0x00000000ea200000, 0x00000000ea200000, 0x00000000ea300000|  0%| F|  |TAMS 0x00000000ea200000| PB 0x00000000ea200000| Untracked 
| 163|0x00000000ea300000, 0x00000000ea300000, 0x00000000ea400000|  0%| F|  |TAMS 0x00000000ea300000| PB 0x00000000ea300000| Untracked 
| 164|0x00000000ea400000, 0x00000000ea400000, 0x00000000ea500000|  0%| F|  |TAMS 0x00000000ea400000| PB 0x00000000ea400000| Untracked 
| 165|0x00000000ea500000, 0x00000000ea500000, 0x00000000ea600000|  0%| F|  |TAMS 0x00000000ea500000| PB 0x00000000ea500000| Untracked 
| 166|0x00000000ea600000, 0x00000000ea600000, 0x00000000ea700000|  0%| F|  |TAMS 0x00000000ea600000| PB 0x00000000ea600000| Untracked 
| 167|0x00000000ea700000, 0x00000000ea700000, 0x00000000ea800000|  0%| F|  |TAMS 0x00000000ea700000| PB 0x00000000ea700000| Untracked 
| 168|0x00000000ea800000, 0x00000000ea800000, 0x00000000ea900000|  0%| F|  |TAMS 0x00000000ea800000| PB 0x00000000ea800000| Untracked 
| 169|0x00000000ea900000, 0x00000000ea900000, 0x00000000eaa00000|  0%| F|  |TAMS 0x00000000ea900000| PB 0x00000000ea900000| Untracked 
| 170|0x00000000eaa00000, 0x00000000eaa00000, 0x00000000eab00000|  0%| F|  |TAMS 0x00000000eaa00000| PB 0x00000000eaa00000| Untracked 
| 171|0x00000000eab00000, 0x00000000eab00000, 0x00000000eac00000|  0%| F|  |TAMS 0x00000000eab00000| PB 0x00000000eab00000| Untracked 
| 172|0x00000000eac00000, 0x00000000eac00000, 0x00000000ead00000|  0%| F|  |TAMS 0x00000000eac00000| PB 0x00000000eac00000| Untracked 
| 173|0x00000000ead00000, 0x00000000ead00000, 0x00000000eae00000|  0%| F|  |TAMS 0x00000000ead00000| PB 0x00000000ead00000| Untracked 
| 174|0x00000000eae00000, 0x00000000eae7b248, 0x00000000eaf00000| 48%| E|  |TAMS 0x00000000eae00000| PB 0x00000000eae00000| Complete 
| 175|0x00000000eaf00000, 0x00000000eb000000, 0x00000000eb000000|100%| E|CS|TAMS 0x00000000eaf00000| PB 0x00000000eaf00000| Complete 
| 176|0x00000000eb000000, 0x00000000eb100000, 0x00000000eb100000|100%| E|CS|TAMS 0x00000000eb000000| PB 0x00000000eb000000| Complete 
| 177|0x00000000eb100000, 0x00000000eb200000, 0x00000000eb200000|100%| E|CS|TAMS 0x00000000eb100000| PB 0x00000000eb100000| Complete 
| 178|0x00000000eb200000, 0x00000000eb300000, 0x00000000eb300000|100%| E|CS|TAMS 0x00000000eb200000| PB 0x00000000eb200000| Complete 
| 179|0x00000000eb300000, 0x00000000eb400000, 0x00000000eb400000|100%| E|CS|TAMS 0x00000000eb300000| PB 0x00000000eb300000| Complete 
| 180|0x00000000eb400000, 0x00000000eb500000, 0x00000000eb500000|100%| E|CS|TAMS 0x00000000eb400000| PB 0x00000000eb400000| Complete 
| 181|0x00000000eb500000, 0x00000000eb600000, 0x00000000eb600000|100%| E|CS|TAMS 0x00000000eb500000| PB 0x00000000eb500000| Complete 
| 182|0x00000000eb600000, 0x00000000eb700000, 0x00000000eb700000|100%| E|CS|TAMS 0x00000000eb600000| PB 0x00000000eb600000| Complete 
| 183|0x00000000eb700000, 0x00000000eb800000, 0x00000000eb800000|100%| E|CS|TAMS 0x00000000eb700000| PB 0x00000000eb700000| Complete 
| 184|0x00000000eb800000, 0x00000000eb900000, 0x00000000eb900000|100%| E|CS|TAMS 0x00000000eb800000| PB 0x00000000eb800000| Complete 
| 185|0x00000000eb900000, 0x00000000eba00000, 0x00000000eba00000|100%| E|CS|TAMS 0x00000000eb900000| PB 0x00000000eb900000| Complete 
| 186|0x00000000eba00000, 0x00000000ebb00000, 0x00000000ebb00000|100%| E|CS|TAMS 0x00000000eba00000| PB 0x00000000eba00000| Complete 
| 187|0x00000000ebb00000, 0x00000000ebc00000, 0x00000000ebc00000|100%| E|CS|TAMS 0x00000000ebb00000| PB 0x00000000ebb00000| Complete 
| 188|0x00000000ebc00000, 0x00000000ebd00000, 0x00000000ebd00000|100%| E|CS|TAMS 0x00000000ebc00000| PB 0x00000000ebc00000| Complete 
| 189|0x00000000ebd00000, 0x00000000ebe00000, 0x00000000ebe00000|100%| E|CS|TAMS 0x00000000ebd00000| PB 0x00000000ebd00000| Complete 
| 190|0x00000000ebe00000, 0x00000000ebf00000, 0x00000000ebf00000|100%| E|CS|TAMS 0x00000000ebe00000| PB 0x00000000ebe00000| Complete 
| 191|0x00000000ebf00000, 0x00000000ec000000, 0x00000000ec000000|100%| E|CS|TAMS 0x00000000ebf00000| PB 0x00000000ebf00000| Complete 
| 192|0x00000000ec000000, 0x00000000ec100000, 0x00000000ec100000|100%| E|CS|TAMS 0x00000000ec000000| PB 0x00000000ec000000| Complete 
| 193|0x00000000ec100000, 0x00000000ec200000, 0x00000000ec200000|100%| E|CS|TAMS 0x00000000ec100000| PB 0x00000000ec100000| Complete 
| 194|0x00000000ec200000, 0x00000000ec300000, 0x00000000ec300000|100%| E|CS|TAMS 0x00000000ec200000| PB 0x00000000ec200000| Complete 
| 195|0x00000000ec300000, 0x00000000ec400000, 0x00000000ec400000|100%| E|CS|TAMS 0x00000000ec300000| PB 0x00000000ec300000| Complete 
| 196|0x00000000ec400000, 0x00000000ec500000, 0x00000000ec500000|100%| E|CS|TAMS 0x00000000ec400000| PB 0x00000000ec400000| Complete 
| 197|0x00000000ec500000, 0x00000000ec600000, 0x00000000ec600000|100%| E|CS|TAMS 0x00000000ec500000| PB 0x00000000ec500000| Complete 
| 198|0x00000000ec600000, 0x00000000ec700000, 0x00000000ec700000|100%| E|CS|TAMS 0x00000000ec600000| PB 0x00000000ec600000| Complete 
| 199|0x00000000ec700000, 0x00000000ec800000, 0x00000000ec800000|100%| E|CS|TAMS 0x00000000ec700000| PB 0x00000000ec700000| Complete 
| 200|0x00000000ec800000, 0x00000000ec900000, 0x00000000ec900000|100%| E|CS|TAMS 0x00000000ec800000| PB 0x00000000ec800000| Complete 
| 201|0x00000000ec900000, 0x00000000eca00000, 0x00000000eca00000|100%| E|CS|TAMS 0x00000000ec900000| PB 0x00000000ec900000| Complete 
| 202|0x00000000eca00000, 0x00000000ecb00000, 0x00000000ecb00000|100%| E|CS|TAMS 0x00000000eca00000| PB 0x00000000eca00000| Complete 
| 203|0x00000000ecb00000, 0x00000000ecc00000, 0x00000000ecc00000|100%| E|CS|TAMS 0x00000000ecb00000| PB 0x00000000ecb00000| Complete 
| 204|0x00000000ecc00000, 0x00000000ecd00000, 0x00000000ecd00000|100%| E|CS|TAMS 0x00000000ecc00000| PB 0x00000000ecc00000| Complete 
| 205|0x00000000ecd00000, 0x00000000ece00000, 0x00000000ece00000|100%| E|CS|TAMS 0x00000000ecd00000| PB 0x00000000ecd00000| Complete 
| 206|0x00000000ece00000, 0x00000000ecf00000, 0x00000000ecf00000|100%| E|CS|TAMS 0x00000000ece00000| PB 0x00000000ece00000| Complete 
| 207|0x00000000ecf00000, 0x00000000ed000000, 0x00000000ed000000|100%| E|CS|TAMS 0x00000000ecf00000| PB 0x00000000ecf00000| Complete 
| 208|0x00000000ed000000, 0x00000000ed100000, 0x00000000ed100000|100%| E|CS|TAMS 0x00000000ed000000| PB 0x00000000ed000000| Complete 
| 209|0x00000000ed100000, 0x00000000ed200000, 0x00000000ed200000|100%| E|CS|TAMS 0x00000000ed100000| PB 0x00000000ed100000| Complete 
| 210|0x00000000ed200000, 0x00000000ed300000, 0x00000000ed300000|100%| E|CS|TAMS 0x00000000ed200000| PB 0x00000000ed200000| Complete 
| 211|0x00000000ed300000, 0x00000000ed400000, 0x00000000ed400000|100%| E|CS|TAMS 0x00000000ed300000| PB 0x00000000ed300000| Complete 
| 212|0x00000000ed400000, 0x00000000ed500000, 0x00000000ed500000|100%| E|CS|TAMS 0x00000000ed400000| PB 0x00000000ed400000| Complete 
| 213|0x00000000ed500000, 0x00000000ed600000, 0x00000000ed600000|100%| E|CS|TAMS 0x00000000ed500000| PB 0x00000000ed500000| Complete 
| 214|0x00000000ed600000, 0x00000000ed700000, 0x00000000ed700000|100%| E|CS|TAMS 0x00000000ed600000| PB 0x00000000ed600000| Complete 
| 215|0x00000000ed700000, 0x00000000ed800000, 0x00000000ed800000|100%| E|CS|TAMS 0x00000000ed700000| PB 0x00000000ed700000| Complete 
| 216|0x00000000ed800000, 0x00000000ed900000, 0x00000000ed900000|100%| E|CS|TAMS 0x00000000ed800000| PB 0x00000000ed800000| Complete 
| 217|0x00000000ed900000, 0x00000000eda00000, 0x00000000eda00000|100%| E|CS|TAMS 0x00000000ed900000| PB 0x00000000ed900000| Complete 
| 218|0x00000000eda00000, 0x00000000edb00000, 0x00000000edb00000|100%| E|CS|TAMS 0x00000000eda00000| PB 0x00000000eda00000| Complete 
| 219|0x00000000edb00000, 0x00000000edc00000, 0x00000000edc00000|100%| E|CS|TAMS 0x00000000edb00000| PB 0x00000000edb00000| Complete 
| 220|0x00000000edc00000, 0x00000000edd00000, 0x00000000edd00000|100%| E|CS|TAMS 0x00000000edc00000| PB 0x00000000edc00000| Complete 
| 221|0x00000000edd00000, 0x00000000ede00000, 0x00000000ede00000|100%| E|CS|TAMS 0x00000000edd00000| PB 0x00000000edd00000| Complete 
| 222|0x00000000ede00000, 0x00000000edf00000, 0x00000000edf00000|100%| E|CS|TAMS 0x00000000ede00000| PB 0x00000000ede00000| Complete 
| 223|0x00000000edf00000, 0x00000000ee000000, 0x00000000ee000000|100%| E|CS|TAMS 0x00000000edf00000| PB 0x00000000edf00000| Complete 
| 224|0x00000000ee000000, 0x00000000ee100000, 0x00000000ee100000|100%| E|CS|TAMS 0x00000000ee000000| PB 0x00000000ee000000| Complete 
| 225|0x00000000ee100000, 0x00000000ee200000, 0x00000000ee200000|100%| E|CS|TAMS 0x00000000ee100000| PB 0x00000000ee100000| Complete 
| 226|0x00000000ee200000, 0x00000000ee300000, 0x00000000ee300000|100%| E|CS|TAMS 0x00000000ee200000| PB 0x00000000ee200000| Complete 
| 227|0x00000000ee300000, 0x00000000ee400000, 0x00000000ee400000|100%| E|CS|TAMS 0x00000000ee300000| PB 0x00000000ee300000| Complete 
| 228|0x00000000ee400000, 0x00000000ee500000, 0x00000000ee500000|100%| E|CS|TAMS 0x00000000ee400000| PB 0x00000000ee400000| Complete 
| 229|0x00000000ee500000, 0x00000000ee600000, 0x00000000ee600000|100%| E|CS|TAMS 0x00000000ee500000| PB 0x00000000ee500000| Complete 
| 230|0x00000000ee600000, 0x00000000ee700000, 0x00000000ee700000|100%| E|CS|TAMS 0x00000000ee600000| PB 0x00000000ee600000| Complete 
| 231|0x00000000ee700000, 0x00000000ee800000, 0x00000000ee800000|100%| E|CS|TAMS 0x00000000ee700000| PB 0x00000000ee700000| Complete 
| 232|0x00000000ee800000, 0x00000000ee900000, 0x00000000ee900000|100%| E|CS|TAMS 0x00000000ee800000| PB 0x00000000ee800000| Complete 
| 233|0x00000000ee900000, 0x00000000eea00000, 0x00000000eea00000|100%| E|CS|TAMS 0x00000000ee900000| PB 0x00000000ee900000| Complete 
| 234|0x00000000eea00000, 0x00000000eeb00000, 0x00000000eeb00000|100%| E|CS|TAMS 0x00000000eea00000| PB 0x00000000eea00000| Complete 
| 235|0x00000000eeb00000, 0x00000000eec00000, 0x00000000eec00000|100%| E|CS|TAMS 0x00000000eeb00000| PB 0x00000000eeb00000| Complete 
| 236|0x00000000eec00000, 0x00000000eed00000, 0x00000000eed00000|100%| E|CS|TAMS 0x00000000eec00000| PB 0x00000000eec00000| Complete 
| 237|0x00000000eed00000, 0x00000000eee00000, 0x00000000eee00000|100%| E|CS|TAMS 0x00000000eed00000| PB 0x00000000eed00000| Complete 
| 238|0x00000000eee00000, 0x00000000eef00000, 0x00000000eef00000|100%| E|CS|TAMS 0x00000000eee00000| PB 0x00000000eee00000| Complete 
| 239|0x00000000eef00000, 0x00000000ef000000, 0x00000000ef000000|100%| E|CS|TAMS 0x00000000eef00000| PB 0x00000000eef00000| Complete 
| 240|0x00000000ef000000, 0x00000000ef100000, 0x00000000ef100000|100%| E|CS|TAMS 0x00000000ef000000| PB 0x00000000ef000000| Complete 
| 241|0x00000000ef100000, 0x00000000ef200000, 0x00000000ef200000|100%| E|CS|TAMS 0x00000000ef100000| PB 0x00000000ef100000| Complete 
| 242|0x00000000ef200000, 0x00000000ef300000, 0x00000000ef300000|100%| E|CS|TAMS 0x00000000ef200000| PB 0x00000000ef200000| Complete 
| 243|0x00000000ef300000, 0x00000000ef400000, 0x00000000ef400000|100%| E|CS|TAMS 0x00000000ef300000| PB 0x00000000ef300000| Complete 
| 244|0x00000000ef400000, 0x00000000ef500000, 0x00000000ef500000|100%| E|CS|TAMS 0x00000000ef400000| PB 0x00000000ef400000| Complete 
| 245|0x00000000ef500000, 0x00000000ef600000, 0x00000000ef600000|100%| E|CS|TAMS 0x00000000ef500000| PB 0x00000000ef500000| Complete 
| 246|0x00000000ef600000, 0x00000000ef700000, 0x00000000ef700000|100%| E|CS|TAMS 0x00000000ef600000| PB 0x00000000ef600000| Complete 
| 247|0x00000000ef700000, 0x00000000ef800000, 0x00000000ef800000|100%| E|CS|TAMS 0x00000000ef700000| PB 0x00000000ef700000| Complete 
| 248|0x00000000ef800000, 0x00000000ef900000, 0x00000000ef900000|100%| E|CS|TAMS 0x00000000ef800000| PB 0x00000000ef800000| Complete 
| 249|0x00000000ef900000, 0x00000000efa00000, 0x00000000efa00000|100%| E|CS|TAMS 0x00000000ef900000| PB 0x00000000ef900000| Complete 
| 250|0x00000000efa00000, 0x00000000efb00000, 0x00000000efb00000|100%| E|CS|TAMS 0x00000000efa00000| PB 0x00000000efa00000| Complete 
| 251|0x00000000efb00000, 0x00000000efc00000, 0x00000000efc00000|100%| E|CS|TAMS 0x00000000efb00000| PB 0x00000000efb00000| Complete 
| 252|0x00000000efc00000, 0x00000000efd00000, 0x00000000efd00000|100%| E|CS|TAMS 0x00000000efc00000| PB 0x00000000efc00000| Complete 
| 253|0x00000000efd00000, 0x00000000efe00000, 0x00000000efe00000|100%| E|  |TAMS 0x00000000efd00000| PB 0x00000000efd00000| Complete 
| 254|0x00000000efe00000, 0x00000000eff00000, 0x00000000eff00000|100%| E|CS|TAMS 0x00000000efe00000| PB 0x00000000efe00000| Complete 
| 255|0x00000000eff00000, 0x00000000f0000000, 0x00000000f0000000|100%| E|CS|TAMS 0x00000000eff00000| PB 0x00000000eff00000| Complete 

Card table byte_map: [0x0000016174a70000,0x0000016174b70000] _byte_map_base: 0x0000016174370000

Marking Bits: (CMBitMap*) 0x000001616a05a6c0
 Bits: [0x0000016174b70000, 0x0000016175370000)

Polling page: 0x000001616a100000

Metaspace:

Usage:
  Non-class:     46.09 MB used.
      Class:      7.78 MB used.
       Both:     53.87 MB used.

Virtual space:
  Non-class space:       64.00 MB reserved,      47.06 MB ( 74%) committed,  1 nodes.
      Class space:      320.00 MB reserved,       8.75 MB (  3%) committed,  1 nodes.
             Both:      384.00 MB reserved,      55.81 MB ( 15%) committed. 

Chunk freelists:
   Non-Class:  752.00 KB
       Class:  7.17 MB
        Both:  7.90 MB

MaxMetaspaceSize: 384.00 MB
CompressedClassSpaceSize: 320.00 MB
Initial GC threshold: 21.00 MB
Current GC threshold: 59.81 MB
CDS: on
 - commit_granule_bytes: 65536.
 - commit_granule_words: 8192.
 - virtual_space_node_default_size: 8388608.
 - enlarge_chunks_in_place: 1.
 - use_allocation_guard: 0.


Internal statistics:

num_allocs_failed_limit: 12.
num_arena_births: 3366.
num_arena_deaths: 0.
num_vsnodes_births: 2.
num_vsnodes_deaths: 0.
num_space_committed: 893.
num_space_uncommitted: 0.
num_chunks_returned_to_freelist: 12.
num_chunks_taken_from_freelist: 6112.
num_chunk_merges: 9.
num_chunk_splits: 3885.
num_chunks_enlarged: 2322.
num_inconsistent_stats: 0.

CodeHeap 'non-profiled nmethods': size=120000Kb used=3866Kb max_used=3866Kb free=116133Kb
 bounds [0x0000016107ad0000, 0x0000016107ea0000, 0x000001610f000000]
CodeHeap 'profiled nmethods': size=120000Kb used=11919Kb max_used=11919Kb free=108080Kb
 bounds [0x0000016100000000, 0x0000016100bb0000, 0x0000016107530000]
CodeHeap 'non-nmethods': size=5760Kb used=2743Kb max_used=2808Kb free=3016Kb
 bounds [0x0000016107530000, 0x0000016107810000, 0x0000016107ad0000]
 total_blobs=7085 nmethods=6214 adapters=775
 compilation: enabled
              stopped_count=0, restarted_count=0
 full_count=0

Compilation events (20 events):
Event: 7.908 Thread 0x0000016178001920 nmethod 6717 0x0000016100b9d310 code [0x0000016100b9d4c0, 0x0000016100b9d6f0]
Event: 7.908 Thread 0x0000016178001920 6718       3       java.util.concurrent.ConcurrentHashMap$ValueIterator::<init> (12 bytes)
Event: 7.908 Thread 0x0000016178001920 nmethod 6718 0x0000016100b9d810 code [0x0000016100b9d9c0, 0x0000016100b9daf8]
Event: 7.909 Thread 0x0000016178001920 6719       3       java.lang.ProcessEnvironment$CheckedEntrySet$1::hasNext (10 bytes)
Event: 7.909 Thread 0x0000016178001920 nmethod 6719 0x0000016100b9db90 code [0x0000016100b9dd40, 0x0000016100b9df18]
Event: 7.909 Thread 0x0000016178001920 6720       3       java.lang.ProcessEnvironment$CheckedEntrySet$1::next (5 bytes)
Event: 7.909 Thread 0x0000016178001920 nmethod 6720 0x0000016100b9e010 code [0x0000016100b9e1e0, 0x0000016100b9e6b0]
Event: 7.910 Thread 0x0000016178001920 6721       3       java.lang.ProcessEnvironment$CheckedEntry::getValue (5 bytes)
Event: 7.910 Thread 0x0000016178001920 nmethod 6721 0x0000016100b9e810 code [0x0000016100b9e9e0, 0x0000016100b9ed18]
Event: 7.910 Thread 0x0000016178001920 6722       3       java.lang.ProcessEnvironment$CheckedEntry::getValue (13 bytes)
Event: 7.910 Thread 0x0000016178001920 nmethod 6722 0x0000016100b9ee10 code [0x0000016100b9efc0, 0x0000016100b9f288]
Event: 7.932 Thread 0x0000016178403760 nmethod 6713 0x0000016107e94690 code [0x0000016107e94920, 0x0000016107e95cf8]
Event: 7.962 Thread 0x0000016178001920 6724   !   3       java.util.concurrent.LinkedBlockingQueue::poll (128 bytes)
Event: 7.964 Thread 0x0000016178001920 nmethod 6724 0x0000016100b9f390 code [0x0000016100b9f7c0, 0x0000016100ba15e8]
Event: 7.977 Thread 0x0000016178001920 6725   !   3       org.gradle.launcher.daemon.server.exec.DaemonConnectionBackedEventConsumer$ForwardEvents::getNextEvent (27 bytes)
Event: 7.977 Thread 0x0000016178001920 nmethod 6725 0x0000016100ba2290 code [0x0000016100ba2440, 0x0000016100ba26b8]
Event: 7.977 Thread 0x0000016178001920 6726   !   3       java.lang.Thread::beforeSleep (33 bytes)
Event: 7.977 Thread 0x0000016178001920 nmethod 6726 0x0000016100ba2810 code [0x0000016100ba29c0, 0x0000016100ba2b88]
Event: 7.977 Thread 0x0000016178001920 6727       3       jdk.internal.event.ThreadSleepEvent::isTurnedOn (7 bytes)
Event: 7.977 Thread 0x0000016178001920 nmethod 6727 0x0000016100ba2c90 code [0x0000016100ba2e40, 0x0000016100ba2f90]

GC Heap History (16 events):
Event: 0.426 GC heap before
{Heap before GC invocations=0 (full 0):
 garbage-first heap   total 262144K, used 22528K [0x00000000e0000000, 0x0000000100000000)
  region size 1024K, 23 young (23552K), 0 survivors (0K)
 Metaspace       used 1114K, committed 1216K, reserved 393216K
  class space    used 78K, committed 128K, reserved 327680K
}
Event: 0.429 GC heap after
{Heap after GC invocations=1 (full 0):
 garbage-first heap   total 262144K, used 4042K [0x00000000e0000000, 0x0000000100000000)
  region size 1024K, 3 young (3072K), 3 survivors (3072K)
 Metaspace       used 1114K, committed 1216K, reserved 393216K
  class space    used 78K, committed 128K, reserved 327680K
}
Event: 0.988 GC heap before
{Heap before GC invocations=1 (full 0):
 garbage-first heap   total 262144K, used 40906K [0x00000000e0000000, 0x0000000100000000)
  region size 1024K, 36 young (36864K), 3 survivors (3072K)
 Metaspace       used 4403K, committed 4608K, reserved 393216K
  class space    used 532K, committed 640K, reserved 327680K
}
Event: 0.991 GC heap after
{Heap after GC invocations=2 (full 0):
 garbage-first heap   total 262144K, used 12416K [0x00000000e0000000, 0x0000000100000000)
  region size 1024K, 4 young (4096K), 4 survivors (4096K)
 Metaspace       used 4403K, committed 4608K, reserved 393216K
  class space    used 532K, committed 640K, reserved 327680K
}
Event: 1.480 GC heap before
{Heap before GC invocations=2 (full 0):
 garbage-first heap   total 262144K, used 61568K [0x00000000e0000000, 0x0000000100000000)
  region size 1024K, 50 young (51200K), 4 survivors (4096K)
 Metaspace       used 5425K, committed 5632K, reserved 393216K
  class space    used 696K, committed 832K, reserved 327680K
}
Event: 1.485 GC heap after
{Heap after GC invocations=3 (full 0):
 garbage-first heap   total 262144K, used 17798K [0x00000000e0000000, 0x0000000100000000)
  region size 1024K, 7 young (7168K), 7 survivors (7168K)
 Metaspace       used 5425K, committed 5632K, reserved 393216K
  class space    used 696K, committed 832K, reserved 327680K
}
Event: 3.180 GC heap before
{Heap before GC invocations=3 (full 0):
 garbage-first heap   total 262144K, used 105862K [0x00000000e0000000, 0x0000000100000000)
  region size 1024K, 94 young (96256K), 7 survivors (7168K)
 Metaspace       used 20813K, committed 21504K, reserved 393216K
  class space    used 2974K, committed 3328K, reserved 327680K
}
Event: 3.190 GC heap after
{Heap after GC invocations=4 (full 0):
 garbage-first heap   total 262144K, used 25151K [0x00000000e0000000, 0x0000000100000000)
  region size 1024K, 15 young (15360K), 15 survivors (15360K)
 Metaspace       used 20813K, committed 21504K, reserved 393216K
  class space    used 2974K, committed 3328K, reserved 327680K
}
Event: 4.861 GC heap before
{Heap before GC invocations=5 (full 0):
 garbage-first heap   total 262144K, used 119359K [0x00000000e0000000, 0x0000000100000000)
  region size 1024K, 108 young (110592K), 15 survivors (15360K)
 Metaspace       used 34656K, committed 35968K, reserved 393216K
  class space    used 5022K, committed 5696K, reserved 327680K
}
Event: 4.871 GC heap after
{Heap after GC invocations=6 (full 0):
 garbage-first heap   total 262144K, used 31728K [0x00000000e0000000, 0x0000000100000000)
  region size 1024K, 14 young (14336K), 14 survivors (14336K)
 Metaspace       used 34656K, committed 35968K, reserved 393216K
  class space    used 5022K, committed 5696K, reserved 327680K
}
Event: 4.911 GC heap before
{Heap before GC invocations=6 (full 0):
 garbage-first heap   total 262144K, used 33776K [0x00000000e0000000, 0x0000000100000000)
  region size 1024K, 17 young (17408K), 14 survivors (14336K)
 Metaspace       used 35066K, committed 36288K, reserved 393216K
  class space    used 5085K, committed 5696K, reserved 327680K
}
Event: 4.920 GC heap after
{Heap after GC invocations=7 (full 0):
 garbage-first heap   total 262144K, used 32077K [0x00000000e0000000, 0x0000000100000000)
  region size 1024K, 8 young (8192K), 8 survivors (8192K)
 Metaspace       used 35066K, committed 36288K, reserved 393216K
  class space    used 5085K, committed 5696K, reserved 327680K
}
Event: 4.933 GC heap before
{Heap before GC invocations=7 (full 0):
 garbage-first heap   total 262144K, used 33101K [0x00000000e0000000, 0x0000000100000000)
  region size 1024K, 11 young (11264K), 8 survivors (8192K)
 Metaspace       used 35301K, committed 36608K, reserved 393216K
  class space    used 5101K, committed 5760K, reserved 327680K
}
Event: 4.938 GC heap after
{Heap after GC invocations=8 (full 0):
 garbage-first heap   total 262144K, used 32226K [0x00000000e0000000, 0x0000000100000000)
  region size 1024K, 8 young (8192K), 8 survivors (8192K)
 Metaspace       used 35301K, committed 36608K, reserved 393216K
  class space    used 5101K, committed 5760K, reserved 327680K
}
Event: 6.979 GC heap before
{Heap before GC invocations=9 (full 0):
 garbage-first heap   total 262144K, used 186850K [0x00000000e0000000, 0x0000000100000000)
  region size 1024K, 153 young (156672K), 8 survivors (8192K)
 Metaspace       used 49294K, committed 51008K, reserved 393216K
  class space    used 7014K, committed 7872K, reserved 327680K
}
Event: 6.990 GC heap after
{Heap after GC invocations=10 (full 0):
 garbage-first heap   total 262144K, used 41570K [0x00000000e0000000, 0x0000000100000000)
  region size 1024K, 17 young (17408K), 17 survivors (17408K)
 Metaspace       used 49294K, committed 51008K, reserved 393216K
  class space    used 7014K, committed 7872K, reserved 327680K
}

Dll operation events (15 events):
Event: 0.007 Loaded shared library C:\Program Files\Java\jdk-21\bin\java.dll
Event: 0.038 Loaded shared library C:\Program Files\Java\jdk-21\bin\jsvml.dll
Event: 0.076 Loaded shared library C:\Program Files\Java\jdk-21\bin\zip.dll
Event: 0.080 Loaded shared library C:\Program Files\Java\jdk-21\bin\instrument.dll
Event: 0.083 Loaded shared library C:\Program Files\Java\jdk-21\bin\net.dll
Event: 0.085 Loaded shared library C:\Program Files\Java\jdk-21\bin\nio.dll
Event: 0.088 Loaded shared library C:\Program Files\Java\jdk-21\bin\zip.dll
Event: 0.327 Loaded shared library C:\Program Files\Java\jdk-21\bin\jimage.dll
Event: 0.484 Loaded shared library C:\Program Files\Java\jdk-21\bin\verify.dll
Event: 0.631 Loaded shared library C:\Users\Alienware 17-R5 Dell\.gradle\native\c067742578af261105cb4f569cf0c3c89f3d7b1fecec35dd04571415982c5e48\windows-amd64\native-platform.dll
Event: 0.636 Loaded shared library C:\Users\Alienware 17-R5 Dell\.gradle\native\100fb08df4bc3b14c8652ba06237920a3bd2aa13389f12d3474272988ae205f9\windows-amd64\native-platform-file-events.dll
Event: 1.608 Loaded shared library C:\Program Files\Java\jdk-21\bin\management.dll
Event: 1.610 Loaded shared library C:\Program Files\Java\jdk-21\bin\management_ext.dll
Event: 1.781 Loaded shared library C:\Program Files\Java\jdk-21\bin\extnet.dll
Event: 1.887 Loaded shared library C:\Program Files\Java\jdk-21\bin\sunmscapi.dll

Deoptimization events (20 events):
Event: 7.885 Thread 0x000001617d5aecd0 Uncommon trap: trap_request=0xffffffde fr.pc=0x0000016107e70978 relative=0x0000000000001058
Event: 7.885 Thread 0x000001617d5aecd0 Uncommon trap: reason=class_check action=maybe_recompile pc=0x0000016107e70978 method=java.util.concurrent.ConcurrentHashMap.putVal(Ljava/lang/Object;Ljava/lang/Object;Z)Ljava/lang/Object; @ 159 c2
Event: 7.885 Thread 0x000001617d5aecd0 DEOPT PACKING pc=0x0000016107e70978 sp=0x000000055a4feb70
Event: 7.885 Thread 0x000001617d5aecd0 DEOPT UNPACKING pc=0x00000161075846a2 sp=0x000000055a4feb10 mode 2
Event: 7.885 Thread 0x000001617d5aecd0 Uncommon trap: trap_request=0xffffffde fr.pc=0x0000016107e70978 relative=0x0000000000001058
Event: 7.885 Thread 0x000001617d5aecd0 Uncommon trap: reason=class_check action=maybe_recompile pc=0x0000016107e70978 method=java.util.concurrent.ConcurrentHashMap.putVal(Ljava/lang/Object;Ljava/lang/Object;Z)Ljava/lang/Object; @ 159 c2
Event: 7.885 Thread 0x000001617d5aecd0 DEOPT PACKING pc=0x0000016107e70978 sp=0x000000055a4feb70
Event: 7.885 Thread 0x000001617d5aecd0 DEOPT UNPACKING pc=0x00000161075846a2 sp=0x000000055a4feb10 mode 2
Event: 7.886 Thread 0x000001617eaacff0 Uncommon trap: trap_request=0xffffffde fr.pc=0x0000016107e70978 relative=0x0000000000001058
Event: 7.886 Thread 0x000001617eaacff0 Uncommon trap: reason=class_check action=maybe_recompile pc=0x0000016107e70978 method=java.util.concurrent.ConcurrentHashMap.putVal(Ljava/lang/Object;Ljava/lang/Object;Z)Ljava/lang/Object; @ 159 c2
Event: 7.886 Thread 0x000001617eaacff0 DEOPT PACKING pc=0x0000016107e70978 sp=0x000000055a9fc9f0
Event: 7.886 Thread 0x000001617eaacff0 DEOPT UNPACKING pc=0x00000161075846a2 sp=0x000000055a9fc970 mode 2
Event: 7.886 Thread 0x000001617eaacff0 Uncommon trap: trap_request=0xffffff45 fr.pc=0x0000016107cf1600 relative=0x00000000000001c0
Event: 7.886 Thread 0x000001617eaacff0 Uncommon trap: reason=unstable_if action=reinterpret pc=0x0000016107cf1600 method=java.lang.invoke.MethodType.equals(Ljava/lang/Object;)Z @ 11 c2
Event: 7.886 Thread 0x000001617eaacff0 DEOPT PACKING pc=0x0000016107cf1600 sp=0x000000055a9fc8c0
Event: 7.886 Thread 0x000001617eaacff0 DEOPT UNPACKING pc=0x00000161075846a2 sp=0x000000055a9fc888 mode 2
Event: 7.886 Thread 0x000001617eaacff0 Uncommon trap: trap_request=0xffffff54 fr.pc=0x0000016107c349f0 relative=0x0000000000000e70
Event: 7.886 Thread 0x000001617eaacff0 Uncommon trap: reason=speculate_null_assert action=make_not_entrant pc=0x0000016107c349f0 method=java.lang.invoke.MethodType$ConcurrentWeakInternSet.add(Ljava/lang/Object;)Ljava/lang/Object; @ 47 c2
Event: 7.886 Thread 0x000001617eaacff0 DEOPT PACKING pc=0x0000016107c349f0 sp=0x000000055a9fcaa0
Event: 7.886 Thread 0x000001617eaacff0 DEOPT UNPACKING pc=0x00000161075846a2 sp=0x000000055a9fca48 mode 2

Classes loaded (20 events):
Event: 7.916 Loading class java/lang/Process$PipeInputStream
Event: 7.916 Loading class java/lang/Process$PipeInputStream done
Event: 7.916 Loading class jdk/internal/event/ProcessStartEvent
Event: 7.916 Loading class jdk/internal/event/ProcessStartEvent done
Event: 7.916 Loading class jdk/internal/logger/LazyLoggers
Event: 7.916 Loading class jdk/internal/logger/LazyLoggers done
Event: 7.917 Loading class jdk/internal/logger/LazyLoggers$1
Event: 7.917 Loading class jdk/internal/logger/LazyLoggers$1 done
Event: 7.917 Loading class jdk/internal/logger/LazyLoggers$LazyLoggerFactories
Event: 7.917 Loading class jdk/internal/logger/LazyLoggers$LazyLoggerFactories done
Event: 7.917 Loading class jdk/internal/logger/LoggerFinderLoader
Event: 7.918 Loading class jdk/internal/logger/LoggerFinderLoader done
Event: 7.918 Loading class jdk/internal/logger/LoggerFinderLoader$TemporaryLoggerFinder
Event: 7.918 Loading class jdk/internal/logger/LoggerFinderLoader$TemporaryLoggerFinder done
Event: 7.918 Loading class sun/util/logging/internal/LoggingProviderImpl$JULWrapper
Event: 7.919 Loading class sun/util/logging/PlatformLogger$ConfigurableBridge$LoggerConfiguration
Event: 7.919 Loading class sun/util/logging/PlatformLogger$ConfigurableBridge$LoggerConfiguration done
Event: 7.919 Loading class sun/util/logging/internal/LoggingProviderImpl$JULWrapper done
Event: 7.919 Loading class java/lang/System$Logger$Level
Event: 7.919 Loading class java/lang/System$Logger$Level done

Classes unloaded (0 events):
No events

Classes redefined (0 events):
No events

Internal exceptions (20 events):
Event: 7.675 Thread 0x000001617e550290 Exception <a 'java/lang/ClassNotFoundException'{0x00000000ec238ee8}: org/gradle/api/internal/artifacts/DefaultArtifactRepositoryContainerCustomizer> (0x00000000ec238ee8) 
thrown [s\open\src\hotspot\share\classfile\systemDictionary.cpp, line 312]
Event: 7.678 Thread 0x000001617e550290 Exception <a 'java/lang/ClassNotFoundException'{0x00000000ec284880}: org/gradle/api/internal/artifacts/dsl/DefaultRepositoryHandlerCustomizer> (0x00000000ec284880) 
thrown [s\open\src\hotspot\share\classfile\systemDictionary.cpp, line 312]
Event: 7.681 Thread 0x000001617e550290 Exception <a 'java/lang/ClassNotFoundException'{0x00000000ec2deee8}: org/gradle/api/internal/artifacts/dsl/DefaultRepositoryHandler_DecoratedCustomizer> (0x00000000ec2deee8) 
thrown [s\open\src\hotspot\share\classfile\systemDictionary.cpp, line 312]
Event: 7.707 Thread 0x000001617e550290 Exception <a 'java/lang/ClassNotFoundException'{0x00000000ebede7e8}: org/gradle/api/internal/tasks/DefaultTaskContainer_DecoratedBeanInfo> (0x00000000ebede7e8) 
thrown [s\open\src\hotspot\share\classfile\systemDictionary.cpp, line 312]
Event: 7.707 Thread 0x000001617e550290 Exception <a 'java/lang/ClassNotFoundException'{0x00000000ebef1b90}: org/gradle/api/internal/tasks/DefaultTaskContainerBeanInfo> (0x00000000ebef1b90) 
thrown [s\open\src\hotspot\share\classfile\systemDictionary.cpp, line 312]
Event: 7.708 Thread 0x000001617e550290 Exception <a 'java/lang/ClassNotFoundException'{0x00000000ebd051c0}: org/gradle/api/internal/tasks/DefaultTaskCollectionBeanInfo> (0x00000000ebd051c0) 
thrown [s\open\src\hotspot\share\classfile\systemDictionary.cpp, line 312]
Event: 7.709 Thread 0x000001617e550290 Exception <a 'java/lang/ClassNotFoundException'{0x00000000ebd18820}: org/gradle/api/internal/DefaultNamedDomainObjectSetBeanInfo> (0x00000000ebd18820) 
thrown [s\open\src\hotspot\share\classfile\systemDictionary.cpp, line 312]
Event: 7.710 Thread 0x000001617e550290 Exception <a 'java/lang/ClassNotFoundException'{0x00000000ebd2be60}: org/gradle/api/internal/DefaultNamedDomainObjectSetCustomizer> (0x00000000ebd2be60) 
thrown [s\open\src\hotspot\share\classfile\systemDictionary.cpp, line 312]
Event: 7.713 Thread 0x000001617e550290 Exception <a 'java/lang/ClassNotFoundException'{0x00000000ebd6e6a8}: org/gradle/api/internal/tasks/DefaultTaskCollectionCustomizer> (0x00000000ebd6e6a8) 
thrown [s\open\src\hotspot\share\classfile\systemDictionary.cpp, line 312]
Event: 7.717 Thread 0x000001617e550290 Exception <a 'java/lang/ClassNotFoundException'{0x00000000ebdd5b90}: org/gradle/api/internal/tasks/DefaultTaskContainerCustomizer> (0x00000000ebdd5b90) 
thrown [s\open\src\hotspot\share\classfile\systemDictionary.cpp, line 312]
Event: 7.719 Thread 0x000001617e550290 Exception <a 'java/lang/ClassNotFoundException'{0x00000000ebc645e0}: org/gradle/api/internal/tasks/DefaultTaskContainer_DecoratedCustomizer> (0x00000000ebc645e0) 
thrown [s\open\src\hotspot\share\classfile\systemDictionary.cpp, line 312]
Event: 7.727 Thread 0x000001617e550290 Exception <a 'java/lang/NoSuchMethodError'{0x00000000ebcf2908}: 'void java.lang.invoke.DirectMethodHandle$Holder.invokeInterface(java.lang.Object, java.lang.Object, java.lang.Object, java.lang.Object)'> (0x00000000ebcf2908) 
thrown [s\open\src\hotspot\share\interpreter\linkResolver.cpp, line 773]
Event: 7.822 Thread 0x000001617e550290 Exception <a 'java/lang/NoSuchMethodError'{0x00000000eb68f280}: 'int java.lang.invoke.DirectMethodHandle$Holder.invokeSpecialIFC(java.lang.Object, java.lang.Object, java.lang.Object, java.lang.Object, java.lang.Object)'> (0x00000000eb68f280) 
thrown [s\open\src\hotspot\share\interpreter\linkResolver.cpp, line 773]
Event: 7.867 Thread 0x000001617e550290 Exception <a 'java/lang/NoSuchMethodError'{0x00000000eb294498}: 'java.lang.Object java.lang.invoke.DirectMethodHandle$Holder.newInvokeSpecial(java.lang.Object, java.lang.Object, java.lang.Object, java.lang.Object, java.lang.Object, java.lang.Object, int)'> (0x00000000eb294498) 
thrown [s\open\src\hotspot\share\interpreter\linkResolver.cpp, line 773]
Event: 7.867 Thread 0x000001617e550290 Exception <a 'java/lang/NoSuchMethodError'{0x00000000eb299390}: 'java.lang.Object java.lang.invoke.DirectMethodHandle$Holder.invokeSpecial(java.lang.Object, java.lang.Object, java.lang.Object, java.lang.Object, java.lang.Object, java.lang.Object, java.lang.Object, int)'> (0x00000000eb299390) 
thrown [s\open\src\hotspot\share\interpreter\linkResolver.cpp, line 773]
Event: 7.868 Thread 0x000001617e550290 Exception <a 'java/lang/NoSuchMethodError'{0x00000000eb29dc60}: 'java.lang.Object java.lang.invoke.Invokers$Holder.linkToTargetMethod(java.lang.Object, java.lang.Object, java.lang.Object, java.lang.Object, java.lang.Object, int, java.lang.Object)'> (0x00000000eb29dc60) 
thrown [s\open\src\hotspot\share\interpreter\linkResolver.cpp, line 773]
Event: 7.878 Thread 0x000001617d5aecd0 Implicit null exception at 0x0000016107d91407 to 0x0000016107d914e8
Event: 7.879 Thread 0x000001617eaad680 Implicit null exception at 0x0000016107e6948b to 0x0000016107e6955c
Event: 7.912 Thread 0x000001617eaaaf20 Exception <a 'java/lang/NoSuchMethodError'{0x00000000eae0d838}: 'void java.lang.invoke.DirectMethodHandle$Holder.invokeStatic(java.lang.Object, long)'> (0x00000000eae0d838) 
thrown [s\open\src\hotspot\share\interpreter\linkResolver.cpp, line 773]
Event: 7.915 Thread 0x000001617eaaaf20 Exception <a 'java/lang/NoSuchMethodError'{0x00000000eae17ba0}: 'java.lang.Object java.lang.invoke.DirectMethodHandle$Holder.invokeStaticInit(java.lang.Object, long, java.lang.Object)'> (0x00000000eae17ba0) 
thrown [s\open\src\hotspot\share\interpreter\linkResolver.cpp, line 773]

ZGC Phase Switch (0 events):
No events

VM Operations (20 events):
Event: 6.119 Executing VM operation: HandshakeAllThreads (Deoptimize)
Event: 6.119 Executing VM operation: HandshakeAllThreads (Deoptimize) done
Event: 6.151 Executing VM operation: ICBufferFull
Event: 6.151 Executing VM operation: ICBufferFull done
Event: 6.290 Executing VM operation: HandshakeAllThreads (Deoptimize)
Event: 6.290 Executing VM operation: HandshakeAllThreads (Deoptimize) done
Event: 6.676 Executing VM operation: ICBufferFull
Event: 6.676 Executing VM operation: ICBufferFull done
Event: 6.788 Executing VM operation: HandshakeAllThreads (Deoptimize)
Event: 6.788 Executing VM operation: HandshakeAllThreads (Deoptimize) done
Event: 6.932 Executing VM operation: ICBufferFull
Event: 6.932 Executing VM operation: ICBufferFull done
Event: 6.979 Executing VM operation: G1CollectForAllocation (G1 Evacuation Pause)
Event: 6.990 Executing VM operation: G1CollectForAllocation (G1 Evacuation Pause) done
Event: 7.301 Executing VM operation: ICBufferFull
Event: 7.301 Executing VM operation: ICBufferFull done
Event: 7.558 Executing VM operation: ICBufferFull
Event: 7.558 Executing VM operation: ICBufferFull done
Event: 7.804 Executing VM operation: ICBufferFull
Event: 7.804 Executing VM operation: ICBufferFull done

Events (20 events):
Event: 6.975 Thread 0x000001617d5b1ac0 Thread added: 0x000001617d5b1ac0
Event: 6.975 Thread 0x000001617d5acc00 Thread added: 0x000001617d5acc00
Event: 6.976 Thread 0x000001617d5b4220 Thread added: 0x000001617d5b4220
Event: 6.977 Thread 0x000001617d5ad920 Thread added: 0x000001617d5ad920
Event: 7.238 Thread 0x000001617d5adfb0 Thread added: 0x000001617d5adfb0
Event: 7.592 Thread 0x000001617d5ae640 Thread added: 0x000001617d5ae640
Event: 7.878 Thread 0x000001617d5aecd0 Thread added: 0x000001617d5aecd0
Event: 7.878 Thread 0x000001617d5af360 Thread added: 0x000001617d5af360
Event: 7.878 Thread 0x000001617d5b0080 Thread added: 0x000001617d5b0080
Event: 7.878 Thread 0x000001617eab1820 Thread added: 0x000001617eab1820
Event: 7.878 Thread 0x000001617eaac960 Thread added: 0x000001617eaac960
Event: 7.878 Thread 0x000001617eaacff0 Thread added: 0x000001617eaacff0
Event: 7.878 Thread 0x000001617eaac2d0 Thread added: 0x000001617eaac2d0
Event: 7.879 Thread 0x000001617eaad680 Thread added: 0x000001617eaad680
Event: 7.879 Thread 0x000001617eab1190 Thread added: 0x000001617eab1190
Event: 7.880 Thread 0x000001617eab1eb0 Thread added: 0x000001617eab1eb0
Event: 7.880 Thread 0x000001617eab0b00 Thread added: 0x000001617eab0b00
Event: 7.906 Thread 0x000001617eaaaf20 Thread added: 0x000001617eaaaf20
Event: 7.922 Thread 0x000001617eaafde0 Thread added: 0x000001617eaafde0
Event: 7.923 Thread 0x000001617eaabc40 Thread added: 0x000001617eaabc40


Dynamic libraries:
0x00007ff750960000 - 0x00007ff750970000 	C:\Program Files\Java\jdk-21\bin\java.exe
0x00007ffe48510000 - 0x00007ffe48708000 	C:\WINDOWS\SYSTEM32\ntdll.dll
0x00007ffe47a60000 - 0x00007ffe47b22000 	C:\WINDOWS\System32\KERNEL32.DLL
0x00007ffe45fe0000 - 0x00007ffe462d6000 	C:\WINDOWS\System32\KERNELBASE.dll
0x00007ffe46440000 - 0x00007ffe46540000 	C:\WINDOWS\System32\ucrtbase.dll
0x00007ffe3d720000 - 0x00007ffe3d739000 	C:\Program Files\Java\jdk-21\bin\jli.dll
0x00007ffe3d700000 - 0x00007ffe3d71b000 	C:\Program Files\Java\jdk-21\bin\VCRUNTIME140.dll
0x00007ffe470e0000 - 0x00007ffe4718f000 	C:\WINDOWS\System32\ADVAPI32.dll
0x00007ffe47300000 - 0x00007ffe4739e000 	C:\WINDOWS\System32\msvcrt.dll
0x00007ffe47200000 - 0x00007ffe4729f000 	C:\WINDOWS\System32\sechost.dll
0x00007ffe46610000 - 0x00007ffe46733000 	C:\WINDOWS\System32\RPCRT4.dll
0x00007ffe45d30000 - 0x00007ffe45d57000 	C:\WINDOWS\System32\bcrypt.dll
0x00007ffe46d80000 - 0x00007ffe46f1d000 	C:\WINDOWS\System32\USER32.dll
0x00007ffe45d60000 - 0x00007ffe45d82000 	C:\WINDOWS\System32\win32u.dll
0x00007ffe315c0000 - 0x00007ffe3185a000 	C:\WINDOWS\WinSxS\amd64_microsoft.windows.common-controls_6595b64144ccf1df_6.0.19041.5794_none_60bcd33171f2783c\COMCTL32.dll
0x00007ffe47520000 - 0x00007ffe4754b000 	C:\WINDOWS\System32\GDI32.dll
0x00007ffe45d90000 - 0x00007ffe45eaa000 	C:\WINDOWS\System32\gdi32full.dll
0x00007ffe45c90000 - 0x00007ffe45d2d000 	C:\WINDOWS\System32\msvcp_win.dll
0x00007ffe3ee00000 - 0x00007ffe3ee0a000 	C:\WINDOWS\SYSTEM32\VERSION.dll
0x00007ffe474f0000 - 0x00007ffe4751f000 	C:\WINDOWS\System32\IMM32.DLL
0x00007ffe41cc0000 - 0x00007ffe41ccc000 	C:\Program Files\Java\jdk-21\bin\vcruntime140_1.dll
0x00007ffe2b830000 - 0x00007ffe2b8be000 	C:\Program Files\Java\jdk-21\bin\msvcp140.dll
0x00007ffe0e6e0000 - 0x00007ffe0f3fa000 	C:\Program Files\Java\jdk-21\bin\server\jvm.dll
0x00007ffe47cf0000 - 0x00007ffe47d5b000 	C:\WINDOWS\System32\WS2_32.dll
0x00007ffe454e0000 - 0x00007ffe4552b000 	C:\WINDOWS\SYSTEM32\POWRPROF.dll
0x00007ffe37210000 - 0x00007ffe37237000 	C:\WINDOWS\SYSTEM32\WINMM.dll
0x00007ffe454c0000 - 0x00007ffe454d2000 	C:\WINDOWS\SYSTEM32\UMPDC.dll
0x00007ffe44390000 - 0x00007ffe443a2000 	C:\WINDOWS\SYSTEM32\kernel.appcore.dll
0x00007ffe3d150000 - 0x00007ffe3d15a000 	C:\Program Files\Java\jdk-21\bin\jimage.dll
0x00007ffe438e0000 - 0x00007ffe43ae1000 	C:\WINDOWS\SYSTEM32\DBGHELP.DLL
0x00007ffe30380000 - 0x00007ffe303b4000 	C:\WINDOWS\SYSTEM32\dbgcore.DLL
0x00007ffe45c00000 - 0x00007ffe45c82000 	C:\WINDOWS\System32\bcryptPrimitives.dll
0x00007ffe3d140000 - 0x00007ffe3d14f000 	C:\Program Files\Java\jdk-21\bin\instrument.dll
0x00007ffe39dc0000 - 0x00007ffe39ddf000 	C:\Program Files\Java\jdk-21\bin\java.dll
0x00007ffe47d60000 - 0x00007ffe484ce000 	C:\WINDOWS\System32\SHELL32.dll
0x00007ffe43bd0000 - 0x00007ffe44373000 	C:\WINDOWS\SYSTEM32\windows.storage.dll
0x00007ffe47700000 - 0x00007ffe47a53000 	C:\WINDOWS\System32\combase.dll
0x00007ffe45490000 - 0x00007ffe454bb000 	C:\WINDOWS\SYSTEM32\Wldp.dll
0x00007ffe47420000 - 0x00007ffe474ed000 	C:\WINDOWS\System32\OLEAUT32.dll
0x00007ffe47630000 - 0x00007ffe476dd000 	C:\WINDOWS\System32\SHCORE.dll
0x00007ffe472a0000 - 0x00007ffe472f5000 	C:\WINDOWS\System32\shlwapi.dll
0x00007ffe45ae0000 - 0x00007ffe45b05000 	C:\WINDOWS\SYSTEM32\profapi.dll
0x00007ffe1e0e0000 - 0x00007ffe1e1b7000 	C:\Program Files\Java\jdk-21\bin\jsvml.dll
0x00007ffe38050000 - 0x00007ffe38068000 	C:\Program Files\Java\jdk-21\bin\zip.dll
0x00007ffe3d130000 - 0x00007ffe3d140000 	C:\Program Files\Java\jdk-21\bin\net.dll
0x00007ffe3dd40000 - 0x00007ffe3de4a000 	C:\WINDOWS\SYSTEM32\WINHTTP.dll
0x00007ffe45270000 - 0x00007ffe452dc000 	C:\WINDOWS\system32\mswsock.dll
0x00007ffe38030000 - 0x00007ffe38046000 	C:\Program Files\Java\jdk-21\bin\nio.dll
0x00007ffe39db0000 - 0x00007ffe39dc0000 	C:\Program Files\Java\jdk-21\bin\verify.dll
0x00007ffe1e1c0000 - 0x00007ffe1e1e7000 	C:\Users\Alienware 17-R5 Dell\.gradle\native\c067742578af261105cb4f569cf0c3c89f3d7b1fecec35dd04571415982c5e48\windows-amd64\native-platform.dll
0x00007ffe17ae0000 - 0x00007ffe17c24000 	C:\Users\Alienware 17-R5 Dell\.gradle\native\100fb08df4bc3b14c8652ba06237920a3bd2aa13389f12d3474272988ae205f9\windows-amd64\native-platform-file-events.dll
0x00007ffe39290000 - 0x00007ffe3929a000 	C:\Program Files\Java\jdk-21\bin\management.dll
0x00007ffe38020000 - 0x00007ffe3802b000 	C:\Program Files\Java\jdk-21\bin\management_ext.dll
0x00007ffe471f0000 - 0x00007ffe471f8000 	C:\WINDOWS\System32\PSAPI.DLL
0x00007ffe45540000 - 0x00007ffe45558000 	C:\WINDOWS\SYSTEM32\CRYPTSP.dll
0x00007ffe44b50000 - 0x00007ffe44b88000 	C:\WINDOWS\system32\rsaenh.dll
0x00007ffe45a60000 - 0x00007ffe45a8e000 	C:\WINDOWS\SYSTEM32\USERENV.dll
0x00007ffe45400000 - 0x00007ffe4540c000 	C:\WINDOWS\SYSTEM32\CRYPTBASE.dll
0x00007ffe44f70000 - 0x00007ffe44fab000 	C:\WINDOWS\SYSTEM32\IPHLPAPI.DLL
0x00007ffe470d0000 - 0x00007ffe470d8000 	C:\WINDOWS\System32\NSI.dll
0x00007ffe38010000 - 0x00007ffe38019000 	C:\Program Files\Java\jdk-21\bin\extnet.dll
0x00007ffe38000000 - 0x00007ffe3800e000 	C:\Program Files\Java\jdk-21\bin\sunmscapi.dll
0x00007ffe462e0000 - 0x00007ffe4643d000 	C:\WINDOWS\System32\CRYPT32.dll
0x00007ffe45650000 - 0x00007ffe45677000 	C:\WINDOWS\SYSTEM32\ncrypt.dll
0x00007ffe45610000 - 0x00007ffe4564b000 	C:\WINDOWS\SYSTEM32\NTASN1.dll
0x00007ffe3f4c0000 - 0x00007ffe3f4c7000 	C:\WINDOWS\system32\wshunix.dll

dbghelp: loaded successfully - version: 4.0.5 - missing functions: none
symbol engine: initialized successfully - sym options: 0x614 - pdb path: .;C:\Program Files\Java\jdk-21\bin;C:\WINDOWS\SYSTEM32;C:\WINDOWS\WinSxS\amd64_microsoft.windows.common-controls_6595b64144ccf1df_6.0.19041.5794_none_60bcd33171f2783c;C:\Program Files\Java\jdk-21\bin\server;C:\Users\Alienware 17-R5 Dell\.gradle\native\c067742578af261105cb4f569cf0c3c89f3d7b1fecec35dd04571415982c5e48\windows-amd64;C:\Users\Alienware 17-R5 Dell\.gradle\native\100fb08df4bc3b14c8652ba06237920a3bd2aa13389f12d3474272988ae205f9\windows-amd64

VM Arguments:
jvm_args: --add-opens=java.base/java.util=ALL-UNNAMED --add-opens=java.base/java.lang=ALL-UNNAMED --add-opens=java.base/java.lang.invoke=ALL-UNNAMED --add-opens=java.prefs/java.util.prefs=ALL-UNNAMED --add-exports=jdk.compiler/com.sun.tools.javac.api=ALL-UNNAMED --add-exports=jdk.compiler/com.sun.tools.javac.util=ALL-UNNAMED --add-opens=java.base/java.nio.charset=ALL-UNNAMED --add-opens=java.base/java.net=ALL-UNNAMED --add-opens=java.base/java.util.concurrent.atomic=ALL-UNNAMED -XX:MaxMetaspaceSize=384m -XX:+HeapDumpOnOutOfMemoryError -Xms256m -Xmx512m -Dfile.encoding=UTF-8 -Duser.country=MX -Duser.language=es -Duser.variant -javaagent:C:\Users\Alienware 17-R5 Dell\.gradle\wrapper\dists\gradle-8.10-bin\deqhafrv1ntovfmgh0nh3npr9\gradle-8.10\lib\agents\gradle-instrumentation-agent-8.10.jar 
java_command: org.gradle.launcher.daemon.bootstrap.GradleDaemon 8.10
java_class_path (initial): C:\Users\Alienware 17-R5 Dell\.gradle\wrapper\dists\gradle-8.10-bin\deqhafrv1ntovfmgh0nh3npr9\gradle-8.10\lib\gradle-daemon-main-8.10.jar
Launcher Type: SUN_STANDARD

[Global flags]
     intx CICompilerCount                          = 4                                         {product} {ergonomic}
   size_t CompressedClassSpaceSize                 = 335544320                                 {product} {ergonomic}
     uint ConcGCThreads                            = 3                                         {product} {ergonomic}
     uint G1ConcRefinementThreads                  = 10                                        {product} {ergonomic}
   size_t G1HeapRegionSize                         = 1048576                                   {product} {ergonomic}
    uintx GCDrainStackTargetSize                   = 64                                        {product} {ergonomic}
     bool HeapDumpOnOutOfMemoryError               = true                                   {manageable} {command line}
   size_t InitialHeapSize                          = 268435456                                 {product} {command line}
   size_t MarkStackSize                            = 4194304                                   {product} {ergonomic}
   size_t MaxHeapSize                              = 536870912                                 {product} {command line}
   size_t MaxMetaspaceSize                         = 402653184                                 {product} {command line}
   size_t MaxNewSize                               = 321912832                                 {product} {ergonomic}
   size_t MinHeapDeltaBytes                        = 1048576                                   {product} {ergonomic}
   size_t MinHeapSize                              = 268435456                                 {product} {command line}
    uintx NonNMethodCodeHeapSize                   = 5839372                                {pd product} {ergonomic}
    uintx NonProfiledCodeHeapSize                  = 122909434                              {pd product} {ergonomic}
    uintx ProfiledCodeHeapSize                     = 122909434                              {pd product} {ergonomic}
    uintx ReservedCodeCacheSize                    = 251658240                              {pd product} {ergonomic}
     bool SegmentedCodeCache                       = true                                      {product} {ergonomic}
   size_t SoftMaxHeapSize                          = 536870912                              {manageable} {ergonomic}
     bool UseCompressedOops                        = true                           {product lp64_product} {ergonomic}
     bool UseG1GC                                  = true                                      {product} {ergonomic}
     bool UseLargePagesIndividualAllocation        = false                                  {pd product} {ergonomic}

Logging:
Log output configuration:
 #0: stdout all=warning uptime,level,tags foldmultilines=false
 #1: stderr all=off uptime,level,tags foldmultilines=false

Environment Variables:
PATH=C:\Program Files\Common Files\Oracle\Java\javapath;C:\Program Files (x86)\Common Files\Oracle\Java\java8path;C:\Program Files (x86)\Common Files\Oracle\Java\javapath;C:\Program Files\Microsoft SDKs\Azure\CLI2\wbin;C:\WINDOWS\system32;C:\WINDOWS;C:\WINDOWS\System32\Wbem;C:\WINDOWS\System32\WindowsPowerShell\v1.0\;C:\WINDOWS\System32\OpenSSH\;C:\Program Files (x86)\MKVtoolnix 4.9.1;C:\Program Files\Docker\Docker\resources\bin;C:\Program Files\Git\cmd;C:\Program Files\nodejs\;C:\Users\Alienware 17-R5 Dell\AppData\Local\Programs\Python\Python313\Scripts\;C:\Users\Alienware 17-R5 Dell\AppData\Local\Programs\Python\Python313\;C:\Users\Alienware 17-R5 Dell\AppData\Local\Programs\Python\Launcher\;C:\Users\Alienware 17-R5 Dell\AppData\Local\Microsoft\WindowsApps;;C:\Program Files\JetBrains\IntelliJ IDEA 2022.1.2\bin;;C:\Users\Alienware 17-R5 Dell\AppData\Local\Programs\Microsoft VS Code\bin;C:\Users\Alienware 17-R5 Dell\AppData\Roaming\npm
USERNAME=Alienware 17-R5 Dell
OS=Windows_NT
PROCESSOR_IDENTIFIER=Intel64 Family 6 Model 158 Stepping 10, GenuineIntel
TMP=C:\Users\ALIENW~1\AppData\Local\Temp
TEMP=C:\Users\ALIENW~1\AppData\Local\Temp




Periodic native trim disabled

---------------  S Y S T E M  ---------------

OS:
 Windows 10 , 64 bit Build 19041 (10.0.19041.5794)
OS uptime: 13 days 13:54 hours
Hyper-V role detected

CPU: total 12 (initial active 12) (6 cores per cpu, 2 threads per core) family 6 model 158 stepping 10 microcode 0xf0, cx8, cmov, fxsr, ht, mmx, 3dnowpref, sse, sse2, sse3, ssse3, sse4.1, sse4.2, popcnt, lzcnt, tsc, tscinvbit, avx, avx2, aes, erms, clmul, bmi1, bmi2, adx, fma, vzeroupper, clflush, clflushopt, hv, rdtscp, f16c
Processor Information for all 12 processors :
  Max Mhz: 2208, Current Mhz: 2208, Mhz Limit: 2208

Memory: 4k page, system-wide physical 16242M (3299M free)
TotalPageFile size 16742M (AvailPageFile size 62M)
current process WorkingSet (physical memory assigned to process): 385M, peak: 388M
current process commit charge ("private bytes"): 503M, peak: 505M

vm_info: Java HotSpot(TM) 64-Bit Server VM (21.0.7+8-LTS-245) for windows-amd64 JRE (21.0.7+8-LTS-245), built on 2025-02-21T05:11:27Z by "mach5one" with MS VC++ 17.6 (VS2022)

END.
